<html>
<body>
<pre>
<h1>µVision Build Log</h1>
<h2>Tool Versions:</h2>
IDE-Version: ¦ÌVision V5.24.2.0
Copyright (C) 2017 ARM Ltd and ARM Germany GmbH. All rights reserved.
License Information: 123 Administrator, 12, LIC=76FUH-WJ119-3MF9Q-NFINY-D8AHZ-XAFWT
 
Tool Versions:
Toolchain:       MDK-ARM Plus  Version: 5.24.1
Toolchain Path:  D:\Keil_v5\ARM\ARMCC\Bin
C Compiler:      Armcc.exe V5.06 update 5 (build 528)
Assembler:       Armasm.exe V5.06 update 5 (build 528)
Linker/Locator:  ArmLink.exe V5.06 update 5 (build 528)
Library Manager: ArmAr.exe V5.06 update 5 (build 528)
Hex Converter:   FromElf.exe V5.06 update 5 (build 528)
CPU DLL:         SARMCM3.DLL V5.24.1
Dialog DLL:      DCM.DLL V1.16.0.0
Target DLL:      Segger\JL2CM3.dll V2.99.23.0
Dialog DLL:      TCM.DLL V1.32.0.0
 
<h2>Project:</h2>
E:\grow\git\new-posys\no-gyr\MDK-ARM\demo.uvprojx
Project File Date:  09/05/2017

<h2>Output:</h2>
*** Using Compiler 'V5.06 update 5 (build 528)', folder: 'D:\Keil_v5\ARM\ARMCC\Bin'
Build target 'ACTION'
compiling stm32f4xx_it.c...
compiling calculate.c...
..\Action_User\calculate.c(154): warning:  #1035-D: single-precision operand implicitly converted to double-precision
  		realRobot[2]=gRobot[2]/3.141592*180.f;
..\Action_User\calculate.c(150): warning:  #550-D: variable "realRobot"  was set but never used
  	  static float realRobot[3]={0.f,0.f,0.f};
..\Action_User\calculate.c: 2 warnings, 0 errors
compiling main.c...
..\Action_User\main.c(37): warning:  #550-D: variable "CPUUsage"  was set but never used
  static uint8_t CPUUsage=0;
..\Action_User\main.c: 1 warning, 0 errors
linking...
Program Size: Code=11212 RO-data=2784 RW-data=48 ZI-data=18112  
FromELF: creating hex file...
".\SZW_STM32F407\demo.axf" - 0 Error(s), 3 Warning(s).

<h2>Software Packages used:</h2>

Package Vendor: Keil
                http://www.keil.com/pack/Keil.STM32F4xx_DFP.2.11.0.pack
                Keil.STM32F4xx_DFP.2.11.0
                STMicroelectronics STM32F4 Series Device Support, Drivers and Examples

<h2>Collection of Component include folders:</h2>
  .\RTE\_ACTION
  D:\Keil_v5\ARM\PACK\Keil\STM32F4xx_DFP\2.11.0\Drivers\CMSIS\Device\ST\STM32F4xx\Include

<h2>Collection of Component Files used:</h2>
Build Time Elapsed:  00:00:03
</pre>
</body>
</html>
