<!doctype html public "-//w3c//dtd html 4.0 transitional//en">
<html><head>
<title>Static Call Graph - [.\SZW_STM32F407\demo.axf]</title></head>
<body><HR>
<H1>Static Call Graph for image .\SZW_STM32F407\demo.axf</H1><HR>
<BR><P>#&#060CALLGRAPH&#062# ARM Linker, 5060528: Last Updated: Fri May 18 10:14:19 2018
<BR><P>
<H3>Maximum Stack Usage =       1400 bytes + Unknown(Functions without stacksize, Cycles, Untraceable Function Pointers)</H3><H3>
Call chain for Maximum Stack Depth:</H3>
__rt_entry_main &rArr; main &rArr; [local to main_cpp]::running() &rArr;  [local to main_cpp]::running() (Cycle)
<P>
<H3>
Functions with no stack information
</H3><UL>
 <LI><a href="#[18c]">__user_initial_stackheap</a>
</UL>
</UL>
<P>
<H3>
Mutually Recursive functions
</H3> <LI><a href="#[38]">ADC_IRQHandler</a>&nbsp;&nbsp;&nbsp;&rArr;&nbsp;&nbsp;&nbsp;<a href="#[38]">ADC_IRQHandler</a><BR>
 <LI><a href="#[23a]">[local to rtti_c]::derived_to_base_conversion_r(void*, void**, const std::type_info*, const std::type_info*, unsigned, int*, int, const std::type_info**, a_result_virtuality*, int*)</a>&nbsp;&nbsp;&nbsp;&rArr;&nbsp;&nbsp;&nbsp;<a href="#[23a]">[local to rtti_c]::derived_to_base_conversion_r(void*, void**, const std::type_info*, const std::type_info*, unsigned, int*, int, const std::type_info**, a_result_virtuality*, int*)</a><BR>
 <LI><a href="#[343]">std::basic_string&lang;char, std::char_traits&lang;char&rang;, std::allocator&lang;char&rang;&rang;::replace(unsigned, unsigned, const char*, unsigned, unsigned, unsigned)</a>&nbsp;&nbsp;&nbsp;&rArr;&nbsp;&nbsp;&nbsp;<a href="#[268]">__rw::__rw_throw(int, ...)</a><BR>
 <LI><a href="#[340]">std::basic_string&lang;char, std::char_traits&lang;char&rang;, std::allocator&lang;char&rang;&rang;::_C_getRep(unsigned, unsigned)</a>&nbsp;&nbsp;&nbsp;&rArr;&nbsp;&nbsp;&nbsp;<a href="#[26b]">__rw::__rw_allocate(unsigned, int)</a><BR>
 <LI><a href="#[32b]">__rw::__rb_tree&lang;unsigned char, std::pair&lang;const unsigned char, unsigned char&rang;, __rw::__select1st&lang;std::pair&lang;const unsigned char, unsigned char&rang;, unsigned char&rang;, std::less&lang;unsigned char&rang;, std::allocator&lang;std::pair&lang;const unsigned char, unsigned char&rang;&rang;&rang;::_C_erase(__rw::__rw_rb_tree_node&lang;std::allocator&lang;std::pair&lang;const unsigned char, unsigned char&rang;&rang;, std::pair&lang;const unsigned char, unsigned char&rang;, unsigned char, __rw::__select1st&lang;std::pair&lang;const unsigned char, unsigned char&rang;, unsigned char&rang;&rang;*)</a>&nbsp;&nbsp;&nbsp;&rArr;&nbsp;&nbsp;&nbsp;<a href="#[32b]">__rw::__rb_tree&lang;unsigned char, std::pair&lang;const unsigned char, unsigned char&rang;, __rw::__select1st&lang;std::pair&lang;const unsigned char, unsigned char&rang;, unsigned char&rang;, std::less&lang;unsigned char&rang;, std::allocator&lang;std::pair&lang;const unsigned char, unsigned char&rang;&rang;&rang;::_C_erase(__rw::__rw_rb_tree_node&lang;std::allocator&lang;std::pair&lang;const unsigned char, unsigned char&rang;&rang;, std::pair&lang;const unsigned char, unsigned char&rang;, unsigned char, __rw::__select1st&lang;std::pair&lang;const unsigned char, unsigned char&rang;, unsigned char&rang;&rang;*)</a><BR>
 <LI><a href="#[233]">[local to main_cpp]::running()</a>&nbsp;&nbsp;&nbsp;&rArr;&nbsp;&nbsp;&nbsp;<a href="#[233]">[local to main_cpp]::running()</a><BR>
</UL>
<P>
<H3>
Function Pointers
</H3><UL>
 <LI><a href="#[a1]">&lang;Func1&rang;</a> from calculateattitude.o(i.<Func1>) referenced from calculateattitude.o(i._ZN9aukf9axisC1Ev)
 <LI><a href="#[8e]">&lang;Func5&rang;</a> from adaptiveunscentedkalmanfilter.o(i.<Func5>) referenced from adaptiveunscentedkalmanfilter.o(i._ZN4AUKFC1EfffRK13action_matrixS2_S2_S2_S2_PFS0_S2_S2_EPFS0_S2_Ej)
 <LI><a href="#[90]">&lang;Func5&rang;</a> from locale.o(i.<Func5>) referenced from locale.o(i._ZN4__rw15__rw_locale_impC1EPKcjj)
 <LI><a href="#[90]">&lang;Func5&rang;</a> from locale.o(i.<Func5>) referenced from locale.o(i._ZN4__rw15__rw_locale_impC1ERKS0_PKcj)
 <LI><a href="#[90]">&lang;Func5&rang;</a> from locale.o(i.<Func5>) referenced from locale.o(i._ZNSt6localeC1ERKS_PKci)
 <LI><a href="#[38]">ADC_IRQHandler</a> from startup_stm32f4xx.o(.text) referenced from startup_stm32f4xx.o(RESET)
 <LI><a href="#[20]">BusFault_Handler</a> from stm32f4xx_it.o(i.BusFault_Handler) referenced from startup_stm32f4xx.o(RESET)
 <LI><a href="#[3a]">CAN1_RX0_IRQHandler</a> from startup_stm32f4xx.o(.text) referenced from startup_stm32f4xx.o(RESET)
 <LI><a href="#[3b]">CAN1_RX1_IRQHandler</a> from startup_stm32f4xx.o(.text) referenced from startup_stm32f4xx.o(RESET)
 <LI><a href="#[3c]">CAN1_SCE_IRQHandler</a> from startup_stm32f4xx.o(.text) referenced from startup_stm32f4xx.o(RESET)
 <LI><a href="#[39]">CAN1_TX_IRQHandler</a> from startup_stm32f4xx.o(.text) referenced from startup_stm32f4xx.o(RESET)
 <LI><a href="#[66]">CAN2_RX0_IRQHandler</a> from startup_stm32f4xx.o(.text) referenced from startup_stm32f4xx.o(RESET)
 <LI><a href="#[67]">CAN2_RX1_IRQHandler</a> from startup_stm32f4xx.o(.text) referenced from startup_stm32f4xx.o(RESET)
 <LI><a href="#[68]">CAN2_SCE_IRQHandler</a> from startup_stm32f4xx.o(.text) referenced from startup_stm32f4xx.o(RESET)
 <LI><a href="#[65]">CAN2_TX_IRQHandler</a> from startup_stm32f4xx.o(.text) referenced from startup_stm32f4xx.o(RESET)
 <LI><a href="#[75]">CRYP_IRQHandler</a> from startup_stm32f4xx.o(.text) referenced from startup_stm32f4xx.o(RESET)
 <LI><a href="#[74]">DCMI_IRQHandler</a> from startup_stm32f4xx.o(.text) referenced from startup_stm32f4xx.o(RESET)
 <LI><a href="#[31]">DMA1_Stream0_IRQHandler</a> from startup_stm32f4xx.o(.text) referenced from startup_stm32f4xx.o(RESET)
 <LI><a href="#[32]">DMA1_Stream1_IRQHandler</a> from startup_stm32f4xx.o(.text) referenced from startup_stm32f4xx.o(RESET)
 <LI><a href="#[33]">DMA1_Stream2_IRQHandler</a> from startup_stm32f4xx.o(.text) referenced from startup_stm32f4xx.o(RESET)
 <LI><a href="#[34]">DMA1_Stream3_IRQHandler</a> from startup_stm32f4xx.o(.text) referenced from startup_stm32f4xx.o(RESET)
 <LI><a href="#[35]">DMA1_Stream4_IRQHandler</a> from startup_stm32f4xx.o(.text) referenced from startup_stm32f4xx.o(RESET)
 <LI><a href="#[36]">DMA1_Stream5_IRQHandler</a> from startup_stm32f4xx.o(.text) referenced from startup_stm32f4xx.o(RESET)
 <LI><a href="#[37]">DMA1_Stream6_IRQHandler</a> from startup_stm32f4xx.o(.text) referenced from startup_stm32f4xx.o(RESET)
 <LI><a href="#[55]">DMA1_Stream7_IRQHandler</a> from startup_stm32f4xx.o(.text) referenced from startup_stm32f4xx.o(RESET)
 <LI><a href="#[5e]">DMA2_Stream0_IRQHandler</a> from startup_stm32f4xx.o(.text) referenced from startup_stm32f4xx.o(RESET)
 <LI><a href="#[5f]">DMA2_Stream1_IRQHandler</a> from startup_stm32f4xx.o(.text) referenced from startup_stm32f4xx.o(RESET)
 <LI><a href="#[60]">DMA2_Stream2_IRQHandler</a> from startup_stm32f4xx.o(.text) referenced from startup_stm32f4xx.o(RESET)
 <LI><a href="#[61]">DMA2_Stream3_IRQHandler</a> from startup_stm32f4xx.o(.text) referenced from startup_stm32f4xx.o(RESET)
 <LI><a href="#[62]">DMA2_Stream4_IRQHandler</a> from startup_stm32f4xx.o(.text) referenced from startup_stm32f4xx.o(RESET)
 <LI><a href="#[6a]">DMA2_Stream5_IRQHandler</a> from startup_stm32f4xx.o(.text) referenced from startup_stm32f4xx.o(RESET)
 <LI><a href="#[6b]">DMA2_Stream6_IRQHandler</a> from startup_stm32f4xx.o(.text) referenced from startup_stm32f4xx.o(RESET)
 <LI><a href="#[6c]">DMA2_Stream7_IRQHandler</a> from startup_stm32f4xx.o(.text) referenced from startup_stm32f4xx.o(RESET)
 <LI><a href="#[23]">DebugMon_Handler</a> from stm32f4xx_it.o(i.DebugMon_Handler) referenced from startup_stm32f4xx.o(RESET)
 <LI><a href="#[63]">ETH_IRQHandler</a> from startup_stm32f4xx.o(.text) referenced from startup_stm32f4xx.o(RESET)
 <LI><a href="#[64]">ETH_WKUP_IRQHandler</a> from startup_stm32f4xx.o(.text) referenced from startup_stm32f4xx.o(RESET)
 <LI><a href="#[2c]">EXTI0_IRQHandler</a> from startup_stm32f4xx.o(.text) referenced from startup_stm32f4xx.o(RESET)
 <LI><a href="#[4e]">EXTI15_10_IRQHandler</a> from startup_stm32f4xx.o(.text) referenced from startup_stm32f4xx.o(RESET)
 <LI><a href="#[2d]">EXTI1_IRQHandler</a> from startup_stm32f4xx.o(.text) referenced from startup_stm32f4xx.o(RESET)
 <LI><a href="#[2e]">EXTI2_IRQHandler</a> from startup_stm32f4xx.o(.text) referenced from startup_stm32f4xx.o(RESET)
 <LI><a href="#[2f]">EXTI3_IRQHandler</a> from startup_stm32f4xx.o(.text) referenced from startup_stm32f4xx.o(RESET)
 <LI><a href="#[30]">EXTI4_IRQHandler</a> from startup_stm32f4xx.o(.text) referenced from startup_stm32f4xx.o(RESET)
 <LI><a href="#[3d]">EXTI9_5_IRQHandler</a> from startup_stm32f4xx.o(.text) referenced from startup_stm32f4xx.o(RESET)
 <LI><a href="#[2a]">FLASH_IRQHandler</a> from startup_stm32f4xx.o(.text) referenced from startup_stm32f4xx.o(RESET)
 <LI><a href="#[77]">FPU_IRQHandler</a> from startup_stm32f4xx.o(.text) referenced from startup_stm32f4xx.o(RESET)
 <LI><a href="#[56]">FSMC_IRQHandler</a> from startup_stm32f4xx.o(.text) referenced from startup_stm32f4xx.o(RESET)
 <LI><a href="#[76]">HASH_RNG_IRQHandler</a> from startup_stm32f4xx.o(.text) referenced from startup_stm32f4xx.o(RESET)
 <LI><a href="#[1e]">HardFault_Handler</a> from stm32f4xx_it.o(i.HardFault_Handler) referenced from startup_stm32f4xx.o(RESET)
 <LI><a href="#[46]">I2C1_ER_IRQHandler</a> from startup_stm32f4xx.o(.text) referenced from startup_stm32f4xx.o(RESET)
 <LI><a href="#[45]">I2C1_EV_IRQHandler</a> from startup_stm32f4xx.o(.text) referenced from startup_stm32f4xx.o(RESET)
 <LI><a href="#[48]">I2C2_ER_IRQHandler</a> from startup_stm32f4xx.o(.text) referenced from startup_stm32f4xx.o(RESET)
 <LI><a href="#[47]">I2C2_EV_IRQHandler</a> from startup_stm32f4xx.o(.text) referenced from startup_stm32f4xx.o(RESET)
 <LI><a href="#[6f]">I2C3_ER_IRQHandler</a> from startup_stm32f4xx.o(.text) referenced from startup_stm32f4xx.o(RESET)
 <LI><a href="#[6e]">I2C3_EV_IRQHandler</a> from startup_stm32f4xx.o(.text) referenced from startup_stm32f4xx.o(RESET)
 <LI><a href="#[1f]">MemManage_Handler</a> from stm32f4xx_it.o(i.MemManage_Handler) referenced from startup_stm32f4xx.o(RESET)
 <LI><a href="#[1d]">NMI_Handler</a> from stm32f4xx_it.o(i.NMI_Handler) referenced from startup_stm32f4xx.o(RESET)
 <LI><a href="#[69]">OTG_FS_IRQHandler</a> from startup_stm32f4xx.o(.text) referenced from startup_stm32f4xx.o(RESET)
 <LI><a href="#[50]">OTG_FS_WKUP_IRQHandler</a> from startup_stm32f4xx.o(.text) referenced from startup_stm32f4xx.o(RESET)
 <LI><a href="#[71]">OTG_HS_EP1_IN_IRQHandler</a> from startup_stm32f4xx.o(.text) referenced from startup_stm32f4xx.o(RESET)
 <LI><a href="#[70]">OTG_HS_EP1_OUT_IRQHandler</a> from startup_stm32f4xx.o(.text) referenced from startup_stm32f4xx.o(RESET)
 <LI><a href="#[73]">OTG_HS_IRQHandler</a> from startup_stm32f4xx.o(.text) referenced from startup_stm32f4xx.o(RESET)
 <LI><a href="#[72]">OTG_HS_WKUP_IRQHandler</a> from startup_stm32f4xx.o(.text) referenced from startup_stm32f4xx.o(RESET)
 <LI><a href="#[27]">PVD_IRQHandler</a> from startup_stm32f4xx.o(.text) referenced from startup_stm32f4xx.o(RESET)
 <LI><a href="#[24]">PendSV_Handler</a> from stm32f4xx_it.o(i.PendSV_Handler) referenced from startup_stm32f4xx.o(RESET)
 <LI><a href="#[2b]">RCC_IRQHandler</a> from startup_stm32f4xx.o(.text) referenced from startup_stm32f4xx.o(RESET)
 <LI><a href="#[4f]">RTC_Alarm_IRQHandler</a> from startup_stm32f4xx.o(.text) referenced from startup_stm32f4xx.o(RESET)
 <LI><a href="#[29]">RTC_WKUP_IRQHandler</a> from startup_stm32f4xx.o(.text) referenced from startup_stm32f4xx.o(RESET)
 <LI><a href="#[1c]">Reset_Handler</a> from startup_stm32f4xx.o(.text) referenced from startup_stm32f4xx.o(RESET)
 <LI><a href="#[57]">SDIO_IRQHandler</a> from startup_stm32f4xx.o(.text) referenced from startup_stm32f4xx.o(RESET)
 <LI><a href="#[49]">SPI1_IRQHandler</a> from startup_stm32f4xx.o(.text) referenced from startup_stm32f4xx.o(RESET)
 <LI><a href="#[4a]">SPI2_IRQHandler</a> from startup_stm32f4xx.o(.text) referenced from startup_stm32f4xx.o(RESET)
 <LI><a href="#[59]">SPI3_IRQHandler</a> from startup_stm32f4xx.o(.text) referenced from startup_stm32f4xx.o(RESET)
 <LI><a href="#[22]">SVC_Handler</a> from stm32f4xx_it.o(i.SVC_Handler) referenced from startup_stm32f4xx.o(RESET)
 <LI><a href="#[25]">SysTick_Handler</a> from stm32f4xx_it.o(i.SysTick_Handler) referenced from startup_stm32f4xx.o(RESET)
 <LI><a href="#[78]">SystemInit</a> from system_stm32f4xx.o(i.SystemInit) referenced from startup_stm32f4xx.o(.text)
 <LI><a href="#[28]">TAMP_STAMP_IRQHandler</a> from startup_stm32f4xx.o(.text) referenced from startup_stm32f4xx.o(RESET)
 <LI><a href="#[3e]">TIM1_BRK_TIM9_IRQHandler</a> from startup_stm32f4xx.o(.text) referenced from startup_stm32f4xx.o(RESET)
 <LI><a href="#[41]">TIM1_CC_IRQHandler</a> from startup_stm32f4xx.o(.text) referenced from startup_stm32f4xx.o(RESET)
 <LI><a href="#[40]">TIM1_TRG_COM_TIM11_IRQHandler</a> from startup_stm32f4xx.o(.text) referenced from startup_stm32f4xx.o(RESET)
 <LI><a href="#[3f]">TIM1_UP_TIM10_IRQHandler</a> from startup_stm32f4xx.o(.text) referenced from startup_stm32f4xx.o(RESET)
 <LI><a href="#[42]">TIM2_IRQHandler</a> from startup_stm32f4xx.o(.text) referenced from startup_stm32f4xx.o(RESET)
 <LI><a href="#[43]">TIM3_IRQHandler</a> from startup_stm32f4xx.o(.text) referenced from startup_stm32f4xx.o(RESET)
 <LI><a href="#[44]">TIM4_IRQHandler</a> from startup_stm32f4xx.o(.text) referenced from startup_stm32f4xx.o(RESET)
 <LI><a href="#[58]">TIM5_IRQHandler</a> from startup_stm32f4xx.o(.text) referenced from startup_stm32f4xx.o(RESET)
 <LI><a href="#[5c]">TIM6_DAC_IRQHandler</a> from startup_stm32f4xx.o(.text) referenced from startup_stm32f4xx.o(RESET)
 <LI><a href="#[5d]">TIM7_IRQHandler</a> from timer.o(i.TIM7_IRQHandler) referenced from startup_stm32f4xx.o(RESET)
 <LI><a href="#[51]">TIM8_BRK_TIM12_IRQHandler</a> from startup_stm32f4xx.o(.text) referenced from startup_stm32f4xx.o(RESET)
 <LI><a href="#[54]">TIM8_CC_IRQHandler</a> from startup_stm32f4xx.o(.text) referenced from startup_stm32f4xx.o(RESET)
 <LI><a href="#[53]">TIM8_TRG_COM_TIM14_IRQHandler</a> from startup_stm32f4xx.o(.text) referenced from startup_stm32f4xx.o(RESET)
 <LI><a href="#[52]">TIM8_UP_TIM13_IRQHandler</a> from startup_stm32f4xx.o(.text) referenced from startup_stm32f4xx.o(RESET)
 <LI><a href="#[5a]">UART4_IRQHandler</a> from startup_stm32f4xx.o(.text) referenced from startup_stm32f4xx.o(RESET)
 <LI><a href="#[5b]">UART5_IRQHandler</a> from startup_stm32f4xx.o(.text) referenced from startup_stm32f4xx.o(RESET)
 <LI><a href="#[4b]">USART1_IRQHandler</a> from usart.o(i.USART1_IRQHandler) referenced from startup_stm32f4xx.o(RESET)
 <LI><a href="#[4c]">USART2_IRQHandler</a> from startup_stm32f4xx.o(.text) referenced from startup_stm32f4xx.o(RESET)
 <LI><a href="#[4d]">USART3_IRQHandler</a> from startup_stm32f4xx.o(.text) referenced from startup_stm32f4xx.o(RESET)
 <LI><a href="#[6d]">USART6_IRQHandler</a> from startup_stm32f4xx.o(.text) referenced from startup_stm32f4xx.o(RESET)
 <LI><a href="#[21]">UsageFault_Handler</a> from stm32f4xx_it.o(i.UsageFault_Handler) referenced from startup_stm32f4xx.o(RESET)
 <LI><a href="#[26]">WWDG_IRQHandler</a> from startup_stm32f4xx.o(.text) referenced from startup_stm32f4xx.o(RESET)
 <LI><a href="#[a4]">__default_new_handler()</a> from newhandler.o(i._Z21__default_new_handlerv) referenced from new.o(i._Znwj)
 <LI><a href="#[b0]">deviceBase::~deviceBase__deallocating()</a> from device.o(i._ZN10deviceBaseD0Ev) referenced from device.o(.constdata__ZTV10deviceBase)
 <LI><a href="#[af]">deviceBase::~deviceBase__sub_object()</a> from device.o(i._ZN10deviceBaseD2Ev) referenced from device.o(.constdata__ZTV10deviceBase)
 <LI><a href="#[b2]">ICM20602_Gyro::UpdateData()</a> from icm20602.o(i._ZN13ICM20602_Gyro10UpdateDataEv) referenced from icm20602.o(.constdata__ZTV13ICM20602_Gyro)
 <LI><a href="#[b4]">ICM20602_Gyro::rawDataRead(unsigned char)</a> from icm20602.o(i._ZN13ICM20602_Gyro11rawDataReadEh) referenced from icm20602.o(.constdata__ZTV13ICM20602_Gyro)
 <LI><a href="#[b5]">ICM20602_Gyro::rawDataWrite(unsigned char, unsigned char)</a> from icm20602.o(i._ZN13ICM20602_Gyro12rawDataWriteEhh) referenced from icm20602.o(.constdata__ZTV13ICM20602_Gyro)
 <LI><a href="#[8b]">ICM20602_Gyro::getInstanceNum()</a> from icm20602.o(i._ZN13ICM20602_Gyro14getInstanceNumEv) referenced from timer.o(i.TIM7_IRQHandler)
 <LI><a href="#[8b]">ICM20602_Gyro::getInstanceNum()</a> from icm20602.o(i._ZN13ICM20602_Gyro14getInstanceNumEv) referenced from ahrs.o(i._Z9AHRS_Initv)
 <LI><a href="#[8b]">ICM20602_Gyro::getInstanceNum()</a> from icm20602.o(i._ZN13ICM20602_Gyro14getInstanceNumEv) referenced from main.o(i._ZN25_INTERNAL_8_main_cpp_main7runningEv)
 <LI><a href="#[b1]">ICM20602_Gyro::init()</a> from icm20602.o(i._ZN13ICM20602_Gyro4initEv) referenced from icm20602.o(.constdata__ZTV13ICM20602_Gyro)
 <LI><a href="#[b3]">ICM20602_Gyro::~ICM20602_Gyro__deallocating()</a> from icm20602.o(i._ZN13ICM20602_GyroD0Ev) referenced from icm20602.o(.constdata__ZTV13ICM20602_Gyro)
 <LI><a href="#[a9]">ICM20602_Gyro::~ICM20602_Gyro()</a> from icm20602.o(i._ZN13ICM20602_GyroD1Ev) referenced from icm20602.o(.constdata__ZTV13ICM20602_Gyro)
 <LI><a href="#[a9]">ICM20602_Gyro::~ICM20602_Gyro()</a> from icm20602.o(i._ZN13ICM20602_GyroD1Ev) referenced from icm20602.o(i.__sti___12_ICM20602_cpp_00915af1)
 <LI><a href="#[8d]">action_matrix::~action_matrix()</a> from action_matrix.o(i._ZN13action_matrixD1Ev) referenced from attitudeangle.o(i._Z8integralRK13action_matrixS1_f)
 <LI><a href="#[8d]">action_matrix::~action_matrix()</a> from action_matrix.o(i._ZN13action_matrixD1Ev) referenced from adaptiveunscentedkalmanfilter.o(i._ZN4AUKFC1EfffRK13action_matrixS2_S2_S2_S2_PFS0_S2_S2_EPFS0_S2_Ej)
 <LI><a href="#[8d]">action_matrix::~action_matrix()</a> from action_matrix.o(i._ZN13action_matrixD1Ev) referenced from adaptiveunscentedkalmanfilter.o(i._ZN4AUKFD1Ev)
 <LI><a href="#[8d]">action_matrix::~action_matrix()</a> from action_matrix.o(i._ZN13action_matrixD1Ev) referenced from calculateattitude.o(i._ZN9aukf9axisC1Ev)
 <LI><a href="#[8d]">action_matrix::~action_matrix()</a> from action_matrix.o(i._ZN13action_matrixD1Ev) referenced from calculateattitude.o(i._ZN9aukf9axisD1Ev)
 <LI><a href="#[8d]">action_matrix::~action_matrix()</a> from action_matrix.o(i._ZN13action_matrixD1Ev) referenced from calculateattitude.o(i.__sti___21_calculateAttitude_cpp_initAHRS)
 <LI><a href="#[a6]">[local to rtti_c]::tbc_downcast(void*, const std::type_info*, a_base_class_traversal_block*, __cxxabiv1::__base_class_type_info*)</a> from rtti.o(i._ZN27_INTERNAL_6_rtti_c_066a44b012tbc_downcastEPvPKSt9type_infoP28a_base_class_traversal_blockPN10__cxxabiv122__base_class_type_infoE) referenced from rtti.o(i.__dynamic_cast)
 <LI><a href="#[a7]">[local to rtti_c]::tbc_post_downcast(void*, const std::type_info*, a_base_class_traversal_block*, __cxxabiv1::__base_class_type_info*)</a> from rtti.o(i._ZN27_INTERNAL_6_rtti_c_066a44b017tbc_post_downcastEPvPKSt9type_infoP28a_base_class_traversal_blockPN10__cxxabiv122__base_class_type_infoE) referenced from rtti.o(i.__dynamic_cast)
 <LI><a href="#[82]">[local to unwinder_c]::EIT_comparator(const void*, const void*)</a> from unwinder.o(.text) referenced from unwinder.o(.text)
 <LI><a href="#[7f]">[local to arm_exceptions_c]::__default_terminate_handler()</a> from arm_exceptions_globs.o(.text) referenced from arm_exceptions_globs.o(.text)
 <LI><a href="#[7c]">[local to arm_exceptions_c]::armcpp_exception_cleanup(_Unwind_Reason_Code, _Unwind_Control_Block*)</a> from arm_exceptions_throw.o(.text) referenced from arm_exceptions_throw.o(.text)
 <LI><a href="#[9f]">[local to calculateAttitude_cpp]::UKFmeasure(const action_matrix&)</a> from calculateattitude.o(i._ZN43_INTERNAL_21_calculateAttitude_cpp_initAHRS10UKFmeasureERK13action_matrix) referenced from calculateattitude.o(i._ZN9aukf9axisC1Ev)
 <LI><a href="#[a0]">[local to calculateAttitude_cpp]::UKFpre(const action_matrix&, const action_matrix&)</a> from calculateattitude.o(i._ZN43_INTERNAL_21_calculateAttitude_cpp_initAHRS6UKFpreERK13action_matrixS2_) referenced from calculateattitude.o(i._ZN9aukf9axisC1Ev)
 <LI><a href="#[b8]">AUKF::~AUKF__deallocating()</a> from adaptiveunscentedkalmanfilter.o(i._ZN4AUKFD0Ev) referenced from adaptiveunscentedkalmanfilter.o(.constdata__ZTV4AUKF)
 <LI><a href="#[b7]">AUKF::~AUKF()</a> from adaptiveunscentedkalmanfilter.o(i._ZN4AUKFD1Ev) referenced from adaptiveunscentedkalmanfilter.o(.constdata__ZTV4AUKF)
 <LI><a href="#[bd]">__rw::__rw_facet_base::_C_initfacet(const std::locale&)</a> from char.o(i._ZN4__rw15__rw_facet_base12_C_initfacetERKSt6locale) referenced from rwstdexcept.o(.constdata__ZTVNSt6locale5facetE)
 <LI><a href="#[bd]">__rw::__rw_facet_base::_C_initfacet(const std::locale&)</a> from char.o(i._ZN4__rw15__rw_facet_base12_C_initfacetERKSt6locale) referenced from char.o(.constdata__ZTVSt14collate_bynameIcE)
 <LI><a href="#[bd]">__rw::__rw_facet_base::_C_initfacet(const std::locale&)</a> from char.o(i._ZN4__rw15__rw_facet_base12_C_initfacetERKSt6locale) referenced from rwstdexcept.o(.constdata__ZTVSt8messagesIcE)
 <LI><a href="#[ad]">__rw::__rw_facet_maker&lang;std::ctype&lang;char&rang;&rang;::_C_maker_func(int, const char*, unsigned)</a> from rwstdexcept.o(t._ZN4__rw16__rw_facet_makerISt5ctypeIcEE13_C_maker_funcEiPKcj) referenced from rwstdexcept.o(t._ZNKSt8messagesIcE6do_getEiiiRKSs)
 <LI><a href="#[a8]">__rw::__rw_locale_vector&lang;__rw::__rw_cat*&rang;::~__rw_locale_vector()</a> from rwcats.o(t._ZN4__rw18__rw_locale_vectorIPNS_8__rw_catEED1Ev) referenced from rwcats.o(i.__sti___10_rwcats_cpp_64e8068e)
 <LI><a href="#[a3]">__rw::__rw_locale_vector&lang;std::__rw_open_cat_data&rang;::~__rw_locale_vector()</a> from messages.o(t._ZN4__rw18__rw_locale_vectorISt18__rw_open_cat_dataED1Ev) referenced from messages.o(i._ZSt13__rw_get_catsv)
 <LI><a href="#[e9]">__rw::__rw_throw_exception(int, char*)</a> from rwthrowproc_impl.o(i._ZN4__rw20__rw_throw_exceptionEiPc) referenced from rwthrowproc.o(.data)
 <LI><a href="#[7e]">__ARM::default_unexpected_handler()</a> from arm_exceptions_unexpected.o(.text) referenced from arm_exceptions_globs.o(.text)
 <LI><a href="#[b6]">device&lang;threeAxis, unsigned char&rang;::getData()</a> from icm20602.o(t._ZN6deviceI9threeAxishE7getDataEv) referenced from icm20602.o(.constdata__ZTV13ICM20602_Gyro)
 <LI><a href="#[b6]">device&lang;threeAxis, unsigned char&rang;::getData()</a> from icm20602.o(t._ZN6deviceI9threeAxishE7getDataEv) referenced from icm20602.o(.constdata__ZTV6deviceI9threeAxishE)
 <LI><a href="#[ba]">device&lang;threeAxis, unsigned char&rang;::~device__deallocating()</a> from icm20602.o(t._ZN6deviceI9threeAxishED0Ev) referenced from icm20602.o(.constdata__ZTV6deviceI9threeAxishE)
 <LI><a href="#[b9]">device&lang;threeAxis, unsigned char&rang;::~device__sub_object()</a> from icm20602.o(t._ZN6deviceI9threeAxishED2Ev) referenced from icm20602.o(.constdata__ZTV6deviceI9threeAxishE)
 <LI><a href="#[bb]">aukf9axis::~aukf9axis__deallocating()</a> from calculateattitude.o(i._ZN9aukf9axisD0Ev) referenced from calculateattitude.o(.constdata__ZTV9aukf9axis)
 <LI><a href="#[aa]">aukf9axis::~aukf9axis()</a> from calculateattitude.o(i._ZN9aukf9axisD1Ev) referenced from calculateattitude.o(.constdata__ZTV9aukf9axis)
 <LI><a href="#[aa]">aukf9axis::~aukf9axis()</a> from calculateattitude.o(i._ZN9aukf9axisD1Ev) referenced from calculateattitude.o(i.__sti___21_calculateAttitude_cpp_initAHRS)
 <LI><a href="#[bf]">std::__rw_exception::what() const</a> from rwstdexcept.o(i._ZNKSt14__rw_exception4whatEv) referenced from rwthrowproc_impl.o(.constdata__ZTVNSt8ios_base10badbit_setE)
 <LI><a href="#[bf]">std::__rw_exception::what() const</a> from rwstdexcept.o(i._ZNKSt14__rw_exception4whatEv) referenced from rwthrowproc_impl.o(.constdata__ZTVNSt8ios_base10eofbit_setE)
 <LI><a href="#[bf]">std::__rw_exception::what() const</a> from rwstdexcept.o(i._ZNKSt14__rw_exception4whatEv) referenced from rwthrowproc_impl.o(.constdata__ZTVNSt8ios_base11failbit_setE)
 <LI><a href="#[bf]">std::__rw_exception::what() const</a> from rwstdexcept.o(i._ZNKSt14__rw_exception4whatEv) referenced from rwthrowproc_impl.o(.constdata__ZTVNSt8ios_base7failureE)
 <LI><a href="#[bf]">std::__rw_exception::what() const</a> from rwstdexcept.o(i._ZNKSt14__rw_exception4whatEv) referenced from rwthrowproc_impl.o(.constdata__ZTVSt11logic_error)
 <LI><a href="#[bf]">std::__rw_exception::what() const</a> from rwstdexcept.o(i._ZNKSt14__rw_exception4whatEv) referenced from rwthrowproc_impl.o(.constdata__ZTVSt11range_error)
 <LI><a href="#[bf]">std::__rw_exception::what() const</a> from rwstdexcept.o(i._ZNKSt14__rw_exception4whatEv) referenced from rwthrowproc_impl.o(.constdata__ZTVSt12domain_error)
 <LI><a href="#[bf]">std::__rw_exception::what() const</a> from rwstdexcept.o(i._ZNKSt14__rw_exception4whatEv) referenced from rwthrowproc_impl.o(.constdata__ZTVSt12length_error)
 <LI><a href="#[bf]">std::__rw_exception::what() const</a> from rwstdexcept.o(i._ZNKSt14__rw_exception4whatEv) referenced from rwthrowproc_impl.o(.constdata__ZTVSt12out_of_range)
 <LI><a href="#[bf]">std::__rw_exception::what() const</a> from rwstdexcept.o(i._ZNKSt14__rw_exception4whatEv) referenced from rwthrowproc_impl.o(.constdata__ZTVSt13runtime_error)
 <LI><a href="#[bf]">std::__rw_exception::what() const</a> from rwstdexcept.o(i._ZNKSt14__rw_exception4whatEv) referenced from rwstdexcept.o(.constdata__ZTVSt14__rw_exception)
 <LI><a href="#[bf]">std::__rw_exception::what() const</a> from rwstdexcept.o(i._ZNKSt14__rw_exception4whatEv) referenced from rwthrowproc_impl.o(.constdata__ZTVSt14overflow_error)
 <LI><a href="#[bf]">std::__rw_exception::what() const</a> from rwstdexcept.o(i._ZNKSt14__rw_exception4whatEv) referenced from rwthrowproc_impl.o(.constdata__ZTVSt15underflow_error)
 <LI><a href="#[bf]">std::__rw_exception::what() const</a> from rwstdexcept.o(i._ZNKSt14__rw_exception4whatEv) referenced from rwthrowproc_impl.o(.constdata__ZTVSt16invalid_argument)
 <LI><a href="#[d6]">std::collate_byname&lang;char&rang;::do_compare(const char*, const char*, const char*, const char*) const</a> from char.o(i._ZNKSt14collate_bynameIcE10do_compareEPKcS2_S2_S2_) referenced from char.o(.constdata__ZTVSt14collate_bynameIcE)
 <LI><a href="#[d7]">std::collate_byname&lang;char&rang;::do_transform(const char*, const char*) const</a> from char.o(i._ZNKSt14collate_bynameIcE12do_transformEPKcS2_) referenced from char.o(.constdata__ZTVSt14collate_bynameIcE)
 <LI><a href="#[ca]">std::ctype&lang;char&rang;::do_tolower(char*, const char*) const</a> from char.o(i._ZNKSt5ctypeIcE10do_tolowerEPcPKc) referenced from char.o(.constdata__ZTVSt12ctype_bynameIcE)
 <LI><a href="#[ca]">std::ctype&lang;char&rang;::do_tolower(char*, const char*) const</a> from char.o(i._ZNKSt5ctypeIcE10do_tolowerEPcPKc) referenced from char.o(.constdata__ZTVSt5ctypeIcE)
 <LI><a href="#[cc]">std::ctype&lang;char&rang;::do_tolower(char) const</a> from char.o(i._ZNKSt5ctypeIcE10do_tolowerEc) referenced from char.o(.constdata__ZTVSt12ctype_bynameIcE)
 <LI><a href="#[cc]">std::ctype&lang;char&rang;::do_tolower(char) const</a> from char.o(i._ZNKSt5ctypeIcE10do_tolowerEc) referenced from char.o(.constdata__ZTVSt5ctypeIcE)
 <LI><a href="#[c9]">std::ctype&lang;char&rang;::do_toupper(char*, const char*) const</a> from char.o(i._ZNKSt5ctypeIcE10do_toupperEPcPKc) referenced from char.o(.constdata__ZTVSt12ctype_bynameIcE)
 <LI><a href="#[c9]">std::ctype&lang;char&rang;::do_toupper(char*, const char*) const</a> from char.o(i._ZNKSt5ctypeIcE10do_toupperEPcPKc) referenced from char.o(.constdata__ZTVSt5ctypeIcE)
 <LI><a href="#[cb]">std::ctype&lang;char&rang;::do_toupper(char) const</a> from char.o(i._ZNKSt5ctypeIcE10do_toupperEc) referenced from char.o(.constdata__ZTVSt12ctype_bynameIcE)
 <LI><a href="#[cb]">std::ctype&lang;char&rang;::do_toupper(char) const</a> from char.o(i._ZNKSt5ctypeIcE10do_toupperEc) referenced from char.o(.constdata__ZTVSt5ctypeIcE)
 <LI><a href="#[d8]">std::collate&lang;char&rang;::do_hash(const char*, const char*) const</a> from char.o(t._ZNKSt7collateIcE7do_hashEPKcS2_) referenced from char.o(.constdata__ZTVSt14collate_bynameIcE)
 <LI><a href="#[e2]">std::messages&lang;char&rang;::do_get(int, int, int, const std::basic_string&lang;char, std::char_traits&lang;char&rang;, std::allocator&lang;char&rang;&rang;&) const</a> from rwstdexcept.o(t._ZNKSt8messagesIcE6do_getEiiiRKSs) referenced from rwstdexcept.o(.constdata__ZTVSt8messagesIcE)
 <LI><a href="#[e1]">std::messages&lang;char&rang;::do_open(const std::basic_string&lang;char, std::char_traits&lang;char&rang;, std::allocator&lang;char&rang;&rang;&, const std::locale&) const</a> from rwstdexcept.o(t._ZNKSt8messagesIcE7do_openERKSsRKSt6locale) referenced from rwstdexcept.o(.constdata__ZTVSt8messagesIcE)
 <LI><a href="#[8f]">std::basic_string&lang;char, std::char_traits&lang;char&rang;, std::allocator&lang;char&rang;&rang;::~basic_string()</a> from char.o(t._ZNSsD1Ev) referenced from locale.o(i._ZN4__rw15__rw_locale_impC1EPKcjj)
 <LI><a href="#[8f]">std::basic_string&lang;char, std::char_traits&lang;char&rang;, std::allocator&lang;char&rang;&rang;::~basic_string()</a> from char.o(t._ZNSsD1Ev) referenced from locale.o(i._ZN4__rw15__rw_locale_impC1ERKS0_PKcj)
 <LI><a href="#[8f]">std::basic_string&lang;char, std::char_traits&lang;char&rang;, std::allocator&lang;char&rang;&rang;::~basic_string()</a> from char.o(t._ZNSsD1Ev) referenced from locale.o(i._ZNSt6localeC1ERKS_PKci)
 <LI><a href="#[8f]">std::basic_string&lang;char, std::char_traits&lang;char&rang;, std::allocator&lang;char&rang;&rang;::~basic_string()</a> from char.o(t._ZNSsD1Ev) referenced from locale.o(t._ZN4__rw18__rw_locale_vectorISsED1Ev)
 <LI><a href="#[c3]">std::bad_typeid::~bad_typeid__deallocating()</a> from bad_typeid.o(i._ZNSt10bad_typeidD0Ev) referenced from bad_typeid.o(.constdata__ZTVSt10bad_typeid)
 <LI><a href="#[80]">std::bad_typeid::~bad_typeid()</a> from bad_typeid.o(i._ZNSt10bad_typeidD1Ev) referenced from bad_typeid.o(.constdata__ZTVSt10bad_typeid)
 <LI><a href="#[80]">std::bad_typeid::~bad_typeid()</a> from bad_typeid.o(i._ZNSt10bad_typeidD1Ev) referenced from arm_exceptions_bad_typeid.o(.text)
 <LI><a href="#[c4]">std::logic_error::~logic_error__deallocating()</a> from rwthrowproc_impl.o(i._ZNSt11logic_errorD0Ev) referenced from rwthrowproc_impl.o(.constdata__ZTVSt11logic_error)
 <LI><a href="#[92]">std::logic_error::~logic_error()</a> from rwthrowproc_impl.o(i._ZNSt11logic_errorD1Ev) referenced from rwthrowproc_impl.o(.constdata__ZTVSt11logic_error)
 <LI><a href="#[92]">std::logic_error::~logic_error()</a> from rwthrowproc_impl.o(i._ZNSt11logic_errorD1Ev) referenced from rwthrowproc_impl.o(i._ZN4__rw20__rw_throw_exceptionEiPc)
 <LI><a href="#[c5]">std::range_error::~range_error__deallocating()</a> from rwthrowproc_impl.o(i._ZNSt11range_errorD0Ev) referenced from rwthrowproc_impl.o(.constdata__ZTVSt11range_error)
 <LI><a href="#[98]">std::range_error::~range_error()</a> from rwthrowproc_impl.o(i._ZNSt11range_errorD1Ev) referenced from rwthrowproc_impl.o(.constdata__ZTVSt11range_error)
 <LI><a href="#[98]">std::range_error::~range_error()</a> from rwthrowproc_impl.o(i._ZNSt11range_errorD1Ev) referenced from rwthrowproc_impl.o(i._ZN4__rw20__rw_throw_exceptionEiPc)
 <LI><a href="#[c7]">std::ctype_byname&lang;char&rang;::~ctype_byname__deallocating()</a> from char.o(i._ZNSt12ctype_bynameIcED0Ev) referenced from char.o(.constdata__ZTVSt12ctype_bynameIcE)
 <LI><a href="#[c6]">std::ctype_byname&lang;char&rang;::~ctype_byname()</a> from char.o(i._ZNSt12ctype_bynameIcED1Ev) referenced from char.o(.constdata__ZTVSt12ctype_bynameIcE)
 <LI><a href="#[cd]">std::domain_error::~domain_error__deallocating()</a> from rwthrowproc_impl.o(i._ZNSt12domain_errorD0Ev) referenced from rwthrowproc_impl.o(.constdata__ZTVSt12domain_error)
 <LI><a href="#[93]">std::domain_error::~domain_error()</a> from rwthrowproc_impl.o(i._ZNSt12domain_errorD1Ev) referenced from rwthrowproc_impl.o(.constdata__ZTVSt12domain_error)
 <LI><a href="#[93]">std::domain_error::~domain_error()</a> from rwthrowproc_impl.o(i._ZNSt12domain_errorD1Ev) referenced from rwthrowproc_impl.o(i._ZN4__rw20__rw_throw_exceptionEiPc)
 <LI><a href="#[ce]">std::length_error::~length_error__deallocating()</a> from rwthrowproc_impl.o(i._ZNSt12length_errorD0Ev) referenced from rwthrowproc_impl.o(.constdata__ZTVSt12length_error)
 <LI><a href="#[95]">std::length_error::~length_error()</a> from rwthrowproc_impl.o(i._ZNSt12length_errorD1Ev) referenced from rwthrowproc_impl.o(.constdata__ZTVSt12length_error)
 <LI><a href="#[95]">std::length_error::~length_error()</a> from rwthrowproc_impl.o(i._ZNSt12length_errorD1Ev) referenced from rwthrowproc_impl.o(i._ZN4__rw20__rw_throw_exceptionEiPc)
 <LI><a href="#[cf]">std::out_of_range::~out_of_range__deallocating()</a> from rwthrowproc_impl.o(i._ZNSt12out_of_rangeD0Ev) referenced from rwthrowproc_impl.o(.constdata__ZTVSt12out_of_range)
 <LI><a href="#[96]">std::out_of_range::~out_of_range()</a> from rwthrowproc_impl.o(i._ZNSt12out_of_rangeD1Ev) referenced from rwthrowproc_impl.o(.constdata__ZTVSt12out_of_range)
 <LI><a href="#[96]">std::out_of_range::~out_of_range()</a> from rwthrowproc_impl.o(i._ZNSt12out_of_rangeD1Ev) referenced from rwthrowproc_impl.o(i._ZN4__rw20__rw_throw_exceptionEiPc)
 <LI><a href="#[d0]">std::bad_exception::~bad_exception__deallocating()</a> from bad_exception_dtor.o(i._ZNSt13bad_exceptionD0Ev) referenced from bad_exception_dtor.o(.constdata__ZTVSt13bad_exception)
 <LI><a href="#[7b]">std::bad_exception::~bad_exception()</a> from bad_exception_dtor.o(i._ZNSt13bad_exceptionD1Ev) referenced from bad_exception_dtor.o(.constdata__ZTVSt13bad_exception)
 <LI><a href="#[7b]">std::bad_exception::~bad_exception()</a> from bad_exception_dtor.o(i._ZNSt13bad_exceptionD1Ev) referenced from arm_exceptions_callunex.o(.text)
 <LI><a href="#[7b]">std::bad_exception::~bad_exception()</a> from bad_exception_dtor.o(i._ZNSt13bad_exceptionD1Ev) referenced from rwthrowproc_impl.o(i._ZN4__rw20__rw_throw_exceptionEiPc)
 <LI><a href="#[d1]">std::runtime_error::~runtime_error__deallocating()</a> from rwthrowproc_impl.o(i._ZNSt13runtime_errorD0Ev) referenced from rwthrowproc_impl.o(.constdata__ZTVSt13runtime_error)
 <LI><a href="#[97]">std::runtime_error::~runtime_error()</a> from rwthrowproc_impl.o(i._ZNSt13runtime_errorD1Ev) referenced from rwthrowproc_impl.o(.constdata__ZTVSt13runtime_error)
 <LI><a href="#[97]">std::runtime_error::~runtime_error()</a> from rwthrowproc_impl.o(i._ZNSt13runtime_errorD1Ev) referenced from rwthrowproc_impl.o(i._ZN4__rw20__rw_throw_exceptionEiPc)
 <LI><a href="#[d3]">std::__rw_exception::~__rw_exception__deallocating()</a> from rwstdexcept.o(i._ZNSt14__rw_exceptionD0Ev) referenced from rwstdexcept.o(.constdata__ZTVSt14__rw_exception)
 <LI><a href="#[d2]">std::__rw_exception::~__rw_exception()</a> from rwstdexcept.o(i._ZNSt14__rw_exceptionD1Ev) referenced from rwstdexcept.o(.constdata__ZTVSt14__rw_exception)
 <LI><a href="#[d5]">std::collate_byname&lang;char&rang;::~collate_byname__deallocating()</a> from char.o(i._ZNSt14collate_bynameIcED0Ev) referenced from char.o(.constdata__ZTVSt14collate_bynameIcE)
 <LI><a href="#[d4]">std::collate_byname&lang;char&rang;::~collate_byname()</a> from char.o(i._ZNSt14collate_bynameIcED1Ev) referenced from char.o(.constdata__ZTVSt14collate_bynameIcE)
 <LI><a href="#[d9]">std::overflow_error::~overflow_error__deallocating()</a> from rwthrowproc_impl.o(i._ZNSt14overflow_errorD0Ev) referenced from rwthrowproc_impl.o(.constdata__ZTVSt14overflow_error)
 <LI><a href="#[99]">std::overflow_error::~overflow_error()</a> from rwthrowproc_impl.o(i._ZNSt14overflow_errorD1Ev) referenced from rwthrowproc_impl.o(.constdata__ZTVSt14overflow_error)
 <LI><a href="#[99]">std::overflow_error::~overflow_error()</a> from rwthrowproc_impl.o(i._ZNSt14overflow_errorD1Ev) referenced from rwthrowproc_impl.o(i._ZN4__rw20__rw_throw_exceptionEiPc)
 <LI><a href="#[da]">std::underflow_error::~underflow_error__deallocating()</a> from rwthrowproc_impl.o(i._ZNSt15underflow_errorD0Ev) referenced from rwthrowproc_impl.o(.constdata__ZTVSt15underflow_error)
 <LI><a href="#[9a]">std::underflow_error::~underflow_error()</a> from rwthrowproc_impl.o(i._ZNSt15underflow_errorD1Ev) referenced from rwthrowproc_impl.o(.constdata__ZTVSt15underflow_error)
 <LI><a href="#[9a]">std::underflow_error::~underflow_error()</a> from rwthrowproc_impl.o(i._ZNSt15underflow_errorD1Ev) referenced from rwthrowproc_impl.o(i._ZN4__rw20__rw_throw_exceptionEiPc)
 <LI><a href="#[db]">std::invalid_argument::~invalid_argument__deallocating()</a> from rwthrowproc_impl.o(i._ZNSt16invalid_argumentD0Ev) referenced from rwthrowproc_impl.o(.constdata__ZTVSt16invalid_argument)
 <LI><a href="#[94]">std::invalid_argument::~invalid_argument()</a> from rwthrowproc_impl.o(i._ZNSt16invalid_argumentD1Ev) referenced from rwthrowproc_impl.o(.constdata__ZTVSt16invalid_argument)
 <LI><a href="#[94]">std::invalid_argument::~invalid_argument()</a> from rwthrowproc_impl.o(i._ZNSt16invalid_argumentD1Ev) referenced from rwthrowproc_impl.o(i._ZN4__rw20__rw_throw_exceptionEiPc)
 <LI><a href="#[ac]">std::__rw_open_cat_data::__rw_open_cat_data()</a> from messages.o(i._ZNSt18__rw_open_cat_dataC1Ev) referenced from messages.o(t._ZN4__rw18__rw_locale_vectorISt18__rw_open_cat_dataE6resizeEj)
 <LI><a href="#[ab]">std::__rw_open_cat_data::~__rw_open_cat_data()</a> from messages.o(i._ZNSt18__rw_open_cat_dataD1Ev) referenced from messages.o(t._ZN4__rw18__rw_locale_vectorISt18__rw_open_cat_dataE6resizeEj)
 <LI><a href="#[ab]">std::__rw_open_cat_data::~__rw_open_cat_data()</a> from messages.o(i._ZNSt18__rw_open_cat_dataD1Ev) referenced from messages.o(t._ZN4__rw18__rw_locale_vectorISt18__rw_open_cat_dataED1Ev)
 <LI><a href="#[c8]">std::ctype&lang;char&rang;::_C_initfacet(const std::locale&)</a> from char.o(i._ZNSt5ctypeIcE12_C_initfacetERKSt6locale) referenced from char.o(.constdata__ZTVSt12ctype_bynameIcE)
 <LI><a href="#[c8]">std::ctype&lang;char&rang;::_C_initfacet(const std::locale&)</a> from char.o(i._ZNSt5ctypeIcE12_C_initfacetERKSt6locale) referenced from char.o(.constdata__ZTVSt5ctypeIcE)
 <LI><a href="#[dd]">std::ctype&lang;char&rang;::~ctype__deallocating()</a> from char.o(i._ZNSt5ctypeIcED0Ev) referenced from char.o(.constdata__ZTVSt5ctypeIcE)
 <LI><a href="#[dc]">std::ctype&lang;char&rang;::~ctype()</a> from char.o(i._ZNSt5ctypeIcED1Ev) referenced from char.o(.constdata__ZTVSt5ctypeIcE)
 <LI><a href="#[bc]">std::locale::facet::~facet__deallocating()</a> from rwstdexcept.o(i._ZNSt6locale5facetD0Ev) referenced from rwstdexcept.o(.constdata__ZTVNSt6locale5facetE)
 <LI><a href="#[a2]">std::locale::~locale()</a> from locale.o(i._ZNSt6localeD1Ev) referenced from locale.o(i._ZNSt6locale7classicEv)
 <LI><a href="#[de]">std::bad_cast::~bad_cast__deallocating()</a> from bad_cast.o(i._ZNSt8bad_castD0Ev) referenced from bad_cast.o(.constdata__ZTVSt8bad_cast)
 <LI><a href="#[91]">std::bad_cast::~bad_cast()</a> from bad_cast.o(i._ZNSt8bad_castD1Ev) referenced from bad_cast.o(.constdata__ZTVSt8bad_cast)
 <LI><a href="#[91]">std::bad_cast::~bad_cast()</a> from bad_cast.o(i._ZNSt8bad_castD1Ev) referenced from rwthrowproc_impl.o(i._ZN4__rw20__rw_throw_exceptionEiPc)
 <LI><a href="#[be]">std::ios_base::badbit_set::~badbit_set__deallocating()</a> from rwthrowproc_impl.o(i._ZNSt8ios_base10badbit_setD0Ev) referenced from rwthrowproc_impl.o(.constdata__ZTVNSt8ios_base10badbit_setE)
 <LI><a href="#[9c]">std::ios_base::badbit_set::~badbit_set()</a> from rwthrowproc_impl.o(i._ZNSt8ios_base10badbit_setD1Ev) referenced from rwthrowproc_impl.o(.constdata__ZTVNSt8ios_base10badbit_setE)
 <LI><a href="#[9c]">std::ios_base::badbit_set::~badbit_set()</a> from rwthrowproc_impl.o(i._ZNSt8ios_base10badbit_setD1Ev) referenced from rwthrowproc_impl.o(i._ZN4__rw20__rw_throw_exceptionEiPc)
 <LI><a href="#[c0]">std::ios_base::eofbit_set::~eofbit_set__deallocating()</a> from rwthrowproc_impl.o(i._ZNSt8ios_base10eofbit_setD0Ev) referenced from rwthrowproc_impl.o(.constdata__ZTVNSt8ios_base10eofbit_setE)
 <LI><a href="#[9d]">std::ios_base::eofbit_set::~eofbit_set()</a> from rwthrowproc_impl.o(i._ZNSt8ios_base10eofbit_setD1Ev) referenced from rwthrowproc_impl.o(.constdata__ZTVNSt8ios_base10eofbit_setE)
 <LI><a href="#[9d]">std::ios_base::eofbit_set::~eofbit_set()</a> from rwthrowproc_impl.o(i._ZNSt8ios_base10eofbit_setD1Ev) referenced from rwthrowproc_impl.o(i._ZN4__rw20__rw_throw_exceptionEiPc)
 <LI><a href="#[c1]">std::ios_base::failbit_set::~failbit_set__deallocating()</a> from rwthrowproc_impl.o(i._ZNSt8ios_base11failbit_setD0Ev) referenced from rwthrowproc_impl.o(.constdata__ZTVNSt8ios_base11failbit_setE)
 <LI><a href="#[9b]">std::ios_base::failbit_set::~failbit_set()</a> from rwthrowproc_impl.o(i._ZNSt8ios_base11failbit_setD1Ev) referenced from rwthrowproc_impl.o(.constdata__ZTVNSt8ios_base11failbit_setE)
 <LI><a href="#[9b]">std::ios_base::failbit_set::~failbit_set()</a> from rwthrowproc_impl.o(i._ZNSt8ios_base11failbit_setD1Ev) referenced from rwthrowproc_impl.o(i._ZN4__rw20__rw_throw_exceptionEiPc)
 <LI><a href="#[c2]">std::ios_base::failure::~failure__deallocating()</a> from rwthrowproc_impl.o(i._ZNSt8ios_base7failureD0Ev) referenced from rwthrowproc_impl.o(.constdata__ZTVNSt8ios_base7failureE)
 <LI><a href="#[9e]">std::ios_base::failure::~failure()</a> from rwthrowproc_impl.o(i._ZNSt8ios_base7failureD1Ev) referenced from rwthrowproc_impl.o(.constdata__ZTVNSt8ios_base7failureE)
 <LI><a href="#[9e]">std::ios_base::failure::~failure()</a> from rwthrowproc_impl.o(i._ZNSt8ios_base7failureD1Ev) referenced from rwthrowproc_impl.o(i._ZN4__rw20__rw_throw_exceptionEiPc)
 <LI><a href="#[e0]">std::messages&lang;char&rang;::~messages__deallocating()</a> from rwstdexcept.o(i._ZNSt8messagesIcED0Ev) referenced from rwstdexcept.o(.constdata__ZTVSt8messagesIcE)
 <LI><a href="#[df]">std::messages&lang;char&rang;::~messages()</a> from rwstdexcept.o(i._ZNSt8messagesIcED1Ev) referenced from rwstdexcept.o(.constdata__ZTVSt8messagesIcE)
 <LI><a href="#[e3]">std::bad_alloc::~bad_alloc__deallocating()</a> from bad_alloc_dtor.o(i._ZNSt9bad_allocD0Ev) referenced from bad_alloc_dtor.o(.constdata__ZTVSt9bad_alloc)
 <LI><a href="#[8c]">std::bad_alloc::~bad_alloc()</a> from bad_alloc_dtor.o(i._ZNSt9bad_allocD1Ev) referenced from bad_alloc_dtor.o(.constdata__ZTVSt9bad_alloc)
 <LI><a href="#[8c]">std::bad_alloc::~bad_alloc()</a> from bad_alloc_dtor.o(i._ZNSt9bad_allocD1Ev) referenced from newhandler.o(i._Z21__default_new_handlerv)
 <LI><a href="#[8c]">std::bad_alloc::~bad_alloc()</a> from bad_alloc_dtor.o(i._ZNSt9bad_allocD1Ev) referenced from rwthrowproc_impl.o(i._ZN4__rw20__rw_throw_exceptionEiPc)
 <LI><a href="#[b]">std::exception::~exception()</a> from exception_dtor.o(i._ZNSt9exceptionD1Ev) referenced from exception_dtor.o(.constdata__ZTVSt9exception)
 <LI><a href="#[b]">std::exception::~exception()</a> from exception_dtor.o(i._ZNSt9exceptionD1Ev) referenced from rwthrowproc_impl.o(i._ZN4__rw20__rw_throw_exceptionEiPc)
 <LI><a href="#[a5]">operator delete[] (void*)</a> from array_del.o(i._ZdaPv) referenced from cxa_vec_new.o(i.__cxa_vec_new)
 <LI><a href="#[83]">__aeabi_unwind_cpp_pr0</a> from unwind_pr0.o(.text) referenced from unwinder.o(.text)
 <LI><a href="#[84]">__aeabi_unwind_cpp_pr1</a> from unwind_pr1.o(.text) referenced from unwinder.o(.text)
 <LI><a href="#[81]">__cxa_call_unexpected</a> from arm_exceptions_callunex.o(.text) referenced from unwind_prcommon.o(.text)
 <LI><a href="#[ae]">__cxa_pure_virtual</a> from pure_virt.o(i.__cxa_pure_virtual) referenced 2 times from device.o(.constdata__ZTV10deviceBase)
 <LI><a href="#[ae]">__cxa_pure_virtual</a> from pure_virt.o(i.__cxa_pure_virtual) referenced 4 times from icm20602.o(.constdata__ZTV6deviceI9threeAxishE)
 <LI><a href="#[ea]">__main</a> from __main.o(!!!main) referenced from startup_stm32f4xx.o(.text)
 <LI><a href="#[e7]">__sti___10_locale_cpp_ff99fc7b</a> from locale.o(i.__sti___10_locale_cpp_ff99fc7b) referenced from locale.o(.init_array)
 <LI><a href="#[e8]">__sti___10_rwcats_cpp_64e8068e</a> from rwcats.o(i.__sti___10_rwcats_cpp_64e8068e) referenced from rwcats.o(.init_array)
 <LI><a href="#[e4]">__sti___12_ICM20602_cpp_00915af1</a> from icm20602.o(i.__sti___12_ICM20602_cpp_00915af1) referenced from icm20602.o(.init_array)
 <LI><a href="#[e5]">__sti___21_calculateAttitude_cpp_initAHRS</a> from calculateattitude.o(i.__sti___21_calculateAttitude_cpp_initAHRS) referenced from calculateattitude.o(.init_array)
 <LI><a href="#[e6]">__sti___8_char_cpp_a3dc957a</a> from char.o(i.__sti___8_char_cpp_a3dc957a) referenced from char.o(.init_array)
 <LI><a href="#[88]">_get_lc_ctype</a> from lc_ctype_c.o(locale$$code) referenced from rt_ctype_table.o(.text)
 <LI><a href="#[7d]">_printf_input_char</a> from _printf_char_common.o(.text) referenced from _printf_char_common.o(.text)
 <LI><a href="#[87]">_sbackspace</a> from _sgetc.o(.text) referenced from sscanf.o(.text)
 <LI><a href="#[89]">_scanf_char_input</a> from scanf_char.o(.text) referenced from scanf_char.o(.text)
 <LI><a href="#[86]">_sgetc</a> from _sgetc.o(.text) referenced from sscanf.o(.text)
 <LI><a href="#[85]">_snputc</a> from _snputc.o(.text) referenced from vsnprintf.o(.text)
 <LI><a href="#[7a]">_sputc</a> from _sputc.o(.text) referenced from __2sprintf.o(.text)
 <LI><a href="#[8a]">isspace</a> from isspace.o(.text) referenced from scanf_char.o(.text)
</UL>
<P>
<H3>
Global Symbols
</H3>
<P><STRONG><a name="[ea]"></a>__main</STRONG> (Thumb, 8 bytes, Stack size 0 bytes, __main.o(!!!main))
<BR><BR>[Calls]<UL><LI><a href="#[ed]">&gt;&gt;</a>&nbsp;&nbsp;&nbsp;__rt_entry
<LI><a href="#[ec]">&gt;&gt;</a>&nbsp;&nbsp;&nbsp;__scatterload
</UL>

<P><STRONG><a name="[ec]"></a>__scatterload</STRONG> (Thumb, 0 bytes, Stack size unknown bytes, __scatter.o(!!!scatter))
<BR><BR>[Called By]<UL><LI><a href="#[ea]">&gt;&gt;</a>&nbsp;&nbsp;&nbsp;__main
</UL>

<P><STRONG><a name="[ee]"></a>__scatterload_rt2</STRONG> (Thumb, 44 bytes, Stack size unknown bytes, __scatter.o(!!!scatter), UNUSED)
<BR><BR>[Calls]<UL><LI><a href="#[ed]">&gt;&gt;</a>&nbsp;&nbsp;&nbsp;__rt_entry
</UL>

<P><STRONG><a name="[366]"></a>__scatterload_rt2_thumb_only</STRONG> (Thumb, 0 bytes, Stack size unknown bytes, __scatter.o(!!!scatter), UNUSED)

<P><STRONG><a name="[367]"></a>__scatterload_null</STRONG> (Thumb, 0 bytes, Stack size unknown bytes, __scatter.o(!!!scatter), UNUSED)

<P><STRONG><a name="[ef]"></a>__scatterload_copy</STRONG> (Thumb, 26 bytes, Stack size unknown bytes, __scatter_copy.o(!!handler_copy), UNUSED)
<BR><BR>[Calls]<UL><LI><a href="#[ef]">&gt;&gt;</a>&nbsp;&nbsp;&nbsp;__scatterload_copy
</UL>
<BR>[Called By]<UL><LI><a href="#[ef]">&gt;&gt;</a>&nbsp;&nbsp;&nbsp;__scatterload_copy
</UL>

<P><STRONG><a name="[368]"></a>__scatterload_zeroinit</STRONG> (Thumb, 28 bytes, Stack size unknown bytes, __scatter_zi.o(!!handler_zi), UNUSED)

<P><STRONG><a name="[f0]"></a>_printf_n</STRONG> (Thumb, 0 bytes, Stack size unknown bytes, _printf_n.o(.ARM.Collect$$_printf_percent$$00000001))
<BR><BR>[Calls]<UL><LI><a href="#[f1]">&gt;&gt;</a>&nbsp;&nbsp;&nbsp;_printf_charcount
</UL>

<P><STRONG><a name="[13a]"></a>_printf_percent</STRONG> (Thumb, 0 bytes, Stack size unknown bytes, _printf_percent.o(.ARM.Collect$$_printf_percent$$00000000))
<BR><BR>[Called By]<UL><LI><a href="#[138]">&gt;&gt;</a>&nbsp;&nbsp;&nbsp;__printf
</UL>

<P><STRONG><a name="[f2]"></a>_printf_p</STRONG> (Thumb, 0 bytes, Stack size unknown bytes, _printf_p.o(.ARM.Collect$$_printf_percent$$00000002))
<BR><BR>[Stack]<UL><LI>Max Depth = 64 + Unknown Stack Size
<LI>Call Chain = _printf_p &rArr; _printf_hex_ptr &rArr; _printf_longlong_hex &rArr; _printf_int_common &rArr; _printf_post_padding
</UL>
<BR>[Calls]<UL><LI><a href="#[f3]">&gt;&gt;</a>&nbsp;&nbsp;&nbsp;_printf_hex_ptr
</UL>

<P><STRONG><a name="[f4]"></a>_printf_f</STRONG> (Thumb, 0 bytes, Stack size unknown bytes, _printf_f.o(.ARM.Collect$$_printf_percent$$00000003))
<BR><BR>[Stack]<UL><LI>Max Depth = 324 + Unknown Stack Size
<LI>Call Chain = _printf_f &rArr; _printf_fp_dec &rArr; _printf_fp_dec_real &rArr; _fp_digits &rArr; _btod_etento &rArr; _btod_emul &rArr; _e2e
</UL>
<BR>[Calls]<UL><LI><a href="#[f5]">&gt;&gt;</a>&nbsp;&nbsp;&nbsp;_printf_fp_dec
</UL>

<P><STRONG><a name="[f6]"></a>_printf_e</STRONG> (Thumb, 0 bytes, Stack size unknown bytes, _printf_e.o(.ARM.Collect$$_printf_percent$$00000004))
<BR><BR>[Stack]<UL><LI>Max Depth = 324 + Unknown Stack Size
<LI>Call Chain = _printf_e &rArr; _printf_fp_dec &rArr; _printf_fp_dec_real &rArr; _fp_digits &rArr; _btod_etento &rArr; _btod_emul &rArr; _e2e
</UL>
<BR>[Calls]<UL><LI><a href="#[f5]">&gt;&gt;</a>&nbsp;&nbsp;&nbsp;_printf_fp_dec
</UL>

<P><STRONG><a name="[f7]"></a>_printf_g</STRONG> (Thumb, 0 bytes, Stack size unknown bytes, _printf_g.o(.ARM.Collect$$_printf_percent$$00000005))
<BR><BR>[Stack]<UL><LI>Max Depth = 324 + Unknown Stack Size
<LI>Call Chain = _printf_g &rArr; _printf_fp_dec &rArr; _printf_fp_dec_real &rArr; _fp_digits &rArr; _btod_etento &rArr; _btod_emul &rArr; _e2e
</UL>
<BR>[Calls]<UL><LI><a href="#[f5]">&gt;&gt;</a>&nbsp;&nbsp;&nbsp;_printf_fp_dec
</UL>

<P><STRONG><a name="[f8]"></a>_printf_a</STRONG> (Thumb, 0 bytes, Stack size unknown bytes, _printf_a.o(.ARM.Collect$$_printf_percent$$00000006))
<BR><BR>[Stack]<UL><LI>Max Depth = 112 + Unknown Stack Size
<LI>Call Chain = _printf_a &rArr; _printf_fp_hex &rArr; _printf_fp_hex_real &rArr; _printf_fp_infnan &rArr; _printf_post_padding
</UL>
<BR>[Calls]<UL><LI><a href="#[f9]">&gt;&gt;</a>&nbsp;&nbsp;&nbsp;_printf_fp_hex
</UL>

<P><STRONG><a name="[369]"></a>_printf_ll</STRONG> (Thumb, 0 bytes, Stack size unknown bytes, _printf_ll.o(.ARM.Collect$$_printf_percent$$00000007))

<P><STRONG><a name="[fa]"></a>_printf_i</STRONG> (Thumb, 0 bytes, Stack size unknown bytes, _printf_i.o(.ARM.Collect$$_printf_percent$$00000008))
<BR><BR>[Stack]<UL><LI>Max Depth = 72 + Unknown Stack Size
<LI>Call Chain = _printf_i &rArr; _printf_int_dec &rArr; _printf_int_common &rArr; _printf_post_padding
</UL>
<BR>[Calls]<UL><LI><a href="#[fb]">&gt;&gt;</a>&nbsp;&nbsp;&nbsp;_printf_int_dec
</UL>

<P><STRONG><a name="[fc]"></a>_printf_d</STRONG> (Thumb, 0 bytes, Stack size unknown bytes, _printf_d.o(.ARM.Collect$$_printf_percent$$00000009))
<BR><BR>[Stack]<UL><LI>Max Depth = 72 + Unknown Stack Size
<LI>Call Chain = _printf_d &rArr; _printf_int_dec &rArr; _printf_int_common &rArr; _printf_post_padding
</UL>
<BR>[Calls]<UL><LI><a href="#[fb]">&gt;&gt;</a>&nbsp;&nbsp;&nbsp;_printf_int_dec
</UL>

<P><STRONG><a name="[fd]"></a>_printf_u</STRONG> (Thumb, 0 bytes, Stack size unknown bytes, _printf_u.o(.ARM.Collect$$_printf_percent$$0000000A))
<BR><BR>[Stack]<UL><LI>Max Depth = 72 + Unknown Stack Size
<LI>Call Chain = _printf_u &rArr; _printf_int_dec &rArr; _printf_int_common &rArr; _printf_post_padding
</UL>
<BR>[Calls]<UL><LI><a href="#[fb]">&gt;&gt;</a>&nbsp;&nbsp;&nbsp;_printf_int_dec
</UL>

<P><STRONG><a name="[fe]"></a>_printf_o</STRONG> (Thumb, 0 bytes, Stack size unknown bytes, _printf_o.o(.ARM.Collect$$_printf_percent$$0000000B))
<BR><BR>[Stack]<UL><LI>Max Depth = 64 + Unknown Stack Size
<LI>Call Chain = _printf_o &rArr; _printf_int_oct &rArr; _printf_longlong_oct &rArr; _printf_int_common &rArr; _printf_post_padding
</UL>
<BR>[Calls]<UL><LI><a href="#[ff]">&gt;&gt;</a>&nbsp;&nbsp;&nbsp;_printf_int_oct
</UL>

<P><STRONG><a name="[100]"></a>_printf_x</STRONG> (Thumb, 0 bytes, Stack size unknown bytes, _printf_x.o(.ARM.Collect$$_printf_percent$$0000000C))
<BR><BR>[Stack]<UL><LI>Max Depth = 80 + Unknown Stack Size
<LI>Call Chain = _printf_x &rArr; _printf_int_hex &rArr; _printf_longlong_hex &rArr; _printf_int_common &rArr; _printf_post_padding
</UL>
<BR>[Calls]<UL><LI><a href="#[101]">&gt;&gt;</a>&nbsp;&nbsp;&nbsp;_printf_int_hex
</UL>

<P><STRONG><a name="[102]"></a>_printf_lli</STRONG> (Thumb, 0 bytes, Stack size unknown bytes, _printf_lli.o(.ARM.Collect$$_printf_percent$$0000000D))
<BR><BR>[Stack]<UL><LI>Max Depth = 72 + Unknown Stack Size
<LI>Call Chain = _printf_lli &rArr; _printf_longlong_dec &rArr; _printf_int_common &rArr; _printf_post_padding
</UL>
<BR>[Calls]<UL><LI><a href="#[103]">&gt;&gt;</a>&nbsp;&nbsp;&nbsp;_printf_longlong_dec
</UL>

<P><STRONG><a name="[104]"></a>_printf_lld</STRONG> (Thumb, 0 bytes, Stack size unknown bytes, _printf_lld.o(.ARM.Collect$$_printf_percent$$0000000E))
<BR><BR>[Stack]<UL><LI>Max Depth = 72 + Unknown Stack Size
<LI>Call Chain = _printf_lld &rArr; _printf_longlong_dec &rArr; _printf_int_common &rArr; _printf_post_padding
</UL>
<BR>[Calls]<UL><LI><a href="#[103]">&gt;&gt;</a>&nbsp;&nbsp;&nbsp;_printf_longlong_dec
</UL>

<P><STRONG><a name="[105]"></a>_printf_llu</STRONG> (Thumb, 0 bytes, Stack size unknown bytes, _printf_llu.o(.ARM.Collect$$_printf_percent$$0000000F))
<BR><BR>[Stack]<UL><LI>Max Depth = 72 + Unknown Stack Size
<LI>Call Chain = _printf_llu &rArr; _printf_longlong_dec &rArr; _printf_int_common &rArr; _printf_post_padding
</UL>
<BR>[Calls]<UL><LI><a href="#[103]">&gt;&gt;</a>&nbsp;&nbsp;&nbsp;_printf_longlong_dec
</UL>

<P><STRONG><a name="[106]"></a>_printf_llo</STRONG> (Thumb, 0 bytes, Stack size unknown bytes, _printf_llo.o(.ARM.Collect$$_printf_percent$$00000010))
<BR><BR>[Stack]<UL><LI>Max Depth = 56 + Unknown Stack Size
<LI>Call Chain = _printf_llo &rArr; _printf_ll_oct &rArr; _printf_longlong_oct &rArr; _printf_int_common &rArr; _printf_post_padding
</UL>
<BR>[Calls]<UL><LI><a href="#[107]">&gt;&gt;</a>&nbsp;&nbsp;&nbsp;_printf_ll_oct
</UL>

<P><STRONG><a name="[108]"></a>_printf_llx</STRONG> (Thumb, 0 bytes, Stack size unknown bytes, _printf_llx.o(.ARM.Collect$$_printf_percent$$00000011))
<BR><BR>[Stack]<UL><LI>Max Depth = 64 + Unknown Stack Size
<LI>Call Chain = _printf_llx &rArr; _printf_ll_hex &rArr; _printf_longlong_hex &rArr; _printf_int_common &rArr; _printf_post_padding
</UL>
<BR>[Calls]<UL><LI><a href="#[109]">&gt;&gt;</a>&nbsp;&nbsp;&nbsp;_printf_ll_hex
</UL>

<P><STRONG><a name="[36a]"></a>_printf_l</STRONG> (Thumb, 0 bytes, Stack size unknown bytes, _printf_l.o(.ARM.Collect$$_printf_percent$$00000012))

<P><STRONG><a name="[10a]"></a>_printf_c</STRONG> (Thumb, 0 bytes, Stack size unknown bytes, _printf_c.o(.ARM.Collect$$_printf_percent$$00000013))
<BR><BR>[Stack]<UL><LI>Max Depth = 40 + Unknown Stack Size
<LI>Call Chain = _printf_c &rArr; _printf_char &rArr; _printf_cs_common &rArr; _printf_str &rArr; _printf_post_padding
</UL>
<BR>[Calls]<UL><LI><a href="#[10b]">&gt;&gt;</a>&nbsp;&nbsp;&nbsp;_printf_char
</UL>

<P><STRONG><a name="[10c]"></a>_printf_s</STRONG> (Thumb, 0 bytes, Stack size unknown bytes, _printf_s.o(.ARM.Collect$$_printf_percent$$00000014))
<BR><BR>[Stack]<UL><LI>Max Depth = 40 + Unknown Stack Size
<LI>Call Chain = _printf_s &rArr; _printf_string &rArr; _printf_cs_common &rArr; _printf_str &rArr; _printf_post_padding
</UL>
<BR>[Calls]<UL><LI><a href="#[10d]">&gt;&gt;</a>&nbsp;&nbsp;&nbsp;_printf_string
</UL>

<P><STRONG><a name="[10e]"></a>_printf_lc</STRONG> (Thumb, 0 bytes, Stack size unknown bytes, _printf_lc.o(.ARM.Collect$$_printf_percent$$00000015))
<BR><BR>[Stack]<UL><LI>Max Depth = 88 + Unknown Stack Size
<LI>Call Chain = _printf_lc &rArr; _printf_wchar &rArr; _printf_lcs_common &rArr; _printf_wctomb &rArr; _wcrtomb &rArr; __rt_ctype_table
</UL>
<BR>[Calls]<UL><LI><a href="#[10f]">&gt;&gt;</a>&nbsp;&nbsp;&nbsp;_printf_wchar
</UL>

<P><STRONG><a name="[110]"></a>_printf_ls</STRONG> (Thumb, 0 bytes, Stack size unknown bytes, _printf_ls.o(.ARM.Collect$$_printf_percent$$00000016))
<BR><BR>[Stack]<UL><LI>Max Depth = 88 + Unknown Stack Size
<LI>Call Chain = _printf_ls &rArr; _printf_wstring &rArr; _printf_lcs_common &rArr; _printf_wctomb &rArr; _wcrtomb &rArr; __rt_ctype_table
</UL>
<BR>[Calls]<UL><LI><a href="#[111]">&gt;&gt;</a>&nbsp;&nbsp;&nbsp;_printf_wstring
</UL>

<P><STRONG><a name="[36b]"></a>_printf_percent_end</STRONG> (Thumb, 0 bytes, Stack size unknown bytes, _printf_percent_end.o(.ARM.Collect$$_printf_percent$$00000017))

<P><STRONG><a name="[125]"></a>__rt_lib_init</STRONG> (Thumb, 0 bytes, Stack size unknown bytes, libinit.o(.ARM.Collect$$libinit$$00000000))
<BR><BR>[Called By]<UL><LI><a href="#[124]">&gt;&gt;</a>&nbsp;&nbsp;&nbsp;__rt_entry_li
</UL>

<P><STRONG><a name="[112]"></a>__rt_lib_init_fp_1</STRONG> (Thumb, 0 bytes, Stack size unknown bytes, libinit2.o(.ARM.Collect$$libinit$$00000001))
<BR><BR>[Calls]<UL><LI><a href="#[113]">&gt;&gt;</a>&nbsp;&nbsp;&nbsp;_fp_init
</UL>

<P><STRONG><a name="[114]"></a>__rt_lib_init_heap_2</STRONG> (Thumb, 0 bytes, Stack size unknown bytes, libinit2.o(.ARM.Collect$$libinit$$00000005))
<BR><BR>[Stack]<UL><LI>Max Depth = 64 + Unknown Stack Size
<LI>Call Chain = __rt_lib_init_heap_2 &rArr; _init_alloc &rArr; __rt_SIGRTMEM &rArr; __rt_SIGRTMEM_inner &rArr; __default_signal_display &rArr; _ttywrch
</UL>
<BR>[Calls]<UL><LI><a href="#[115]">&gt;&gt;</a>&nbsp;&nbsp;&nbsp;_init_alloc
</UL>

<P><STRONG><a name="[36c]"></a>__rt_lib_init_preinit_1</STRONG> (Thumb, 0 bytes, Stack size unknown bytes, libinit2.o(.ARM.Collect$$libinit$$00000004))

<P><STRONG><a name="[36d]"></a>__rt_lib_init_heap_1</STRONG> (Thumb, 0 bytes, Stack size unknown bytes, libinit2.o(.ARM.Collect$$libinit$$0000000A))

<P><STRONG><a name="[116]"></a>__rt_lib_init_lc_common</STRONG> (Thumb, 0 bytes, Stack size unknown bytes, libinit2.o(.ARM.Collect$$libinit$$0000000F))
<BR><BR>[Calls]<UL><LI><a href="#[117]">&gt;&gt;</a>&nbsp;&nbsp;&nbsp;__rt_locale
</UL>

<P><STRONG><a name="[36e]"></a>__rt_lib_init_rand_1</STRONG> (Thumb, 0 bytes, Stack size unknown bytes, libinit2.o(.ARM.Collect$$libinit$$0000000E))

<P><STRONG><a name="[36f]"></a>__rt_lib_init_user_alloc_1</STRONG> (Thumb, 0 bytes, Stack size unknown bytes, libinit2.o(.ARM.Collect$$libinit$$0000000C))

<P><STRONG><a name="[118]"></a>__rt_lib_init_lc_collate_2</STRONG> (Thumb, 0 bytes, Stack size unknown bytes, libinit2.o(.ARM.Collect$$libinit$$00000010))
<BR><BR>[Stack]<UL><LI>Max Depth = 8 + Unknown Stack Size
<LI>Call Chain = __rt_lib_init_lc_collate_2 &rArr; _get_lc_collate
</UL>
<BR>[Calls]<UL><LI><a href="#[119]">&gt;&gt;</a>&nbsp;&nbsp;&nbsp;_get_lc_collate
</UL>

<P><STRONG><a name="[370]"></a>__rt_lib_init_lc_collate_1</STRONG> (Thumb, 0 bytes, Stack size unknown bytes, libinit2.o(.ARM.Collect$$libinit$$00000011))

<P><STRONG><a name="[11a]"></a>__rt_lib_init_lc_ctype_2</STRONG> (Thumb, 0 bytes, Stack size unknown bytes, libinit2.o(.ARM.Collect$$libinit$$00000012))
<BR><BR>[Stack]<UL><LI>Max Depth = 8 + Unknown Stack Size
<LI>Call Chain = __rt_lib_init_lc_ctype_2 &rArr; _get_lc_ctype
</UL>
<BR>[Calls]<UL><LI><a href="#[88]">&gt;&gt;</a>&nbsp;&nbsp;&nbsp;_get_lc_ctype
</UL>

<P><STRONG><a name="[371]"></a>__rt_lib_init_lc_ctype_1</STRONG> (Thumb, 0 bytes, Stack size unknown bytes, libinit2.o(.ARM.Collect$$libinit$$00000013))

<P><STRONG><a name="[11b]"></a>__rt_lib_init_lc_monetary_2</STRONG> (Thumb, 0 bytes, Stack size unknown bytes, libinit2.o(.ARM.Collect$$libinit$$00000014))
<BR><BR>[Stack]<UL><LI>Max Depth = 8 + Unknown Stack Size
<LI>Call Chain = __rt_lib_init_lc_monetary_2 &rArr; _get_lc_monetary
</UL>
<BR>[Calls]<UL><LI><a href="#[11c]">&gt;&gt;</a>&nbsp;&nbsp;&nbsp;_get_lc_monetary
</UL>

<P><STRONG><a name="[372]"></a>__rt_lib_init_lc_monetary_1</STRONG> (Thumb, 0 bytes, Stack size unknown bytes, libinit2.o(.ARM.Collect$$libinit$$00000015))

<P><STRONG><a name="[11d]"></a>__rt_lib_init_lc_numeric_2</STRONG> (Thumb, 0 bytes, Stack size unknown bytes, libinit2.o(.ARM.Collect$$libinit$$00000016))
<BR><BR>[Stack]<UL><LI>Max Depth = 8 + Unknown Stack Size
<LI>Call Chain = __rt_lib_init_lc_numeric_2 &rArr; _get_lc_numeric
</UL>
<BR>[Calls]<UL><LI><a href="#[11e]">&gt;&gt;</a>&nbsp;&nbsp;&nbsp;_get_lc_numeric
</UL>

<P><STRONG><a name="[373]"></a>__rt_lib_init_alloca_1</STRONG> (Thumb, 0 bytes, Stack size unknown bytes, libinit2.o(.ARM.Collect$$libinit$$0000002E))

<P><STRONG><a name="[374]"></a>__rt_lib_init_argv_1</STRONG> (Thumb, 0 bytes, Stack size unknown bytes, libinit2.o(.ARM.Collect$$libinit$$0000002C))

<P><STRONG><a name="[375]"></a>__rt_lib_init_atexit_1</STRONG> (Thumb, 0 bytes, Stack size unknown bytes, libinit2.o(.ARM.Collect$$libinit$$0000001B))

<P><STRONG><a name="[376]"></a>__rt_lib_init_clock_1</STRONG> (Thumb, 0 bytes, Stack size unknown bytes, libinit2.o(.ARM.Collect$$libinit$$00000021))

<P><STRONG><a name="[11f]"></a>__rt_lib_init_cpp_2</STRONG> (Thumb, 0 bytes, Stack size unknown bytes, libinit2.o(.ARM.Collect$$libinit$$00000031))
<BR><BR>[Stack]<UL><LI>Max Depth = 16 + Unknown Stack Size
<LI>Call Chain = __rt_lib_init_cpp_2 &rArr; __cpp_initialize__aeabi_
</UL>
<BR>[Calls]<UL><LI><a href="#[eb]">&gt;&gt;</a>&nbsp;&nbsp;&nbsp;__cpp_initialize__aeabi_
</UL>

<P><STRONG><a name="[377]"></a>__rt_lib_init_exceptions_1</STRONG> (Thumb, 0 bytes, Stack size unknown bytes, libinit2.o(.ARM.Collect$$libinit$$00000030))

<P><STRONG><a name="[378]"></a>__rt_lib_init_fp_trap_1</STRONG> (Thumb, 0 bytes, Stack size unknown bytes, libinit2.o(.ARM.Collect$$libinit$$0000001F))

<P><STRONG><a name="[379]"></a>__rt_lib_init_getenv_1</STRONG> (Thumb, 0 bytes, Stack size unknown bytes, libinit2.o(.ARM.Collect$$libinit$$00000023))

<P><STRONG><a name="[37a]"></a>__rt_lib_init_lc_numeric_1</STRONG> (Thumb, 0 bytes, Stack size unknown bytes, libinit2.o(.ARM.Collect$$libinit$$00000017))

<P><STRONG><a name="[37b]"></a>__rt_lib_init_lc_time_1</STRONG> (Thumb, 0 bytes, Stack size unknown bytes, libinit2.o(.ARM.Collect$$libinit$$00000019))

<P><STRONG><a name="[37c]"></a>__rt_lib_init_signal_1</STRONG> (Thumb, 0 bytes, Stack size unknown bytes, libinit2.o(.ARM.Collect$$libinit$$0000001D))

<P><STRONG><a name="[37d]"></a>__rt_lib_init_stdio_1</STRONG> (Thumb, 0 bytes, Stack size unknown bytes, libinit2.o(.ARM.Collect$$libinit$$00000025))

<P><STRONG><a name="[37e]"></a>__rt_lib_init_cpp_1</STRONG> (Thumb, 0 bytes, Stack size unknown bytes, libinit2.o(.ARM.Collect$$libinit$$00000032))

<P><STRONG><a name="[37f]"></a>__rt_lib_init_return</STRONG> (Thumb, 0 bytes, Stack size unknown bytes, libinit2.o(.ARM.Collect$$libinit$$00000033))

<P><STRONG><a name="[12a]"></a>__rt_lib_shutdown</STRONG> (Thumb, 0 bytes, Stack size unknown bytes, libshutdown.o(.ARM.Collect$$libshutdown$$00000000))
<BR><BR>[Called By]<UL><LI><a href="#[174]">&gt;&gt;</a>&nbsp;&nbsp;&nbsp;abort
<LI><a href="#[129]">&gt;&gt;</a>&nbsp;&nbsp;&nbsp;__rt_exit_ls
</UL>

<P><STRONG><a name="[120]"></a>__rt_lib_shutdown_cpp_2</STRONG> (Thumb, 0 bytes, Stack size unknown bytes, libshutdown2.o(.ARM.Collect$$libshutdown$$00000001))
<BR><BR>[Stack]<UL><LI>Max Depth = 40 + Unknown Stack Size
<LI>Call Chain = __rt_lib_shutdown_cpp_2 &rArr; __cxa_finalize &rArr; free
</UL>
<BR>[Calls]<UL><LI><a href="#[121]">&gt;&gt;</a>&nbsp;&nbsp;&nbsp;__cxa_finalize
</UL>

<P><STRONG><a name="[380]"></a>__rt_lib_shutdown_cpp_1</STRONG> (Thumb, 0 bytes, Stack size unknown bytes, libshutdown2.o(.ARM.Collect$$libshutdown$$00000002))

<P><STRONG><a name="[381]"></a>__rt_lib_shutdown_fp_trap_1</STRONG> (Thumb, 0 bytes, Stack size unknown bytes, libshutdown2.o(.ARM.Collect$$libshutdown$$00000007))

<P><STRONG><a name="[382]"></a>__rt_lib_shutdown_heap_1</STRONG> (Thumb, 0 bytes, Stack size unknown bytes, libshutdown2.o(.ARM.Collect$$libshutdown$$0000000F))

<P><STRONG><a name="[383]"></a>__rt_lib_shutdown_return</STRONG> (Thumb, 0 bytes, Stack size unknown bytes, libshutdown2.o(.ARM.Collect$$libshutdown$$00000010))

<P><STRONG><a name="[384]"></a>__rt_lib_shutdown_signal_1</STRONG> (Thumb, 0 bytes, Stack size unknown bytes, libshutdown2.o(.ARM.Collect$$libshutdown$$0000000A))

<P><STRONG><a name="[385]"></a>__rt_lib_shutdown_stdio_1</STRONG> (Thumb, 0 bytes, Stack size unknown bytes, libshutdown2.o(.ARM.Collect$$libshutdown$$00000004))

<P><STRONG><a name="[386]"></a>__rt_lib_shutdown_user_alloc_1</STRONG> (Thumb, 0 bytes, Stack size unknown bytes, libshutdown2.o(.ARM.Collect$$libshutdown$$0000000C))

<P><STRONG><a name="[ed]"></a>__rt_entry</STRONG> (Thumb, 0 bytes, Stack size unknown bytes, __rtentry.o(.ARM.Collect$$rtentry$$00000000))
<BR><BR>[Called By]<UL><LI><a href="#[ea]">&gt;&gt;</a>&nbsp;&nbsp;&nbsp;__main
<LI><a href="#[ee]">&gt;&gt;</a>&nbsp;&nbsp;&nbsp;__scatterload_rt2
</UL>

<P><STRONG><a name="[387]"></a>__rt_entry_presh_1</STRONG> (Thumb, 0 bytes, Stack size unknown bytes, __rtentry2.o(.ARM.Collect$$rtentry$$00000002))

<P><STRONG><a name="[122]"></a>__rt_entry_sh</STRONG> (Thumb, 0 bytes, Stack size unknown bytes, __rtentry4.o(.ARM.Collect$$rtentry$$00000004))
<BR><BR>[Stack]<UL><LI>Max Depth = 8 + Unknown Stack Size
<LI>Call Chain = __rt_entry_sh &rArr; __user_setup_stackheap
</UL>
<BR>[Calls]<UL><LI><a href="#[123]">&gt;&gt;</a>&nbsp;&nbsp;&nbsp;__user_setup_stackheap
</UL>

<P><STRONG><a name="[124]"></a>__rt_entry_li</STRONG> (Thumb, 0 bytes, Stack size unknown bytes, __rtentry2.o(.ARM.Collect$$rtentry$$0000000A))
<BR><BR>[Calls]<UL><LI><a href="#[125]">&gt;&gt;</a>&nbsp;&nbsp;&nbsp;__rt_lib_init
</UL>

<P><STRONG><a name="[388]"></a>__rt_entry_postsh_1</STRONG> (Thumb, 0 bytes, Stack size unknown bytes, __rtentry2.o(.ARM.Collect$$rtentry$$00000009))

<P><STRONG><a name="[126]"></a>__rt_entry_main</STRONG> (Thumb, 0 bytes, Stack size unknown bytes, __rtentry2.o(.ARM.Collect$$rtentry$$0000000D))
<BR><BR>[Stack]<UL><LI>Max Depth = 1400 + Unknown Stack Size
<LI>Call Chain = __rt_entry_main &rArr; main &rArr; [local to main_cpp]::running() &rArr;  [local to main_cpp]::running() (Cycle)
</UL>
<BR>[Calls]<UL><LI><a href="#[127]">&gt;&gt;</a>&nbsp;&nbsp;&nbsp;main
<LI><a href="#[128]">&gt;&gt;</a>&nbsp;&nbsp;&nbsp;exit
</UL>

<P><STRONG><a name="[389]"></a>__rt_entry_postli_1</STRONG> (Thumb, 0 bytes, Stack size unknown bytes, __rtentry2.o(.ARM.Collect$$rtentry$$0000000C))

<P><STRONG><a name="[1a0]"></a>__rt_exit</STRONG> (Thumb, 0 bytes, Stack size unknown bytes, rtexit.o(.ARM.Collect$$rtexit$$00000000))
<BR><BR>[Called By]<UL><LI><a href="#[128]">&gt;&gt;</a>&nbsp;&nbsp;&nbsp;exit
</UL>

<P><STRONG><a name="[129]"></a>__rt_exit_ls</STRONG> (Thumb, 0 bytes, Stack size unknown bytes, rtexit2.o(.ARM.Collect$$rtexit$$00000003))
<BR><BR>[Calls]<UL><LI><a href="#[12a]">&gt;&gt;</a>&nbsp;&nbsp;&nbsp;__rt_lib_shutdown
</UL>

<P><STRONG><a name="[38a]"></a>__rt_exit_prels_1</STRONG> (Thumb, 0 bytes, Stack size unknown bytes, rtexit2.o(.ARM.Collect$$rtexit$$00000002))

<P><STRONG><a name="[12b]"></a>__rt_exit_exit</STRONG> (Thumb, 0 bytes, Stack size unknown bytes, rtexit2.o(.ARM.Collect$$rtexit$$00000004))
<BR><BR>[Calls]<UL><LI><a href="#[12c]">&gt;&gt;</a>&nbsp;&nbsp;&nbsp;_sys_exit
</UL>

<P><STRONG><a name="[12d]"></a>__cxa_end_cleanup</STRONG> (Thumb, 32 bytes, Stack size 0 bytes, arm_exceptions_cleanup.o(.emb_text), UNUSED)
<BR><BR>[Calls]<UL><LI><a href="#[12e]">&gt;&gt;</a>&nbsp;&nbsp;&nbsp;__ARM_cxa_end_cleanup
<LI><a href="#[12f]">&gt;&gt;</a>&nbsp;&nbsp;&nbsp;_Unwind_Resume
</UL>

<P><STRONG><a name="[14a]"></a>_Unwind_Activity</STRONG> (Thumb, 4 bytes, Stack size 0 bytes, unwind_activity.o(.emb_text))
<BR><BR>[Called By]<UL><LI><a href="#[153]">&gt;&gt;</a>&nbsp;&nbsp;&nbsp;__cxa_throw
<LI><a href="#[149]">&gt;&gt;</a>&nbsp;&nbsp;&nbsp;__cxa_rethrow
<LI><a href="#[131]">&gt;&gt;</a>&nbsp;&nbsp;&nbsp;__ARM_Unwind_RaiseException
<LI><a href="#[17d]">&gt;&gt;</a>&nbsp;&nbsp;&nbsp;[local to unwinder_c]::find_and_expand_eit_entry(_Unwind_Control_Block*, unsigned)
<LI><a href="#[159]">&gt;&gt;</a>&nbsp;&nbsp;&nbsp;__ARM_unwind_cpp_prcommon
</UL>

<P><STRONG><a name="[d]"></a>__ARM_Unwind_VRS_VFPpreserve_low</STRONG> (Thumb, 6 bytes, Stack size 0 bytes, unwinder.o(.emb_text), UNUSED)

<P><STRONG><a name="[e]"></a>__ARM_Unwind_VRS_VFPpreserve_high</STRONG> (Thumb, 6 bytes, Stack size 0 bytes, unwinder.o(.emb_text), UNUSED)

<P><STRONG><a name="[f]"></a>__ARM_Unwind_VRS_VFPrestore_low</STRONG> (Thumb, 6 bytes, Stack size 0 bytes, unwinder.o(.emb_text), UNUSED)

<P><STRONG><a name="[10]"></a>__ARM_Unwind_VRS_VFPrestore_high</STRONG> (Thumb, 6 bytes, Stack size 0 bytes, unwinder.o(.emb_text), UNUSED)

<P><STRONG><a name="[180]"></a>__ARM_Unwind_VRS_corerestore</STRONG> (Thumb, 26 bytes, Stack size 0 bytes, unwinder.o(.emb_text))
<BR><BR>[Called By]<UL><LI><a href="#[17f]">&gt;&gt;</a>&nbsp;&nbsp;&nbsp;__ARM_unwind_next_frame
<LI><a href="#[132]">&gt;&gt;</a>&nbsp;&nbsp;&nbsp;__ARM_Unwind_Resume
</UL>

<P><STRONG><a name="[130]"></a>_Unwind_RaiseException</STRONG> (Thumb, 46 bytes, Stack size 0 bytes, unwinder.o(.emb_text))
<BR><BR>[Stack]<UL><LI>Max Depth = 408 + Unknown Stack Size
<LI>Call Chain = _Unwind_RaiseException &rArr; __ARM_Unwind_RaiseException &rArr; __ARM_unwind_next_frame &rArr; [local to unwinder_c]::find_and_expand_eit_entry(_Unwind_Control_Block*, unsigned) &rArr; bsearch
</UL>
<BR>[Calls]<UL><LI><a href="#[131]">&gt;&gt;</a>&nbsp;&nbsp;&nbsp;__ARM_Unwind_RaiseException
</UL>
<BR>[Called By]<UL><LI><a href="#[153]">&gt;&gt;</a>&nbsp;&nbsp;&nbsp;__cxa_throw
<LI><a href="#[149]">&gt;&gt;</a>&nbsp;&nbsp;&nbsp;__cxa_rethrow
</UL>

<P><STRONG><a name="[12f]"></a>_Unwind_Resume</STRONG> (Thumb, 28 bytes, Stack size 0 bytes, unwinder.o(.emb_text), UNUSED)
<BR><BR>[Calls]<UL><LI><a href="#[132]">&gt;&gt;</a>&nbsp;&nbsp;&nbsp;__ARM_Unwind_Resume
</UL>
<BR>[Called By]<UL><LI><a href="#[12d]">&gt;&gt;</a>&nbsp;&nbsp;&nbsp;__cxa_end_cleanup
</UL>

<P><STRONG><a name="[1c]"></a>Reset_Handler</STRONG> (Thumb, 8 bytes, Stack size 0 bytes, startup_stm32f4xx.o(.text))
<BR>[Address Reference Count : 1]<UL><LI> startup_stm32f4xx.o(RESET)
</UL>
<P><STRONG><a name="[38b]"></a>_maybe_terminate_alloc</STRONG> (Thumb, 0 bytes, Stack size 0 bytes, maybetermalloc1.o(.emb_text), UNUSED)

<P><STRONG><a name="[38]"></a>ADC_IRQHandler</STRONG> (Thumb, 0 bytes, Stack size 0 bytes, startup_stm32f4xx.o(.text))
<BR><BR>[Calls]<UL><LI><a href="#[38]">&gt;&gt;</a>&nbsp;&nbsp;&nbsp;ADC_IRQHandler
</UL>
<BR>[Called By]<UL><LI><a href="#[38]">&gt;&gt;</a>&nbsp;&nbsp;&nbsp;ADC_IRQHandler
</UL>
<BR>[Address Reference Count : 1]<UL><LI> startup_stm32f4xx.o(RESET)
</UL>
<P><STRONG><a name="[3a]"></a>CAN1_RX0_IRQHandler</STRONG> (Thumb, 0 bytes, Stack size 0 bytes, startup_stm32f4xx.o(.text))
<BR>[Address Reference Count : 1]<UL><LI> startup_stm32f4xx.o(RESET)
</UL>
<P><STRONG><a name="[3b]"></a>CAN1_RX1_IRQHandler</STRONG> (Thumb, 0 bytes, Stack size 0 bytes, startup_stm32f4xx.o(.text))
<BR>[Address Reference Count : 1]<UL><LI> startup_stm32f4xx.o(RESET)
</UL>
<P><STRONG><a name="[3c]"></a>CAN1_SCE_IRQHandler</STRONG> (Thumb, 0 bytes, Stack size 0 bytes, startup_stm32f4xx.o(.text))
<BR>[Address Reference Count : 1]<UL><LI> startup_stm32f4xx.o(RESET)
</UL>
<P><STRONG><a name="[39]"></a>CAN1_TX_IRQHandler</STRONG> (Thumb, 0 bytes, Stack size 0 bytes, startup_stm32f4xx.o(.text))
<BR>[Address Reference Count : 1]<UL><LI> startup_stm32f4xx.o(RESET)
</UL>
<P><STRONG><a name="[66]"></a>CAN2_RX0_IRQHandler</STRONG> (Thumb, 0 bytes, Stack size 0 bytes, startup_stm32f4xx.o(.text))
<BR>[Address Reference Count : 1]<UL><LI> startup_stm32f4xx.o(RESET)
</UL>
<P><STRONG><a name="[67]"></a>CAN2_RX1_IRQHandler</STRONG> (Thumb, 0 bytes, Stack size 0 bytes, startup_stm32f4xx.o(.text))
<BR>[Address Reference Count : 1]<UL><LI> startup_stm32f4xx.o(RESET)
</UL>
<P><STRONG><a name="[68]"></a>CAN2_SCE_IRQHandler</STRONG> (Thumb, 0 bytes, Stack size 0 bytes, startup_stm32f4xx.o(.text))
<BR>[Address Reference Count : 1]<UL><LI> startup_stm32f4xx.o(RESET)
</UL>
<P><STRONG><a name="[65]"></a>CAN2_TX_IRQHandler</STRONG> (Thumb, 0 bytes, Stack size 0 bytes, startup_stm32f4xx.o(.text))
<BR>[Address Reference Count : 1]<UL><LI> startup_stm32f4xx.o(RESET)
</UL>
<P><STRONG><a name="[75]"></a>CRYP_IRQHandler</STRONG> (Thumb, 0 bytes, Stack size 0 bytes, startup_stm32f4xx.o(.text))
<BR>[Address Reference Count : 1]<UL><LI> startup_stm32f4xx.o(RESET)
</UL>
<P><STRONG><a name="[74]"></a>DCMI_IRQHandler</STRONG> (Thumb, 0 bytes, Stack size 0 bytes, startup_stm32f4xx.o(.text))
<BR>[Address Reference Count : 1]<UL><LI> startup_stm32f4xx.o(RESET)
</UL>
<P><STRONG><a name="[31]"></a>DMA1_Stream0_IRQHandler</STRONG> (Thumb, 0 bytes, Stack size 0 bytes, startup_stm32f4xx.o(.text))
<BR>[Address Reference Count : 1]<UL><LI> startup_stm32f4xx.o(RESET)
</UL>
<P><STRONG><a name="[32]"></a>DMA1_Stream1_IRQHandler</STRONG> (Thumb, 0 bytes, Stack size 0 bytes, startup_stm32f4xx.o(.text))
<BR>[Address Reference Count : 1]<UL><LI> startup_stm32f4xx.o(RESET)
</UL>
<P><STRONG><a name="[33]"></a>DMA1_Stream2_IRQHandler</STRONG> (Thumb, 0 bytes, Stack size 0 bytes, startup_stm32f4xx.o(.text))
<BR>[Address Reference Count : 1]<UL><LI> startup_stm32f4xx.o(RESET)
</UL>
<P><STRONG><a name="[34]"></a>DMA1_Stream3_IRQHandler</STRONG> (Thumb, 0 bytes, Stack size 0 bytes, startup_stm32f4xx.o(.text))
<BR>[Address Reference Count : 1]<UL><LI> startup_stm32f4xx.o(RESET)
</UL>
<P><STRONG><a name="[35]"></a>DMA1_Stream4_IRQHandler</STRONG> (Thumb, 0 bytes, Stack size 0 bytes, startup_stm32f4xx.o(.text))
<BR>[Address Reference Count : 1]<UL><LI> startup_stm32f4xx.o(RESET)
</UL>
<P><STRONG><a name="[36]"></a>DMA1_Stream5_IRQHandler</STRONG> (Thumb, 0 bytes, Stack size 0 bytes, startup_stm32f4xx.o(.text))
<BR>[Address Reference Count : 1]<UL><LI> startup_stm32f4xx.o(RESET)
</UL>
<P><STRONG><a name="[37]"></a>DMA1_Stream6_IRQHandler</STRONG> (Thumb, 0 bytes, Stack size 0 bytes, startup_stm32f4xx.o(.text))
<BR>[Address Reference Count : 1]<UL><LI> startup_stm32f4xx.o(RESET)
</UL>
<P><STRONG><a name="[55]"></a>DMA1_Stream7_IRQHandler</STRONG> (Thumb, 0 bytes, Stack size 0 bytes, startup_stm32f4xx.o(.text))
<BR>[Address Reference Count : 1]<UL><LI> startup_stm32f4xx.o(RESET)
</UL>
<P><STRONG><a name="[5e]"></a>DMA2_Stream0_IRQHandler</STRONG> (Thumb, 0 bytes, Stack size 0 bytes, startup_stm32f4xx.o(.text))
<BR>[Address Reference Count : 1]<UL><LI> startup_stm32f4xx.o(RESET)
</UL>
<P><STRONG><a name="[5f]"></a>DMA2_Stream1_IRQHandler</STRONG> (Thumb, 0 bytes, Stack size 0 bytes, startup_stm32f4xx.o(.text))
<BR>[Address Reference Count : 1]<UL><LI> startup_stm32f4xx.o(RESET)
</UL>
<P><STRONG><a name="[60]"></a>DMA2_Stream2_IRQHandler</STRONG> (Thumb, 0 bytes, Stack size 0 bytes, startup_stm32f4xx.o(.text))
<BR>[Address Reference Count : 1]<UL><LI> startup_stm32f4xx.o(RESET)
</UL>
<P><STRONG><a name="[61]"></a>DMA2_Stream3_IRQHandler</STRONG> (Thumb, 0 bytes, Stack size 0 bytes, startup_stm32f4xx.o(.text))
<BR>[Address Reference Count : 1]<UL><LI> startup_stm32f4xx.o(RESET)
</UL>
<P><STRONG><a name="[62]"></a>DMA2_Stream4_IRQHandler</STRONG> (Thumb, 0 bytes, Stack size 0 bytes, startup_stm32f4xx.o(.text))
<BR>[Address Reference Count : 1]<UL><LI> startup_stm32f4xx.o(RESET)
</UL>
<P><STRONG><a name="[6a]"></a>DMA2_Stream5_IRQHandler</STRONG> (Thumb, 0 bytes, Stack size 0 bytes, startup_stm32f4xx.o(.text))
<BR>[Address Reference Count : 1]<UL><LI> startup_stm32f4xx.o(RESET)
</UL>
<P><STRONG><a name="[6b]"></a>DMA2_Stream6_IRQHandler</STRONG> (Thumb, 0 bytes, Stack size 0 bytes, startup_stm32f4xx.o(.text))
<BR>[Address Reference Count : 1]<UL><LI> startup_stm32f4xx.o(RESET)
</UL>
<P><STRONG><a name="[6c]"></a>DMA2_Stream7_IRQHandler</STRONG> (Thumb, 0 bytes, Stack size 0 bytes, startup_stm32f4xx.o(.text))
<BR>[Address Reference Count : 1]<UL><LI> startup_stm32f4xx.o(RESET)
</UL>
<P><STRONG><a name="[63]"></a>ETH_IRQHandler</STRONG> (Thumb, 0 bytes, Stack size 0 bytes, startup_stm32f4xx.o(.text))
<BR>[Address Reference Count : 1]<UL><LI> startup_stm32f4xx.o(RESET)
</UL>
<P><STRONG><a name="[64]"></a>ETH_WKUP_IRQHandler</STRONG> (Thumb, 0 bytes, Stack size 0 bytes, startup_stm32f4xx.o(.text))
<BR>[Address Reference Count : 1]<UL><LI> startup_stm32f4xx.o(RESET)
</UL>
<P><STRONG><a name="[2c]"></a>EXTI0_IRQHandler</STRONG> (Thumb, 0 bytes, Stack size 0 bytes, startup_stm32f4xx.o(.text))
<BR>[Address Reference Count : 1]<UL><LI> startup_stm32f4xx.o(RESET)
</UL>
<P><STRONG><a name="[4e]"></a>EXTI15_10_IRQHandler</STRONG> (Thumb, 0 bytes, Stack size 0 bytes, startup_stm32f4xx.o(.text))
<BR>[Address Reference Count : 1]<UL><LI> startup_stm32f4xx.o(RESET)
</UL>
<P><STRONG><a name="[2d]"></a>EXTI1_IRQHandler</STRONG> (Thumb, 0 bytes, Stack size 0 bytes, startup_stm32f4xx.o(.text))
<BR>[Address Reference Count : 1]<UL><LI> startup_stm32f4xx.o(RESET)
</UL>
<P><STRONG><a name="[2e]"></a>EXTI2_IRQHandler</STRONG> (Thumb, 0 bytes, Stack size 0 bytes, startup_stm32f4xx.o(.text))
<BR>[Address Reference Count : 1]<UL><LI> startup_stm32f4xx.o(RESET)
</UL>
<P><STRONG><a name="[2f]"></a>EXTI3_IRQHandler</STRONG> (Thumb, 0 bytes, Stack size 0 bytes, startup_stm32f4xx.o(.text))
<BR>[Address Reference Count : 1]<UL><LI> startup_stm32f4xx.o(RESET)
</UL>
<P><STRONG><a name="[30]"></a>EXTI4_IRQHandler</STRONG> (Thumb, 0 bytes, Stack size 0 bytes, startup_stm32f4xx.o(.text))
<BR>[Address Reference Count : 1]<UL><LI> startup_stm32f4xx.o(RESET)
</UL>
<P><STRONG><a name="[3d]"></a>EXTI9_5_IRQHandler</STRONG> (Thumb, 0 bytes, Stack size 0 bytes, startup_stm32f4xx.o(.text))
<BR>[Address Reference Count : 1]<UL><LI> startup_stm32f4xx.o(RESET)
</UL>
<P><STRONG><a name="[2a]"></a>FLASH_IRQHandler</STRONG> (Thumb, 0 bytes, Stack size 0 bytes, startup_stm32f4xx.o(.text))
<BR>[Address Reference Count : 1]<UL><LI> startup_stm32f4xx.o(RESET)
</UL>
<P><STRONG><a name="[77]"></a>FPU_IRQHandler</STRONG> (Thumb, 0 bytes, Stack size 0 bytes, startup_stm32f4xx.o(.text))
<BR>[Address Reference Count : 1]<UL><LI> startup_stm32f4xx.o(RESET)
</UL>
<P><STRONG><a name="[56]"></a>FSMC_IRQHandler</STRONG> (Thumb, 0 bytes, Stack size 0 bytes, startup_stm32f4xx.o(.text))
<BR>[Address Reference Count : 1]<UL><LI> startup_stm32f4xx.o(RESET)
</UL>
<P><STRONG><a name="[76]"></a>HASH_RNG_IRQHandler</STRONG> (Thumb, 0 bytes, Stack size 0 bytes, startup_stm32f4xx.o(.text))
<BR>[Address Reference Count : 1]<UL><LI> startup_stm32f4xx.o(RESET)
</UL>
<P><STRONG><a name="[46]"></a>I2C1_ER_IRQHandler</STRONG> (Thumb, 0 bytes, Stack size 0 bytes, startup_stm32f4xx.o(.text))
<BR>[Address Reference Count : 1]<UL><LI> startup_stm32f4xx.o(RESET)
</UL>
<P><STRONG><a name="[45]"></a>I2C1_EV_IRQHandler</STRONG> (Thumb, 0 bytes, Stack size 0 bytes, startup_stm32f4xx.o(.text))
<BR>[Address Reference Count : 1]<UL><LI> startup_stm32f4xx.o(RESET)
</UL>
<P><STRONG><a name="[48]"></a>I2C2_ER_IRQHandler</STRONG> (Thumb, 0 bytes, Stack size 0 bytes, startup_stm32f4xx.o(.text))
<BR>[Address Reference Count : 1]<UL><LI> startup_stm32f4xx.o(RESET)
</UL>
<P><STRONG><a name="[47]"></a>I2C2_EV_IRQHandler</STRONG> (Thumb, 0 bytes, Stack size 0 bytes, startup_stm32f4xx.o(.text))
<BR>[Address Reference Count : 1]<UL><LI> startup_stm32f4xx.o(RESET)
</UL>
<P><STRONG><a name="[6f]"></a>I2C3_ER_IRQHandler</STRONG> (Thumb, 0 bytes, Stack size 0 bytes, startup_stm32f4xx.o(.text))
<BR>[Address Reference Count : 1]<UL><LI> startup_stm32f4xx.o(RESET)
</UL>
<P><STRONG><a name="[6e]"></a>I2C3_EV_IRQHandler</STRONG> (Thumb, 0 bytes, Stack size 0 bytes, startup_stm32f4xx.o(.text))
<BR>[Address Reference Count : 1]<UL><LI> startup_stm32f4xx.o(RESET)
</UL>
<P><STRONG><a name="[69]"></a>OTG_FS_IRQHandler</STRONG> (Thumb, 0 bytes, Stack size 0 bytes, startup_stm32f4xx.o(.text))
<BR>[Address Reference Count : 1]<UL><LI> startup_stm32f4xx.o(RESET)
</UL>
<P><STRONG><a name="[50]"></a>OTG_FS_WKUP_IRQHandler</STRONG> (Thumb, 0 bytes, Stack size 0 bytes, startup_stm32f4xx.o(.text))
<BR>[Address Reference Count : 1]<UL><LI> startup_stm32f4xx.o(RESET)
</UL>
<P><STRONG><a name="[71]"></a>OTG_HS_EP1_IN_IRQHandler</STRONG> (Thumb, 0 bytes, Stack size 0 bytes, startup_stm32f4xx.o(.text))
<BR>[Address Reference Count : 1]<UL><LI> startup_stm32f4xx.o(RESET)
</UL>
<P><STRONG><a name="[70]"></a>OTG_HS_EP1_OUT_IRQHandler</STRONG> (Thumb, 0 bytes, Stack size 0 bytes, startup_stm32f4xx.o(.text))
<BR>[Address Reference Count : 1]<UL><LI> startup_stm32f4xx.o(RESET)
</UL>
[...]
<LI><a href="#[8d]">&gt;&gt;</a>&nbsp;&nbsp;&nbsp;action_matrix::~action_matrix()
</UL>
<BR>[Address Reference Count : 1]<UL><LI> calculateattitude.o(i._ZN9aukf9axisC1Ev)
</UL>
<P><STRONG><a name="[e5]"></a>__sti___21_calculateAttitude_cpp_initAHRS</STRONG> (Thumb, 64 bytes, Stack size 8 bytes, calculateattitude.o(i.__sti___21_calculateAttitude_cpp_initAHRS))
<BR><BR>[Stack]<UL><LI>Max Depth = 712 + Unknown Stack Size
<LI>Call Chain = __sti___21_calculateAttitude_cpp_initAHRS &rArr; aukf9axis::aukf9axis() &rArr; AUKF::AUKF(float, float, float, const action_matrix&, const action_matrix&, const action_matrix&, const action_matrix&, const action_matrix&, action_matrix(*)(const action_matrix&, const action_matrix&), action_matrix(*)(const action_matrix&), unsigned) &rArr; __aeabi_vec_new_cookie &rArr; __cxa_vec_new &rArr; __ARM_array_new_general &rArr; __cxa_rethrow &rArr; _Unwind_RaiseException &rArr; __ARM_Unwind_RaiseException &rArr; __ARM_unwind_next_frame &rArr; [local to unwinder_c]::find_and_expand_eit_entry(_Unwind_Control_Block*, unsigned) &rArr; bsearch
</UL>
<BR>[Calls]<UL><LI><a href="#[29b]">&gt;&gt;</a>&nbsp;&nbsp;&nbsp;aukf9axis::aukf9axis()
<LI><a href="#[1c1]">&gt;&gt;</a>&nbsp;&nbsp;&nbsp;action_matrix::action_matrix(unsigned, unsigned, unsigned char)
<LI><a href="#[13b]">&gt;&gt;</a>&nbsp;&nbsp;&nbsp;__aeabi_atexit
</UL>
<BR>[Address Reference Count : 1]<UL><LI> calculateattitude.o(.init_array)
</UL>
<P><STRONG><a name="[1dc]"></a>SetSysClock</STRONG> (Thumb, 220 bytes, Stack size 12 bytes, system_stm32f4xx.o(i.SetSysClock))
<BR><BR>[Stack]<UL><LI>Max Depth = 12<LI>Call Chain = SetSysClock
</UL>
<BR>[Called By]<UL><LI><a href="#[78]">&gt;&gt;</a>&nbsp;&nbsp;&nbsp;SystemInit
</UL>

<P><STRONG><a name="[7c]"></a>[local to arm_exceptions_c]::armcpp_exception_cleanup(_Unwind_Reason_Code, _Unwind_Control_Block*)</STRONG> (Thumb, 66 bytes, Stack size 24 bytes, arm_exceptions_throw.o(.text))
<BR><BR>[Stack]<UL><LI>Max Depth = 448 + Unknown Stack Size
<LI>Call Chain = [local to arm_exceptions_c]::armcpp_exception_cleanup(_Unwind_Reason_Code, _Unwind_Control_Block*) &rArr; __cxa_rethrow &rArr; _Unwind_RaiseException &rArr; __ARM_Unwind_RaiseException &rArr; __ARM_unwind_next_frame &rArr; [local to unwinder_c]::find_and_expand_eit_entry(_Unwind_Control_Block*, unsigned) &rArr; bsearch
</UL>
<BR>[Calls]<UL><LI><a href="#[14c]">&gt;&gt;</a>&nbsp;&nbsp;&nbsp;__cxa_begin_catch
<LI><a href="#[149]">&gt;&gt;</a>&nbsp;&nbsp;&nbsp;__cxa_rethrow
<LI><a href="#[141]">&gt;&gt;</a>&nbsp;&nbsp;&nbsp;__cxa_get_globals
<LI><a href="#[145]">&gt;&gt;</a>&nbsp;&nbsp;&nbsp;__cxa_free_exception
</UL>
<BR>[Address Reference Count : 1]<UL><LI> arm_exceptions_throw.o(.text)
</UL>
<P><STRONG><a name="[360]"></a>_dadd1</STRONG> (Thumb, 0 bytes, Stack size unknown bytes, daddsub_clz.o(x$fpl$dadd), UNUSED)
<BR><BR>[Called By]<UL><LI><a href="#[361]">&gt;&gt;</a>&nbsp;&nbsp;&nbsp;_dsub
<LI><a href="#[35f]">&gt;&gt;</a>&nbsp;&nbsp;&nbsp;_drsb
</UL>

<P><STRONG><a name="[353]"></a>_dsub1</STRONG> (Thumb, 0 bytes, Stack size unknown bytes, daddsub_clz.o(x$fpl$dsub), UNUSED)
<BR><BR>[Called By]<UL><LI><a href="#[35f]">&gt;&gt;</a>&nbsp;&nbsp;&nbsp;_drsb
<LI><a href="#[352]">&gt;&gt;</a>&nbsp;&nbsp;&nbsp;_dadd
</UL>

<P><STRONG><a name="[162]"></a>_fp_digits</STRONG> (Thumb, 432 bytes, Stack size 96 bytes, _printf_fp_dec.o(.text))
<BR><BR>[Stack]<UL><LI>Max Depth = 220<LI>Call Chain = _fp_digits &rArr; _btod_etento &rArr; _btod_emul &rArr; _e2e
</UL>
<BR>[Calls]<UL><LI><a href="#[166]">&gt;&gt;</a>&nbsp;&nbsp;&nbsp;_btod_emul
<LI><a href="#[165]">&gt;&gt;</a>&nbsp;&nbsp;&nbsp;_btod_ediv
<LI><a href="#[164]">&gt;&gt;</a>&nbsp;&nbsp;&nbsp;_btod_d2e
<LI><a href="#[163]">&gt;&gt;</a>&nbsp;&nbsp;&nbsp;_btod_etento
<LI><a href="#[167]">&gt;&gt;</a>&nbsp;&nbsp;&nbsp;_ll_udiv10
</UL>
<BR>[Called By]<UL><LI><a href="#[168]">&gt;&gt;</a>&nbsp;&nbsp;&nbsp;_printf_fp_dec_real
</UL>

<P><STRONG><a name="[7d]"></a>_printf_input_char</STRONG> (Thumb, 10 bytes, Stack size 0 bytes, _printf_char_common.o(.text))
<BR>[Address Reference Count : 1]<UL><LI> _printf_char_common.o(.text)
</UL>
<P><STRONG><a name="[23e]"></a>[local to rwstdexcept_cpp]::__rw::__rw_vfmatstr(char*, unsigned, const char*, std::__va_list)</STRONG> (Thumb, 88 bytes, Stack size 24 bytes, rwstdexcept.o(i._ZN37_INTERNAL_15_rwstdexcept_cpp_8697b68a4__rw13__rw_vfmatstrEPcjPKcSt9__va_list))
<BR><BR>[Stack]<UL><LI>Max Depth = 152 + Unknown Stack Size
<LI>Call Chain = [local to rwstdexcept_cpp]::__rw::__rw_vfmatstr(char*, unsigned, const char*, std::__va_list) &rArr; vsnprintf &rArr; _printf_char_common &rArr; __printf
</UL>
<BR>[Calls]<UL><LI><a href="#[20f]">&gt;&gt;</a>&nbsp;&nbsp;&nbsp;operator new[] (unsigned)
<LI><a href="#[a5]">&gt;&gt;</a>&nbsp;&nbsp;&nbsp;operator delete[] (void*)
<LI><a href="#[185]">&gt;&gt;</a>&nbsp;&nbsp;&nbsp;vsnprintf
</UL>
<BR>[Called By]<UL><LI><a href="#[26a]">&gt;&gt;</a>&nbsp;&nbsp;&nbsp;std::__rw_exception::_C_vformat(int, std::__va_list)
<LI><a href="#[2b6]">&gt;&gt;</a>&nbsp;&nbsp;&nbsp;std::__rw_exception::_C_vformat(const char*, std::__va_list)
<LI><a href="#[23f]">&gt;&gt;</a>&nbsp;&nbsp;&nbsp;[local to rwstdexcept_cpp]::__rw::__rw_vfmatstr(char*, unsigned, int, std::__va_list)
</UL>

<P><STRONG><a name="[23f]"></a>[local to rwstdexcept_cpp]::__rw::__rw_vfmatstr(char*, unsigned, int, std::__va_list)</STRONG> (Thumb, 296 bytes, Stack size 88 bytes, rwstdexcept.o(i._ZN37_INTERNAL_15_rwstdexcept_cpp_8697b68a4__rw13__rw_vfmatstrEPcjiSt9__va_list))
<BR><BR>[Stack]<UL><LI>Max Depth = 688 + Unknown Stack Size
<LI>Call Chain = [local to rwstdexcept_cpp]::__rw::__rw_vfmatstr(char*, unsigned, int, std::__va_list) &rArr; std::locale::locale() &rArr; std::locale::_C_init() &rArr; __rw::__rw_locale_imp::__rw_locale_imp(const char*, unsigned, unsigned) &rArr; __aeabi_vec_new_cookie &rArr; __cxa_vec_new &rArr; __ARM_array_new_general &rArr; __cxa_rethrow &rArr; _Unwind_RaiseException &rArr; __ARM_Unwind_RaiseException &rArr; __ARM_unwind_next_frame &rArr; [local to unwinder_c]::find_and_expand_eit_entry(_Unwind_Control_Block*, unsigned) &rArr; bsearch
</UL>
<BR>[Calls]<UL><LI><a href="#[243]">&gt;&gt;</a>&nbsp;&nbsp;&nbsp;std::locale::locale()
<LI><a href="#[23e]">&gt;&gt;</a>&nbsp;&nbsp;&nbsp;[local to rwstdexcept_cpp]::__rw::__rw_vfmatstr(char*, unsigned, const char*, std::__va_list)
<LI><a href="#[8f]">&gt;&gt;</a>&nbsp;&nbsp;&nbsp;std::basic_string&lang;char, std::char_traits&lang;char&rang;, std::allocator&lang;char&rang;&rang;::~basic_string()
<LI><a href="#[242]">&gt;&gt;</a>&nbsp;&nbsp;&nbsp;std::basic_string&lang;char, std::char_traits&lang;char&rang;, std::allocator&lang;char&rang;&rang;::basic_string(const std::basic_string&lang;char, std::char_traits&lang;char&rang;, std::allocator&lang;char&rang;&rang;&)
<LI><a href="#[240]">&gt;&gt;</a>&nbsp;&nbsp;&nbsp;strrchr
<LI><a href="#[186]">&gt;&gt;</a>&nbsp;&nbsp;&nbsp;sscanf
<LI><a href="#[241]">&gt;&gt;</a>&nbsp;&nbsp;&nbsp;std::basic_string&lang;char, std::char_traits&lang;char&rang;, std::allocator&lang;char&rang;&rang;::basic_string(const char*, const std::allocator&lang;char&rang;&)
<LI><a href="#[a2]">&gt;&gt;</a>&nbsp;&nbsp;&nbsp;std::locale::~locale()
</UL>
<BR>[Called By]<UL><LI><a href="#[26a]">&gt;&gt;</a>&nbsp;&nbsp;&nbsp;std::__rw_exception::_C_vformat(int, std::__va_list)
</UL>

<P><STRONG><a name="[a6]"></a>[local to rtti_c]::tbc_downcast(void*, const std::type_info*, a_base_class_traversal_block*, __cxxabiv1::__base_class_type_info*)</STRONG> (Thumb, 70 bytes, Stack size 24 bytes, rtti.o(i._ZN27_INTERNAL_6_rtti_c_066a44b012tbc_downcastEPvPKSt9type_infoP28a_base_class_traversal_blockPN10__cxxabiv122__base_class_type_infoE))
<BR><BR>[Stack]<UL><LI>Max Depth = 40<LI>Call Chain = [local to rtti_c]::tbc_downcast(void*, const std::type_info*, a_base_class_traversal_block*, __cxxabiv1::__base_class_type_info*) &rArr; std::type_info::operator ==(const std::type_info&) const
</UL>
<BR>[Calls]<UL><LI><a href="#[150]">&gt;&gt;</a>&nbsp;&nbsp;&nbsp;std::type_info::operator ==(const std::type_info&) const
</UL>
<BR>[Address Reference Count : 1]<UL><LI> rtti.o(i.__dynamic_cast)
</UL>
<P><STRONG><a name="[a7]"></a>[local to rtti_c]::tbc_post_downcast(void*, const std::type_info*, a_base_class_traversal_block*, __cxxabiv1::__base_class_type_info*)</STRONG> (Thumb, 22 bytes, Stack size 8 bytes, rtti.o(i._ZN27_INTERNAL_6_rtti_c_066a44b017tbc_post_downcastEPvPKSt9type_infoP28a_base_class_traversal_blockPN10__cxxabiv122__base_class_type_infoE))
<BR><BR>[Stack]<UL><LI>Max Depth = 24<LI>Call Chain = [local to rtti_c]::tbc_post_downcast(void*, const std::type_info*, a_base_class_traversal_block*, __cxxabiv1::__base_class_type_info*) &rArr; std::type_info::operator ==(const std::type_info&) const
</UL>
<BR>[Calls]<UL><LI><a href="#[150]">&gt;&gt;</a>&nbsp;&nbsp;&nbsp;std::type_info::operator ==(const std::type_info&) const
</UL>
<BR>[Address Reference Count : 1]<UL><LI> rtti.o(i.__dynamic_cast)
</UL>
<P><STRONG><a name="[237]"></a>[local to rtti_c]::traverse_base_classes(void*, const std::type_info*, a_base_class_traversal_block*, __cxxabiv1::__base_class_type_info*)</STRONG> (Thumb, 156 bytes, Stack size 24 bytes, rtti.o(i._ZN27_INTERNAL_6_rtti_c_066a44b021traverse_base_classesEPvPKSt9type_infoP28a_base_class_traversal_blockPN10__cxxabiv122__base_class_type_infoE), UNUSED)
<BR><BR>[Calls]<UL><LI><a href="#[238]">&gt;&gt;</a>&nbsp;&nbsp;&nbsp;[local to rtti_c]::get_virtual_base_pointer(void*, __cxxabiv1::__base_class_type_info*)
<LI><a href="#[237]">&gt;&gt;</a>&nbsp;&nbsp;&nbsp;[local to rtti_c]::traverse_base_classes(void*, const std::type_info*, a_base_class_traversal_block*, __cxxabiv1::__base_class_type_info*)
<LI><a href="#[155]">&gt;&gt;</a>&nbsp;&nbsp;&nbsp;__ARM_common_get_typeid
<LI><a href="#[150]">&gt;&gt;</a>&nbsp;&nbsp;&nbsp;std::type_info::operator ==(const std::type_info&) const
</UL>
<BR>[Called By]<UL><LI><a href="#[2de]">&gt;&gt;</a>&nbsp;&nbsp;&nbsp;__dynamic_cast
<LI><a href="#[237]">&gt;&gt;</a>&nbsp;&nbsp;&nbsp;[local to rtti_c]::traverse_base_classes(void*, const std::type_info*, a_base_class_traversal_block*, __cxxabiv1::__base_class_type_info*)
</UL>

<P><STRONG><a name="[239]"></a>[local to rtti_c]::find_base_class_at_addr(void*, void*, const std::type_info*, const std::type_info*, int*)</STRONG> (Thumb, 182 bytes, Stack size 56 bytes, rtti.o(i._ZN27_INTERNAL_6_rtti_c_066a44b023find_base_class_at_addrEPvS0_PKSt9type_infoS3_Pi), UNUSED)
<BR><BR>[Calls]<UL><LI><a href="#[238]">&gt;&gt;</a>&nbsp;&nbsp;&nbsp;[local to rtti_c]::get_virtual_base_pointer(void*, __cxxabiv1::__base_class_type_info*)
<LI><a href="#[239]">&gt;&gt;</a>&nbsp;&nbsp;&nbsp;[local to rtti_c]::find_base_class_at_addr(void*, void*, const std::type_info*, const std::type_info*, int*)
<LI><a href="#[155]">&gt;&gt;</a>&nbsp;&nbsp;&nbsp;__ARM_common_get_typeid
<LI><a href="#[150]">&gt;&gt;</a>&nbsp;&nbsp;&nbsp;std::type_info::operator ==(const std::type_info&) const
</UL>
<BR>[Called By]<UL><LI><a href="#[2de]">&gt;&gt;</a>&nbsp;&nbsp;&nbsp;__dynamic_cast
<LI><a href="#[239]">&gt;&gt;</a>&nbsp;&nbsp;&nbsp;[local to rtti_c]::find_base_class_at_addr(void*, void*, const std::type_info*, const std::type_info*, int*)
</UL>

<P><STRONG><a name="[238]"></a>[local to rtti_c]::get_virtual_base_pointer(void*, __cxxabiv1::__base_class_type_info*)</STRONG> (Thumb, 14 bytes, Stack size 0 bytes, rtti.o(i._ZN27_INTERNAL_6_rtti_c_066a44b024get_virtual_base_pointerEPvPN10__cxxabiv122__base_class_type_infoE))
<BR><BR>[Called By]<UL><LI><a href="#[23a]">&gt;&gt;</a>&nbsp;&nbsp;&nbsp;[local to rtti_c]::derived_to_base_conversion_r(void*, void**, const std::type_info*, const std::type_info*, unsigned, int*, int, const std::type_info**, a_result_virtuality*, int*)
<LI><a href="#[239]">&gt;&gt;</a>&nbsp;&nbsp;&nbsp;[local to rtti_c]::find_base_class_at_addr(void*, void*, const std::type_info*, const std::type_info*, int*)
<LI><a href="#[237]">&gt;&gt;</a>&nbsp;&nbsp;&nbsp;[local to rtti_c]::traverse_base_classes(void*, const std::type_info*, a_base_class_traversal_block*, __cxxabiv1::__base_class_type_info*)
</UL>

<P><STRONG><a name="[23a]"></a>[local to rtti_c]::derived_to_base_conversion_r(void*, void**, const std::type_info*, const std::type_info*, unsigned, int*, int, const std::type_info**, a_result_virtuality*, int*)</STRONG> (Thumb, 476 bytes, Stack size 96 bytes, rtti.o(i._ZN27_INTERNAL_6_rtti_c_066a44b028derived_to_base_conversion_rEPvPS0_PKSt9type_infoS4_jPiiPS4_P19a_result_virtualityS5_))
<BR><BR>[Stack]<UL><LI>Max Depth = 544 + Unknown Stack Size
 + In Cycle
<LI>Call Chain = [local to rtti_c]::derived_to_base_conversion_r(void*, void**, const std::type_info*, const std::type_info*, unsigned, int*, int, const std::type_info**, a_result_virtuality*, int*) &rArr;  [local to rtti_c]::derived_to_base_conversion_r(void*, void**, const std::type_info*, const std::type_info*, unsigned, int*, int, const std::type_info**, a_result_virtuality*, int*) (Cycle)
</UL>
<BR>[Calls]<UL><LI><a href="#[23a]">&gt;&gt;</a>&nbsp;&nbsp;&nbsp;[local to rtti_c]::derived_to_base_conversion_r(void*, void**, const std::type_info*, const std::type_info*, unsigned, int*, int, const std::type_info**, a_result_virtuality*, int*)
<LI><a href="#[238]">&gt;&gt;</a>&nbsp;&nbsp;&nbsp;[local to rtti_c]::get_virtual_base_pointer(void*, __cxxabiv1::__base_class_type_info*)
<LI><a href="#[155]">&gt;&gt;</a>&nbsp;&nbsp;&nbsp;__ARM_common_get_typeid
<LI><a href="#[150]">&gt;&gt;</a>&nbsp;&nbsp;&nbsp;std::type_info::operator ==(const std::type_info&) const
</UL>
<BR>[Called By]<UL><LI><a href="#[157]">&gt;&gt;</a>&nbsp;&nbsp;&nbsp;__derived_to_base_conversion
<LI><a href="#[23a]">&gt;&gt;</a>&nbsp;&nbsp;&nbsp;[local to rtti_c]::derived_to_base_conversion_r(void*, void**, const std::type_info*, const std::type_info*, unsigned, int*, int, const std::type_info**, a_result_virtuality*, int*)
</UL>

<P><STRONG><a name="[7f]"></a>[local to arm_exceptions_c]::__default_terminate_handler()</STRONG> (Thumb, 6 bytes, Stack size 8 bytes, arm_exceptions_globs.o(.text))
<BR><BR>[Stack]<UL><LI>Max Depth = 56 + Unknown Stack Size
<LI>Call Chain = [local to arm_exceptions_c]::__default_terminate_handler() &rArr; abort &rArr; __rt_SIGABRT &rArr; __rt_SIGABRT_inner &rArr; __default_signal_display &rArr; _ttywrch
</UL>
<BR>[Calls]<UL><LI><a href="#[174]">&gt;&gt;</a>&nbsp;&nbsp;&nbsp;abort
</UL>
<BR>[Address Reference Count : 1]<UL><LI> arm_exceptions_globs.o(.text)
</UL>
<P><STRONG><a name="[17b]"></a>[local to unwind_pr_c]::next_unwind_byte(uwdata*)</STRONG> (Thumb, 48 bytes, Stack size 0 bytes, unwind_prcommon.o(.text))
<BR><BR>[Called By]<UL><LI><a href="#[159]">&gt;&gt;</a>&nbsp;&nbsp;&nbsp;__ARM_unwind_cpp_prcommon
</UL>

<P><STRONG><a name="[82]"></a>[local to unwinder_c]::EIT_comparator(const void*, const void*)</STRONG> (Thumb, 58 bytes, Stack size 8 bytes, unwinder.o(.text))
<BR><BR>[Stack]<UL><LI>Max Depth = 8<LI>Call Chain = [local to unwinder_c]::EIT_comparator(const void*, const void*)
</UL>
<BR>[Address Reference Count : 1]<UL><LI> unwinder.o(.text)
</UL>
<P><STRONG><a name="[17d]"></a>[local to unwinder_c]::find_and_expand_eit_entry(_Unwind_Control_Block*, unsigned)</STRONG> (Thumb, 158 bytes, Stack size 24 bytes, unwinder.o(.text))
<BR><BR>[Stack]<UL><LI>Max Depth = 56<LI>Call Chain = [local to unwinder_c]::find_and_expand_eit_entry(_Unwind_Control_Block*, unsigned) &rArr; bsearch
</UL>
<BR>[Calls]<UL><LI><a href="#[17e]">&gt;&gt;</a>&nbsp;&nbsp;&nbsp;bsearch
<LI><a href="#[14a]">&gt;&gt;</a>&nbsp;&nbsp;&nbsp;_Unwind_Activity
</UL>
<BR>[Called By]<UL><LI><a href="#[17f]">&gt;&gt;</a>&nbsp;&nbsp;&nbsp;__ARM_unwind_next_frame
<LI><a href="#[131]">&gt;&gt;</a>&nbsp;&nbsp;&nbsp;__ARM_Unwind_RaiseException
</UL>

<P><STRONG><a name="[e6]"></a>__sti___8_char_cpp_a3dc957a</STRONG> (Thumb, 12 bytes, Stack size 0 bytes, char.o(i.__sti___8_char_cpp_a3dc957a))
<BR>[Address Reference Count : 1]<UL><LI> char.o(.init_array)
</UL>
<P><STRONG><a name="[90]"></a>&lang;Func5&rang;</STRONG> (Thumb, 20 bytes, Stack size 16 bytes, locale.o(i.<Func5>))
<BR><BR>[Stack]<UL><LI>Max Depth = 24<LI>Call Chain = &lang;Func5&rang; &rArr; std::basic_string&lang;char, std::char_traits&lang;char&rang;, std::allocator&lang;char&rang;&rang;::basic_string(const std::allocator&lang;char&rang;&)
</UL>
<BR>[Calls]<UL><LI><a href="#[1c2]">&gt;&gt;</a>&nbsp;&nbsp;&nbsp;std::basic_string&lang;char, std::char_traits&lang;char&rang;, std::allocator&lang;char&rang;&rang;::basic_string(const std::allocator&lang;char&rang;&)
</UL>
<BR>[Address Reference Count : 3]<UL><LI> locale.o(i._ZNSt6localeC1ERKS_PKci)
<LI> locale.o(i._ZN4__rw15__rw_locale_impC1EPKcjj)
<LI> locale.o(i._ZN4__rw15__rw_locale_impC1ERKS0_PKcj)
</UL>
<P><STRONG><a name="[e7]"></a>__sti___10_locale_cpp_ff99fc7b</STRONG> (Thumb, 12 bytes, Stack size 0 bytes, locale.o(i.__sti___10_locale_cpp_ff99fc7b))
<BR>[Address Reference Count : 1]<UL><LI> locale.o(.init_array)
</UL>
<P><STRONG><a name="[89]"></a>_scanf_char_input</STRONG> (Thumb, 12 bytes, Stack size 0 bytes, scanf_char.o(.text))
<BR>[Address Reference Count : 1]<UL><LI> scanf_char.o(.text)
</UL>
<P><STRONG><a name="[e8]"></a>__sti___10_rwcats_cpp_64e8068e</STRONG> (Thumb, 42 bytes, Stack size 16 bytes, rwcats.o(i.__sti___10_rwcats_cpp_64e8068e))
<BR><BR>[Stack]<UL><LI>Max Depth = 88<LI>Call Chain = __sti___10_rwcats_cpp_64e8068e &rArr; __aeabi_atexit &rArr; malloc &rArr; __Heap_Full &rArr; __Heap_ProvideMemory &rArr; free
</UL>
<BR>[Calls]<UL><LI><a href="#[20f]">&gt;&gt;</a>&nbsp;&nbsp;&nbsp;operator new[] (unsigned)
<LI><a href="#[13b]">&gt;&gt;</a>&nbsp;&nbsp;&nbsp;__aeabi_atexit
</UL>
<BR>[Address Reference Count : 1]<UL><LI> rwcats.o(.init_array)
</UL>
<P><STRONG><a name="[1ae]"></a>_fp_value</STRONG> (Thumb, 588 bytes, Stack size 96 bytes, scanf_fp.o(.text))
<BR><BR>[Stack]<UL><LI>Max Depth = 220<LI>Call Chain = _fp_value &rArr; _btod_etento &rArr; _btod_emul &rArr; _e2e
</UL>
<BR>[Calls]<UL><LI><a href="#[1af]">&gt;&gt;</a>&nbsp;&nbsp;&nbsp;_btod_emuld
<LI><a href="#[1b0]">&gt;&gt;</a>&nbsp;&nbsp;&nbsp;_btod_edivd
<LI><a href="#[163]">&gt;&gt;</a>&nbsp;&nbsp;&nbsp;_btod_etento
<LI><a href="#[15e]">&gt;&gt;</a>&nbsp;&nbsp;&nbsp;__aeabi_errno_addr
<LI><a href="#[5]">&gt;&gt;</a>&nbsp;&nbsp;&nbsp;__ieee_status
</UL>
<BR>[Called By]<UL><LI><a href="#[1b1]">&gt;&gt;</a>&nbsp;&nbsp;&nbsp;_scanf_really_real
</UL>

<P><STRONG><a name="[1b5]"></a>_locale_name</STRONG> (Thumb, 154 bytes, Stack size 16 bytes, locale_r.o(.text))
<BR><BR>[Stack]<UL><LI>Max Depth = 16<LI>Call Chain = _locale_name
</UL>
<BR>[Calls]<UL><LI><a href="#[117]">&gt;&gt;</a>&nbsp;&nbsp;&nbsp;__rt_locale
</UL>
<BR>[Called By]<UL><LI><a href="#[19d]">&gt;&gt;</a>&nbsp;&nbsp;&nbsp;_setlocale_r
<LI><a href="#[1b6]">&gt;&gt;</a>&nbsp;&nbsp;&nbsp;_set_locale_byname
<LI><a href="#[1b7]">&gt;&gt;</a>&nbsp;&nbsp;&nbsp;_set_locale_mixed
</UL>

<P><STRONG><a name="[1b7]"></a>_set_locale_mixed</STRONG> (Thumb, 98 bytes, Stack size 24 bytes, locale_r.o(.text), UNUSED)
<BR><BR>[Calls]<UL><LI><a href="#[117]">&gt;&gt;</a>&nbsp;&nbsp;&nbsp;__rt_locale
<LI><a href="#[1b5]">&gt;&gt;</a>&nbsp;&nbsp;&nbsp;_locale_name
</UL>

<P><STRONG><a name="[1b6]"></a>_set_locale_byname</STRONG> (Thumb, 152 bytes, Stack size 24 bytes, locale_r.o(.text))
<BR><BR>[Stack]<UL><LI>Max Depth = 40<LI>Call Chain = _set_locale_byname &rArr; _locale_name
</UL>
<BR>[Calls]<UL><LI><a href="#[11e]">&gt;&gt;</a>&nbsp;&nbsp;&nbsp;_get_lc_numeric
<LI><a href="#[117]">&gt;&gt;</a>&nbsp;&nbsp;&nbsp;__rt_locale
<LI><a href="#[11c]">&gt;&gt;</a>&nbsp;&nbsp;&nbsp;_get_lc_monetary
<LI><a href="#[119]">&gt;&gt;</a>&nbsp;&nbsp;&nbsp;_get_lc_collate
<LI><a href="#[88]">&gt;&gt;</a>&nbsp;&nbsp;&nbsp;_get_lc_ctype
<LI><a href="#[1b5]">&gt;&gt;</a>&nbsp;&nbsp;&nbsp;_locale_name
</UL>
<BR>[Called By]<UL><LI><a href="#[19d]">&gt;&gt;</a>&nbsp;&nbsp;&nbsp;_setlocale_r
</UL>
<P>
<H3>
Undefined Global Symbols
</H3><HR></body></html>
