Component: ARM Compiler 5.06 update 6 (build 750) Tool: armlink [4d35ed]

==============================================================================

Section Cross References

    main.o(.text) refers to gpio.o(.text) for Led_Init
    main.o(.text) refers to misc.o(.text) for NVIC_PriorityGroupConfig
    main.o(.text) refers to flash.o(.text) for Flash_Init
    main.o(.text) refers to datarecover.o(.text) for SoftWareReset
    main.o(.text) refers to temperature_control.o(.text) for pwm_init
    main.o(.text) refers to spi.o(.text) for ICM_SPIInit
    main.o(.text) refers to usart.o(.text) for USART1DMAInit
    main.o(.text) refers to icm_20608_g.o(.text) for MEMS_Configure
    main.o(.text) refers to timer.o(.text) for TIM_Init
    main.o(.text) refers to receivedata.o(.text) for SetFlag
    main.o(.text) refers to iwdg.o(.text) for IWDG_Init
    main.o(.text) refers to stm32f4xx_it.o(.text) for StartCount
    main.o(.text) refers to senddata.o(.text) for DeadWhileReport
    main.o(.text) refers to deqf.o(x$fpl$deqf) for __aeabi_cdcmpeq
    main.o(.text) refers to self_math.o(.text) for JudgeStatic
    main.o(.text) refers to figureangle.o(.text) for RoughHandle
    main.o(.text) refers to figurepos.o(.text) for calculatePos
    main.o(.text) refers to buildexcel.o(.text) for UpdateVDoffTable
    main.o(.text) refers to main.o(.bss) for allPara
    icm_20608_g.o(.text) refers to rt_memcpy_w.o(.text) for __aeabi_memcpy4
    icm_20608_g.o(.text) refers to timer.o(.text) for Delay_ms
    icm_20608_g.o(.text) refers to spi.o(.text) for SPI_Write
    icm_20608_g.o(.text) refers to deqf.o(x$fpl$deqf) for __aeabi_cdcmpeq
    icm_20608_g.o(.text) refers to dflt_clz.o(x$fpl$dflt) for __aeabi_i2d
    icm_20608_g.o(.text) refers to ddiv.o(x$fpl$ddiv) for __aeabi_ddiv
    icm_20608_g.o(.text) refers to d2f.o(x$fpl$d2f) for __aeabi_d2f
    icm_20608_g.o(.text) refers to main.o(.bss) for allPara
    icm_20608_g.o(.text) refers to icm_20608_g.o(.bss) for gyro
    icm_20608_g.o(.text) refers to f2d.o(x$fpl$f2d) for __aeabi_f2d
    icm_20608_g.o(.text) refers to usart.o(.text) for USART_OUT
    icm_20608_g.o(.text) refers to drleqf.o(x$fpl$drleqf) for __aeabi_cdrcmple
    icm_20608_g.o(.text) refers to dleqf.o(x$fpl$dleqf) for __aeabi_cdcmple
    icm_20608_g.o(.text) refers to icm_20608_g.o(.data) for temp
    stm32f4xx_it.o(.text) refers to stm32f4xx_tim.o(.text) for TIM_GetITStatus
    stm32f4xx_it.o(.text) refers to icm_20608_g.o(.text) for icm_update_gyro_rate
    stm32f4xx_it.o(.text) refers to daddsub_clz.o(x$fpl$dadd) for __aeabi_dadd
    stm32f4xx_it.o(.text) refers to temperature_control.o(.text) for getTempInitSuces
    stm32f4xx_it.o(.text) refers to iwdg.o(.text) for IWDG_Feed
    stm32f4xx_it.o(.text) refers to figurepos.o(.text) for figureVell
    stm32f4xx_it.o(.text) refers to rt_memcpy_w.o(.text) for __aeabi_memcpy4
    stm32f4xx_it.o(.text) refers to ddiv.o(x$fpl$ddiv) for __aeabi_ddiv
    stm32f4xx_it.o(.text) refers to d2f.o(x$fpl$d2f) for __aeabi_d2f
    stm32f4xx_it.o(.text) refers to fabs.o(i.__hardfp_fabs) for __hardfp_fabs
    stm32f4xx_it.o(.text) refers to dleqf.o(x$fpl$dleqf) for __aeabi_cdcmple
    stm32f4xx_it.o(.text) refers to stm32f4xx_it.o(.data) for timeCount
    stm32f4xx_it.o(.text) refers to main.o(.bss) for allPara
    stm32f4xx_it.o(.text) refers to stm32f4xx_it.o(.bss) for gyro_sum
    stm32f4xx_it.o(.text) refers to stm32f4xx_it.o(.constdata) for .constdata
    stm32f4xx_it.o(.text) refers to drleqf.o(x$fpl$drleqf) for __aeabi_cdrcmple
    stm32f4xx_it.o(.text) refers to dmul.o(x$fpl$dmul) for __aeabi_dmul
    stm32f4xx_it.o(.text) refers to usart.o(.text) for USART_OUT
    stm32f4xx_it.o(.text) refers to stm32f4xx_usart.o(.text) for USART_GetITStatus
    stm32f4xx_it.o(.text) refers to stm32f4xx_gpio.o(.text) for GPIO_SetBits
    stm32f4xx_it.o(.text) refers to datarecover.o(.text) for FindResetTime
    stm32f4xx_it.o(.text) refers to senddata.o(.text) for ReportHardFault
    buildexcel.o(.text) refers to rt_memcpy_w.o(.text) for __aeabi_memcpy4
    buildexcel.o(.text) refers to d2f.o(x$fpl$d2f) for __aeabi_d2f
    buildexcel.o(.text) refers to f2d.o(x$fpl$f2d) for __aeabi_f2d
    buildexcel.o(.text) refers to daddsub_clz.o(x$fpl$drsb) for __aeabi_drsub
    buildexcel.o(.text) refers to fabs.o(i.__hardfp_fabs) for __hardfp_fabs
    buildexcel.o(.text) refers to drleqf.o(x$fpl$drleqf) for __aeabi_cdrcmple
    buildexcel.o(.text) refers to buildexcel.o(.data) for ignore
    buildexcel.o(.text) refers to buildexcel.o(.bss) for data
    buildexcel.o(.text) refers to main.o(.bss) for allPara
    buildexcel.o(.text) refers to buildexcel.o(.constdata) for .constdata
    buildexcel.o(.text) refers to dleqf.o(x$fpl$dleqf) for __aeabi_cdcmple
    buildexcel.o(.text) refers to daddsub_clz.o(x$fpl$dsub) for __aeabi_dsub
    buildexcel.o(.text) refers to dmul.o(x$fpl$dmul) for __aeabi_dmul
    buildexcel.o(.text) refers to roundf.o(i.__hardfp_roundf) for __hardfp_roundf
[...]
    SPI3_Init                                0x080054fd   Thumb Code   172  spi.o(.text)
    SPI1_SetSpeed                            0x080055a9   Thumb Code    36  spi.o(.text)
    SPI_Write                                0x080055cd   Thumb Code   120  spi.o(.text)
    SPI_Read                                 0x08005645   Thumb Code   124  spi.o(.text)
    SPI_MultiRead                            0x080056c1   Thumb Code   314  spi.o(.text)
    CS_Config                                0x080057fb   Thumb Code   100  spi.o(.text)
    SPIx_RdWr_HalfWord                       0x0800585f   Thumb Code    86  spi.o(.text)
    wait                                     0x080058bd   Thumb Code    10  timer.o(.text)
    TIM_Init                                 0x080058c7   Thumb Code   440  timer.o(.text)
    Delay_us                                 0x08005a7f   Thumb Code    40  timer.o(.text)
    Delay_ms                                 0x08005aa7   Thumb Code    22  timer.o(.text)
    USART_SendDataToDMA_USART3               0x08005ac9   Thumb Code   126  usart.o(.text)
    USART3_Init                              0x08005b47   Thumb Code   174  usart.o(.text)
    USART3DMAInit                            0x08005bf5   Thumb Code   162  usart.o(.text)
    USART_SendDataToDMA_USATR1               0x08005c97   Thumb Code   126  usart.o(.text)
    USART1DMAInit                            0x08005d15   Thumb Code   302  usart.o(.text)
    USART6_Init                              0x08005e43   Thumb Code   234  usart.o(.text)
    USART6DMAInit                            0x08005f2d   Thumb Code   162  usart.o(.text)
    USART_SendDataToDMA_USART6               0x08005fcf   Thumb Code   126  usart.o(.text)
    USART_OUTF                               0x0800604d   Thumb Code   298  usart.o(.text)
    itoa                                     0x08006177   Thumb Code    98  usart.o(.text)
    USART_OUT                                0x080061d9   Thumb Code   262  usart.o(.text)
    USART_OUT_F                              0x080062df   Thumb Code   118  usart.o(.text)
    USART_Enter                              0x08006355   Thumb Code    12  usart.o(.text)
    USART_OUTByDMAF                          0x08006361   Thumb Code    70  usart.o(.text)
    USART_EnterByDMA                         0x080063a7   Thumb Code    16  usart.o(.text)
    STMFLASH_ReadWord                        0x080063c5   Thumb Code     6  datarecover.o(.text)
    STMFLASH_ReadFloat                       0x080063cb   Thumb Code     6  datarecover.o(.text)
    DataReserveSectorErase                   0x080063d1   Thumb Code    38  datarecover.o(.text)
    STMFLASH_Write                           0x080063f7   Thumb Code    76  datarecover.o(.text)
    copyDataSave_tFromOther                  0x08006443   Thumb Code    28  datarecover.o(.text)
    copyDataSave_tAlongAddress               0x0800645f   Thumb Code    32  datarecover.o(.text)
    WriteFlashData                           0x0800647f   Thumb Code    32  datarecover.o(.text)
    STMFLASH_Read                            0x0800649f   Thumb Code    30  datarecover.o(.text)
    FindResetTime                            0x080064bd   Thumb Code    80  datarecover.o(.text)
    SoftWareReset                            0x0800650d   Thumb Code   136  datarecover.o(.text)
    IWDG_Init                                0x080065a5   Thumb Code    36  iwdg.o(.text)
    IWDG_Long                                0x080065c9   Thumb Code    34  iwdg.o(.text)
    IWDG_Feed                                0x080065eb   Thumb Code     8  iwdg.o(.text)
    IWDG_Reset                               0x080065f3   Thumb Code    18  iwdg.o(.text)
    sendBinary                               0x08006609   Thumb Code    70  odom.o(.text)
    TLE5012ReadReg                           0x080066df   Thumb Code   140  odom.o(.text)
    TLE5012ReadAbsPos_A                      0x0800676b   Thumb Code    54  odom.o(.text)
    TLE5012ReadAbsPos_B                      0x080067a1   Thumb Code    54  odom.o(.text)
    TLE5012WriteReg                          0x080067d7   Thumb Code   138  odom.o(.text)
    SPI_ReadAS5045All                        0x08006861   Thumb Code   264  odom.o(.text)
    SPI_ReadAS5045_Parity                    0x08006969   Thumb Code   138  odom.o(.text)
    FindMin2                                 0x080069f3   Thumb Code    40  odom.o(.text)
    SPI_ReadAS5045                           0x08006a1b   Thumb Code   234  odom.o(.text)
    CheckDafault                             0x08006b27   Thumb Code   832  character.o(.text)
    ReadCharacters                           0x08006e67   Thumb Code    32  character.o(.text)
    CharactersReserveSectorErase             0x08006e87   Thumb Code    50  character.o(.text)
    writeCharacters                          0x08006eb9   Thumb Code   224  character.o(.text)
    Quaternion_to_Euler                      0x08006f99   Thumb Code   828  quarternion.o(.text)
    Euler_to_Quaternion                      0x080072d5   Thumb Code  1332  quarternion.o(.text)
    getJacobi                                0x08007809   Thumb Code   666  quarternion.o(.text)
    calculateK                               0x08007aa3   Thumb Code   152  quarternion.o(.text)
    QuaternionInt                            0x08007b3b   Thumb Code  1628  quarternion.o(.text)
    QuaternionInt1                           0x08008197   Thumb Code  2520  quarternion.o(.text)
    JudgeAcc                                 0x08008b6f   Thumb Code   408  quarternion.o(.text)
    KalmanFilterZ1                           0x08008d15   Thumb Code   314  kalman.o(.text)
    KalmanFilterZ                            0x08008e4f   Thumb Code   314  kalman.o(.text)
    KalmanFilterX                            0x08008f89   Thumb Code   668  kalman.o(.text)
    KalmanFilterY                            0x08009225   Thumb Code   534  kalman.o(.text)
    safe_asin                                0x08009497   Thumb Code   312  self_math.o(.text)
    safe_atan2                               0x080095cf   Thumb Code   314  self_math.o(.text)
    CalculateRealCrAndMean                   0x08009709   Thumb Code   566  self_math.o(.text)
    FilterVell                               0x0800993f   Thumb Code    88  self_math.o(.text)
    FindMax                                  0x08009997   Thumb Code    30  self_math.o(.text)
    FindMin                                  0x080099b5   Thumb Code    30  self_math.o(.text)
    JudgeStatic                              0x080099d3   Thumb Code   310  self_math.o(.text)
    NVIC_PriorityGroupConfig                 0x08009b31   Thumb Code    10  misc.o(.text)
    NVIC_Init                                0x08009b3b   Thumb Code   106  misc.o(.text)
    NVIC_SetVectorTable                      0x08009ba5   Thumb Code    14  misc.o(.text)
    NVIC_SystemLPConfig                      0x08009bb3   Thumb Code    34  misc.o(.text)
    SysTick_CLKSourceConfig                  0x08009bd5   Thumb Code    40  misc.o(.text)
    DMA_DeInit                               0x08009c11   Thumb Code   324  stm32f4xx_dma.o(.text)
    DMA_Init                                 0x08009d55   Thumb Code    82  stm32f4xx_dma.o(.text)
    DMA_StructInit                           0x08009da7   Thumb Code    34  stm32f4xx_dma.o(.text)
    DMA_Cmd                                  0x08009dc9   Thumb Code    22  stm32f4xx_dma.o(.text)
    DMA_PeriphIncOffsetSizeConfig            0x08009ddf   Thumb Code    22  stm32f4xx_dma.o(.text)
    DMA_FlowControllerConfig                 0x08009df5   Thumb Code    22  stm32f4xx_dma.o(.text)
    DMA_SetCurrDataCounter                   0x08009e0b   Thumb Code     4  stm32f4xx_dma.o(.text)
    DMA_GetCurrDataCounter                   0x08009e0f   Thumb Code     8  stm32f4xx_dma.o(.text)
    DMA_DoubleBufferModeConfig               0x08009e17   Thumb Code    24  stm32f4xx_dma.o(.text)
    DMA_DoubleBufferModeCmd                  0x08009e2f   Thumb Code    22  stm32f4xx_dma.o(.text)
    DMA_MemoryTargetConfig                   0x08009e45   Thumb Code    10  stm32f4xx_dma.o(.text)
    DMA_GetCurrentMemoryTarget               0x08009e4f   Thumb Code    20  stm32f4xx_dma.o(.text)
    DMA_GetCmdStatus                         0x08009e63   Thumb Code    20  stm32f4xx_dma.o(.text)
    DMA_GetFIFOStatus                        0x08009e77   Thumb Code    12  stm32f4xx_dma.o(.text)
    DMA_GetFlagStatus                        0x08009e83   Thumb Code    56  stm32f4xx_dma.o(.text)
    DMA_ClearFlag                            0x08009ebb   Thumb Code    40  stm32f4xx_dma.o(.text)
    DMA_ITConfig                             0x08009ee3   Thumb Code    58  stm32f4xx_dma.o(.text)
    DMA_GetITStatus                          0x08009f1d   Thumb Code    84  stm32f4xx_dma.o(.text)
    DMA_ClearITPendingBit                    0x08009f71   Thumb Code    40  stm32f4xx_dma.o(.text)
    FLASH_SetLatency                         0x08009fb9   Thumb Code     6  stm32f4xx_flash.o(.text)
    FLASH_PrefetchBufferCmd                  0x08009fbf   Thumb Code    30  stm32f4xx_flash.o(.text)
    FLASH_InstructionCacheCmd                0x08009fdd   Thumb Code    30  stm32f4xx_flash.o(.text)
    FLASH_DataCacheCmd                       0x08009ffb   Thumb Code    30  stm32f4xx_flash.o(.text)
    FLASH_InstructionCacheReset              0x0800a019   Thumb Code    14  stm32f4xx_flash.o(.text)
    FLASH_DataCacheReset                     0x0800a027   Thumb Code    14  stm32f4xx_flash.o(.text)
    FLASH_Unlock                             0x0800a035   Thumb Code    26  stm32f4xx_flash.o(.text)
    FLASH_Lock                               0x0800a04f   Thumb Code    18  stm32f4xx_flash.o(.text)
    FLASH_GetStatus                          0x0800a061   Thumb Code    74  stm32f4xx_flash.o(.text)
    FLASH_WaitForLastOperation               0x0800a0ab   Thumb Code    34  stm32f4xx_flash.o(.text)
    FLASH_EraseSector                        0x0800a0cd   Thumb Code   140  stm32f4xx_flash.o(.text)
    FLASH_EraseAllSectors                    0x0800a159   Thumb Code   112  stm32f4xx_flash.o(.text)
    FLASH_ProgramDoubleWord                  0x0800a1c9   Thumb Code    86  stm32f4xx_flash.o(.text)
    FLASH_ProgramWord                        0x0800a21f   Thumb Code    82  stm32f4xx_flash.o(.text)
    FLASH_ProgramHalfWord                    0x0800a271   Thumb Code    82  stm32f4xx_flash.o(.text)
    FLASH_ProgramByte                        0x0800a2c3   Thumb Code    78  stm32f4xx_flash.o(.text)
    FLASH_OB_Unlock                          0x0800a311   Thumb Code    26  stm32f4xx_flash.o(.text)
    FLASH_OB_Lock                            0x0800a32b   Thumb Code    18  stm32f4xx_flash.o(.text)
    FLASH_OB_WRPConfig                       0x0800a33d   Thumb Code    54  stm32f4xx_flash.o(.text)
    FLASH_OB_RDPConfig                       0x0800a373   Thumb Code    24  stm32f4xx_flash.o(.text)
    FLASH_OB_UserConfig                      0x0800a38b   Thumb Code    68  stm32f4xx_flash.o(.text)
    FLASH_OB_BORConfig                       0x0800a3cf   Thumb Code    22  stm32f4xx_flash.o(.text)
    FLASH_OB_Launch                          0x0800a3e5   Thumb Code    26  stm32f4xx_flash.o(.text)
    FLASH_OB_GetUser                         0x0800a3ff   Thumb Code    10  stm32f4xx_flash.o(.text)
    FLASH_OB_GetWRP                          0x0800a409   Thumb Code     8  stm32f4xx_flash.o(.text)
    FLASH_OB_GetRDP                          0x0800a411   Thumb Code    20  stm32f4xx_flash.o(.text)
    FLASH_OB_GetBOR                          0x0800a425   Thumb Code    10  stm32f4xx_flash.o(.text)
    FLASH_ITConfig                           0x0800a42f   Thumb Code    34  stm32f4xx_flash.o(.text)
    FLASH_GetFlagStatus                      0x0800a451   Thumb Code    22  stm32f4xx_flash.o(.text)
    FLASH_ClearFlag                          0x0800a467   Thumb Code     8  stm32f4xx_flash.o(.text)
    GPIO_DeInit                              0x0800a475   Thumb Code   220  stm32f4xx_gpio.o(.text)
    GPIO_Init                                0x0800a551   Thumb Code   144  stm32f4xx_gpio.o(.text)
    GPIO_StructInit                          0x0800a5e1   Thumb Code    18  stm32f4xx_gpio.o(.text)
    GPIO_PinLockConfig                       0x0800a5f3   Thumb Code    34  stm32f4xx_gpio.o(.text)
    GPIO_ReadInputDataBit                    0x0800a615   Thumb Code    18  stm32f4xx_gpio.o(.text)
    GPIO_ReadInputData                       0x0800a627   Thumb Code     8  stm32f4xx_gpio.o(.text)
    GPIO_ReadOutputDataBit                   0x0800a62f   Thumb Code    18  stm32f4xx_gpio.o(.text)
    GPIO_ReadOutputData                      0x0800a641   Thumb Code     8  stm32f4xx_gpio.o(.text)
    GPIO_SetBits                             0x0800a649   Thumb Code     4  stm32f4xx_gpio.o(.text)
    GPIO_ResetBits                           0x0800a64d   Thumb Code     4  stm32f4xx_gpio.o(.text)
    GPIO_WriteBit                            0x0800a651   Thumb Code    10  stm32f4xx_gpio.o(.text)
    GPIO_Write                               0x0800a65b   Thumb Code     4  stm32f4xx_gpio.o(.text)
    GPIO_ToggleBits                          0x0800a65f   Thumb Code     8  stm32f4xx_gpio.o(.text)
    GPIO_PinAFConfig                         0x0800a667   Thumb Code    70  stm32f4xx_gpio.o(.text)
    IWDG_WriteAccessCmd                      0x0800a6d1   Thumb Code     6  stm32f4xx_iwdg.o(.text)
    IWDG_SetPrescaler                        0x0800a6d7   Thumb Code     6  stm32f4xx_iwdg.o(.text)
    IWDG_SetReload                           0x0800a6dd   Thumb Code     6  stm32f4xx_iwdg.o(.text)
    IWDG_ReloadCounter                       0x0800a6e3   Thumb Code    10  stm32f4xx_iwdg.o(.text)
    IWDG_Enable                              0x0800a6ed   Thumb Code    10  stm32f4xx_iwdg.o(.text)
    IWDG_GetFlagStatus                       0x0800a6f7   Thumb Code    20  stm32f4xx_iwdg.o(.text)
    RCC_DeInit                               0x0800a711   Thumb Code    60  stm32f4xx_rcc.o(.text)
    RCC_HSEConfig                            0x0800a74d   Thumb Code    14  stm32f4xx_rcc.o(.text)
    RCC_GetFlagStatus                        0x0800a75b   Thumb Code    60  stm32f4xx_rcc.o(.text)
    RCC_WaitForHSEStartUp                    0x0800a797   Thumb Code    56  stm32f4xx_rcc.o(.text)
    RCC_AdjustHSICalibrationValue            0x0800a7cf   Thumb Code    20  stm32f4xx_rcc.o(.text)
    RCC_HSICmd                               0x0800a7e3   Thumb Code     6  stm32f4xx_rcc.o(.text)
    RCC_LSEConfig                            0x0800a7e9   Thumb Code    46  stm32f4xx_rcc.o(.text)
    RCC_LSICmd                               0x0800a817   Thumb Code     6  stm32f4xx_rcc.o(.text)
    RCC_PLLConfig                            0x0800a81d   Thumb Code    32  stm32f4xx_rcc.o(.text)
    RCC_PLLCmd                               0x0800a83d   Thumb Code     6  stm32f4xx_rcc.o(.text)
    RCC_PLLI2SConfig                         0x0800a843   Thumb Code    14  stm32f4xx_rcc.o(.text)
    RCC_PLLI2SCmd                            0x0800a851   Thumb Code     6  stm32f4xx_rcc.o(.text)
    RCC_ClockSecuritySystemCmd               0x0800a857   Thumb Code     6  stm32f4xx_rcc.o(.text)
    RCC_MCO1Config                           0x0800a85d   Thumb Code    28  stm32f4xx_rcc.o(.text)
    RCC_MCO2Config                           0x0800a879   Thumb Code    28  stm32f4xx_rcc.o(.text)
    RCC_SYSCLKConfig                         0x0800a895   Thumb Code    20  stm32f4xx_rcc.o(.text)
    RCC_GetSYSCLKSource                      0x0800a8a9   Thumb Code    12  stm32f4xx_rcc.o(.text)
    RCC_HCLKConfig                           0x0800a8b5   Thumb Code    20  stm32f4xx_rcc.o(.text)
    RCC_PCLK1Config                          0x0800a8c9   Thumb Code    20  stm32f4xx_rcc.o(.text)
    RCC_PCLK2Config                          0x0800a8dd   Thumb Code    22  stm32f4xx_rcc.o(.text)
    RCC_GetClocksFreq                        0x0800a8f3   Thumb Code   222  stm32f4xx_rcc.o(.text)
    RCC_RTCCLKConfig                         0x0800a9d1   Thumb Code    54  stm32f4xx_rcc.o(.text)
    RCC_RTCCLKCmd                            0x0800aa07   Thumb Code     8  stm32f4xx_rcc.o(.text)
    RCC_BackupResetCmd                       0x0800aa0f   Thumb Code     8  stm32f4xx_rcc.o(.text)
    RCC_I2SCLKConfig                         0x0800aa17   Thumb Code     6  stm32f4xx_rcc.o(.text)
    RCC_AHB1PeriphClockCmd                   0x0800aa1d   Thumb Code    34  stm32f4xx_rcc.o(.text)
    RCC_AHB2PeriphClockCmd                   0x0800aa3f   Thumb Code    34  stm32f4xx_rcc.o(.text)
    RCC_AHB3PeriphClockCmd                   0x0800aa61   Thumb Code    34  stm32f4xx_rcc.o(.text)
    RCC_APB1PeriphClockCmd                   0x0800aa83   Thumb Code    34  stm32f4xx_rcc.o(.text)
    RCC_APB2PeriphClockCmd                   0x0800aaa5   Thumb Code    34  stm32f4xx_rcc.o(.text)
    RCC_AHB1PeriphResetCmd                   0x0800aac7   Thumb Code    34  stm32f4xx_rcc.o(.text)
    RCC_AHB2PeriphResetCmd                   0x0800aae9   Thumb Code    72  stm32f4xx_rcc.o(.text)
    RCC_AHB3PeriphResetCmd                   0x0800ab31   Thumb Code    34  stm32f4xx_rcc.o(.text)
    RCC_APB1PeriphResetCmd                   0x0800ab53   Thumb Code    34  stm32f4xx_rcc.o(.text)
    RCC_APB2PeriphResetCmd                   0x0800ab75   Thumb Code    34  stm32f4xx_rcc.o(.text)
    RCC_AHB1PeriphClockLPModeCmd             0x0800ab97   Thumb Code    34  stm32f4xx_rcc.o(.text)
    RCC_AHB2PeriphClockLPModeCmd             0x0800abb9   Thumb Code    34  stm32f4xx_rcc.o(.text)
    RCC_AHB3PeriphClockLPModeCmd             0x0800abdb   Thumb Code    34  stm32f4xx_rcc.o(.text)
    RCC_APB1PeriphClockLPModeCmd             0x0800abfd   Thumb Code    34  stm32f4xx_rcc.o(.text)
    RCC_APB2PeriphClockLPModeCmd             0x0800ac1f   Thumb Code    34  stm32f4xx_rcc.o(.text)
    RCC_ITConfig                             0x0800ac41   Thumb Code    34  stm32f4xx_rcc.o(.text)
    RCC_ClearFlag                            0x0800ac63   Thumb Code    18  stm32f4xx_rcc.o(.text)
    RCC_GetITStatus                          0x0800ac75   Thumb Code    22  stm32f4xx_rcc.o(.text)
    RCC_ClearITPendingBit                    0x0800ac8b   Thumb Code     8  stm32f4xx_rcc.o(.text)
    SPI_I2S_DeInit                           0x0800ac99   Thumb Code    76  stm32f4xx_spi.o(.text)
    SPI_Init                                 0x0800ace5   Thumb Code    60  stm32f4xx_spi.o(.text)
    I2S_Init                                 0x0800ad21   Thumb Code   350  stm32f4xx_spi.o(.text)
    SPI_StructInit                           0x0800ae7f   Thumb Code    24  stm32f4xx_spi.o(.text)
    I2S_StructInit                           0x0800ae97   Thumb Code    20  stm32f4xx_spi.o(.text)
    SPI_Cmd                                  0x0800aeab   Thumb Code    24  stm32f4xx_spi.o(.text)
    I2S_Cmd                                  0x0800aec3   Thumb Code    24  stm32f4xx_spi.o(.text)
    SPI_DataSizeConfig                       0x0800aedb   Thumb Code    18  stm32f4xx_spi.o(.text)
    SPI_BiDirectionalLineConfig              0x0800aeed   Thumb Code    28  stm32f4xx_spi.o(.text)
    SPI_NSSInternalSoftwareConfig            0x0800af09   Thumb Code    30  stm32f4xx_spi.o(.text)
    SPI_SSOutputCmd                          0x0800af27   Thumb Code    24  stm32f4xx_spi.o(.text)
    SPI_TIModeCmd                            0x0800af3f   Thumb Code    24  stm32f4xx_spi.o(.text)
    I2S_FullDuplexConfig                     0x0800af57   Thumb Code    80  stm32f4xx_spi.o(.text)
    SPI_I2S_ReceiveData                      0x0800afa7   Thumb Code     6  stm32f4xx_spi.o(.text)
    SPI_I2S_SendData                         0x0800afad   Thumb Code     4  stm32f4xx_spi.o(.text)
    SPI_CalculateCRC                         0x0800afb1   Thumb Code    24  stm32f4xx_spi.o(.text)
    SPI_TransmitCRC                          0x0800afc9   Thumb Code    10  stm32f4xx_spi.o(.text)
    SPI_GetCRC                               0x0800afd3   Thumb Code    16  stm32f4xx_spi.o(.text)
    SPI_GetCRCPolynomial                     0x0800afe3   Thumb Code     6  stm32f4xx_spi.o(.text)
    SPI_I2S_DMACmd                           0x0800afe9   Thumb Code    18  stm32f4xx_spi.o(.text)
    SPI_I2S_ITConfig                         0x0800affb   Thumb Code    32  stm32f4xx_spi.o(.text)
    SPI_I2S_GetFlagStatus                    0x0800b01b   Thumb Code    18  stm32f4xx_spi.o(.text)
    SPI_I2S_ClearFlag                        0x0800b02d   Thumb Code     6  stm32f4xx_spi.o(.text)
    SPI_I2S_GetITStatus                      0x0800b033   Thumb Code    52  stm32f4xx_spi.o(.text)
    SPI_I2S_ClearITPendingBit                0x0800b067   Thumb Code    42  stm32f4xx_spi.o(.text)
    TIM_DeInit                               0x0800b091   Thumb Code   346  stm32f4xx_tim.o(.text)
    TIM_TimeBaseInit                         0x0800b1eb   Thumb Code   104  stm32f4xx_tim.o(.text)
    TIM_TimeBaseStructInit                   0x0800b253   Thumb Code    18  stm32f4xx_tim.o(.text)
    TIM_PrescalerConfig                      0x0800b265   Thumb Code     6  stm32f4xx_tim.o(.text)
    TIM_CounterModeConfig                    0x0800b26b   Thumb Code    18  stm32f4xx_tim.o(.text)
    TIM_SetCounter                           0x0800b27d   Thumb Code     4  stm32f4xx_tim.o(.text)
    TIM_SetAutoreload                        0x0800b281   Thumb Code     4  stm32f4xx_tim.o(.text)
    TIM_GetCounter                           0x0800b285   Thumb Code     6  stm32f4xx_tim.o(.text)
    TIM_GetPrescaler                         0x0800b28b   Thumb Code     6  stm32f4xx_tim.o(.text)
    TIM_UpdateDisableConfig                  0x0800b291   Thumb Code    24  stm32f4xx_tim.o(.text)
    TIM_UpdateRequestConfig                  0x0800b2a9   Thumb Code    24  stm32f4xx_tim.o(.text)
    TIM_ARRPreloadConfig                     0x0800b2c1   Thumb Code    24  stm32f4xx_tim.o(.text)
    TIM_SelectOnePulseMode                   0x0800b2d9   Thumb Code    18  stm32f4xx_tim.o(.text)
    TIM_SetClockDivision                     0x0800b2eb   Thumb Code    18  stm32f4xx_tim.o(.text)
    TIM_Cmd                                  0x0800b2fd   Thumb Code    24  stm32f4xx_tim.o(.text)
    TIM_OC1Init                              0x0800b315   Thumb Code   114  stm32f4xx_tim.o(.text)
    TIM_OC2Init                              0x0800b387   Thumb Code   154  stm32f4xx_tim.o(.text)
    TIM_OC3Init                              0x0800b421   Thumb Code   204  stm32f4xx_tim.o(.text)
    TIM_OC4Init                              0x0800b4ed   Thumb Code   112  stm32f4xx_tim.o(.text)
    TIM_OCStructInit                         0x0800b55d   Thumb Code    20  stm32f4xx_tim.o(.text)
    TIM_SelectOCxM                           0x0800b571   Thumb Code    86  stm32f4xx_tim.o(.text)
    TIM_SetCompare1                          0x0800b5c7   Thumb Code     4  stm32f4xx_tim.o(.text)
    TIM_SetCompare2                          0x0800b5cb   Thumb Code     4  stm32f4xx_tim.o(.text)
    TIM_SetCompare3                          0x0800b5cf   Thumb Code     4  stm32f4xx_tim.o(.text)
    TIM_SetCompare4                          0x0800b5d3   Thumb Code     4  stm32f4xx_tim.o(.text)
    TIM_ForcedOC1Config                      0x0800b5d7   Thumb Code    18  stm32f4xx_tim.o(.text)
    TIM_ForcedOC2Config                      0x0800b5e9   Thumb Code    26  stm32f4xx_tim.o(.text)
    TIM_ForcedOC3Config                      0x0800b603   Thumb Code    18  stm32f4xx_tim.o(.text)
    TIM_ForcedOC4Config                      0x0800b615   Thumb Code    26  stm32f4xx_tim.o(.text)
    TIM_OC1PreloadConfig                     0x0800b62f   Thumb Code    18  stm32f4xx_tim.o(.text)
    TIM_OC2PreloadConfig                     0x0800b641   Thumb Code    26  stm32f4xx_tim.o(.text)
    TIM_OC3PreloadConfig                     0x0800b65b   Thumb Code    18  stm32f4xx_tim.o(.text)
    TIM_OC4PreloadConfig                     0x0800b66d   Thumb Code    26  stm32f4xx_tim.o(.text)
    TIM_OC1FastConfig                        0x0800b687   Thumb Code    18  stm32f4xx_tim.o(.text)
    TIM_OC2FastConfig                        0x0800b699   Thumb Code    26  stm32f4xx_tim.o(.text)
    TIM_OC3FastConfig                        0x0800b6b3   Thumb Code    18  stm32f4xx_tim.o(.text)
    TIM_OC4FastConfig                        0x0800b6c5   Thumb Code    26  stm32f4xx_tim.o(.text)
    TIM_ClearOC1Ref                          0x0800b6df   Thumb Code    18  stm32f4xx_tim.o(.text)
    TIM_ClearOC2Ref                          0x0800b6f1   Thumb Code    24  stm32f4xx_tim.o(.text)
    TIM_ClearOC3Ref                          0x0800b709   Thumb Code    18  stm32f4xx_tim.o(.text)
    TIM_ClearOC4Ref                          0x0800b71b   Thumb Code    24  stm32f4xx_tim.o(.text)
    TIM_OC1PolarityConfig                    0x0800b733   Thumb Code    18  stm32f4xx_tim.o(.text)
    TIM_OC1NPolarityConfig                   0x0800b745   Thumb Code    18  stm32f4xx_tim.o(.text)
    TIM_OC2PolarityConfig                    0x0800b757   Thumb Code    26  stm32f4xx_tim.o(.text)
    TIM_OC2NPolarityConfig                   0x0800b771   Thumb Code    26  stm32f4xx_tim.o(.text)
    TIM_OC3PolarityConfig                    0x0800b78b   Thumb Code    26  stm32f4xx_tim.o(.text)
    TIM_OC3NPolarityConfig                   0x0800b7a5   Thumb Code    26  stm32f4xx_tim.o(.text)
    TIM_OC4PolarityConfig                    0x0800b7bf   Thumb Code    26  stm32f4xx_tim.o(.text)
    TIM_CCxCmd                               0x0800b7d9   Thumb Code    30  stm32f4xx_tim.o(.text)
    TIM_CCxNCmd                              0x0800b7f7   Thumb Code    30  stm32f4xx_tim.o(.text)
    TIM_SetIC4Prescaler                      0x0800b815   Thumb Code    26  stm32f4xx_tim.o(.text)
    TIM_SetIC3Prescaler                      0x0800b87f   Thumb Code    18  stm32f4xx_tim.o(.text)
    TIM_SetIC2Prescaler                      0x0800b8d9   Thumb Code    26  stm32f4xx_tim.o(.text)
    TIM_SetIC1Prescaler                      0x0800b94d   Thumb Code    18  stm32f4xx_tim.o(.text)
    TIM_ICInit                               0x0800b999   Thumb Code   110  stm32f4xx_tim.o(.text)
    TIM_ICStructInit                         0x0800ba07   Thumb Code    18  stm32f4xx_tim.o(.text)
    TIM_PWMIConfig                           0x0800ba19   Thumb Code   124  stm32f4xx_tim.o(.text)
    TIM_GetCapture1                          0x0800ba95   Thumb Code     6  stm32f4xx_tim.o(.text)
    TIM_GetCapture2                          0x0800ba9b   Thumb Code     6  stm32f4xx_tim.o(.text)
    TIM_GetCapture3                          0x0800baa1   Thumb Code     6  stm32f4xx_tim.o(.text)
    TIM_GetCapture4                          0x0800baa7   Thumb Code     6  stm32f4xx_tim.o(.text)
    TIM_BDTRConfig                           0x0800baad   Thumb Code    32  stm32f4xx_tim.o(.text)
    TIM_BDTRStructInit                       0x0800bacd   Thumb Code    18  stm32f4xx_tim.o(.text)
    TIM_CtrlPWMOutputs                       0x0800badf   Thumb Code    30  stm32f4xx_tim.o(.text)
    TIM_SelectCOM                            0x0800bafd   Thumb Code    24  stm32f4xx_tim.o(.text)
    TIM_CCPreloadControl                     0x0800bb15   Thumb Code    24  stm32f4xx_tim.o(.text)
    TIM_ITConfig                             0x0800bb2d   Thumb Code    18  stm32f4xx_tim.o(.text)
    TIM_GenerateEvent                        0x0800bb3f   Thumb Code     4  stm32f4xx_tim.o(.text)
    TIM_GetFlagStatus                        0x0800bb43   Thumb Code    18  stm32f4xx_tim.o(.text)
    TIM_ClearFlag                            0x0800bb55   Thumb Code     6  stm32f4xx_tim.o(.text)
    TIM_GetITStatus                          0x0800bb5b   Thumb Code    34  stm32f4xx_tim.o(.text)
    TIM_ClearITPendingBit                    0x0800bb7d   Thumb Code     6  stm32f4xx_tim.o(.text)
    TIM_DMAConfig                            0x0800bb83   Thumb Code    10  stm32f4xx_tim.o(.text)
    TIM_DMACmd                               0x0800bb8d   Thumb Code    18  stm32f4xx_tim.o(.text)
    TIM_SelectCCDMA                          0x0800bb9f   Thumb Code    24  stm32f4xx_tim.o(.text)
    TIM_InternalClockConfig                  0x0800bbb7   Thumb Code    12  stm32f4xx_tim.o(.text)
    TIM_SelectInputTrigger                   0x0800bbc3   Thumb Code    18  stm32f4xx_tim.o(.text)
    TIM_ITRxExternalClockConfig              0x0800bbd5   Thumb Code    24  stm32f4xx_tim.o(.text)
    TIM_TIxExternalClockConfig               0x0800bbed   Thumb Code    62  stm32f4xx_tim.o(.text)
    TIM_ETRConfig                            0x0800bc2b   Thumb Code    28  stm32f4xx_tim.o(.text)
    TIM_ETRClockMode1Config                  0x0800bc47   Thumb Code    54  stm32f4xx_tim.o(.text)
    TIM_ETRClockMode2Config                  0x0800bc7d   Thumb Code    32  stm32f4xx_tim.o(.text)
    TIM_SelectOutputTrigger                  0x0800bc9d   Thumb Code    18  stm32f4xx_tim.o(.text)
    TIM_SelectSlaveMode                      0x0800bcaf   Thumb Code    18  stm32f4xx_tim.o(.text)
    TIM_SelectMasterSlaveMode                0x0800bcc1   Thumb Code    18  stm32f4xx_tim.o(.text)
    TIM_EncoderInterfaceConfig               0x0800bcd3   Thumb Code    66  stm32f4xx_tim.o(.text)
    TIM_SelectHallSensor                     0x0800bd15   Thumb Code    24  stm32f4xx_tim.o(.text)
    TIM_RemapConfig                          0x0800bd2d   Thumb Code     6  stm32f4xx_tim.o(.text)
    USART_DeInit                             0x0800bd35   Thumb Code   156  stm32f4xx_usart.o(.text)
    USART_Init                               0x0800bdd1   Thumb Code   204  stm32f4xx_usart.o(.text)
    USART_StructInit                         0x0800be9d   Thumb Code    24  stm32f4xx_usart.o(.text)
    USART_ClockInit                          0x0800beb5   Thumb Code    32  stm32f4xx_usart.o(.text)
    USART_ClockStructInit                    0x0800bed5   Thumb Code    12  stm32f4xx_usart.o(.text)
    USART_Cmd                                0x0800bee1   Thumb Code    24  stm32f4xx_usart.o(.text)
    USART_SetPrescaler                       0x0800bef9   Thumb Code    16  stm32f4xx_usart.o(.text)
    USART_OverSampling8Cmd                   0x0800bf09   Thumb Code    22  stm32f4xx_usart.o(.text)
    USART_OneBitMethodCmd                    0x0800bf1f   Thumb Code    24  stm32f4xx_usart.o(.text)
    USART_ClearFlag                          0x0800bf37   Thumb Code    18  stm32f4xx_usart.o(.text)
    USART_GetFlagStatus                      0x0800bf49   Thumb Code    26  stm32f4xx_usart.o(.text)
    USART_SendData                           0x0800bf63   Thumb Code    68  stm32f4xx_usart.o(.text)
    USART_ReceiveData                        0x0800bfa7   Thumb Code    10  stm32f4xx_usart.o(.text)
    USART_SetAddress                         0x0800bfb1   Thumb Code    18  stm32f4xx_usart.o(.text)
    USART_ReceiverWakeUpCmd                  0x0800bfc3   Thumb Code    24  stm32f4xx_usart.o(.text)
    USART_WakeUpConfig                       0x0800bfdb   Thumb Code    18  stm32f4xx_usart.o(.text)
    USART_LINBreakDetectLengthConfig         0x0800bfed   Thumb Code    18  stm32f4xx_usart.o(.text)
    USART_LINCmd                             0x0800bfff   Thumb Code    24  stm32f4xx_usart.o(.text)
    USART_SendBreak                          0x0800c017   Thumb Code    10  stm32f4xx_usart.o(.text)
    USART_HalfDuplexCmd                      0x0800c021   Thumb Code    24  stm32f4xx_usart.o(.text)
    USART_SetGuardTime                       0x0800c039   Thumb Code    16  stm32f4xx_usart.o(.text)
    USART_SmartCardCmd                       0x0800c049   Thumb Code    24  stm32f4xx_usart.o(.text)
    USART_SmartCardNACKCmd                   0x0800c061   Thumb Code    24  stm32f4xx_usart.o(.text)
    USART_IrDAConfig                         0x0800c079   Thumb Code    18  stm32f4xx_usart.o(.text)
    USART_IrDACmd                            0x0800c08b   Thumb Code    24  stm32f4xx_usart.o(.text)
    USART_DMACmd                             0x0800c0a3   Thumb Code    18  stm32f4xx_usart.o(.text)
    USART_ITConfig                           0x0800c0b5   Thumb Code    74  stm32f4xx_usart.o(.text)
    USART_GetITStatus                        0x0800c0ff   Thumb Code   108  stm32f4xx_usart.o(.text)
    USART_ClearITPendingBit                  0x0800c16b   Thumb Code    30  stm32f4xx_usart.o(.text)
    Reset_Handler                            0x0800c189   Thumb Code     8  startup_stm32f4xx.o(.text)
    PendSV_Handler                           0x0800c19f   Thumb Code     2  startup_stm32f4xx.o(.text)
    SysTick_Handler                          0x0800c1a1   Thumb Code     2  startup_stm32f4xx.o(.text)
    ADC_IRQHandler                           0x0800c1a3   Thumb Code     0  startup_stm32f4xx.o(.text)
    CAN1_RX0_IRQHandler                      0x0800c1a3   Thumb Code     0  startup_stm32f4xx.o(.text)
    CAN1_RX1_IRQHandler                      0x0800c1a3   Thumb Code     0  startup_stm32f4xx.o(.text)
    CAN1_SCE_IRQHandler                      0x0800c1a3   Thumb Code     0  startup_stm32f4xx.o(.text)
    CAN1_TX_IRQHandler                       0x0800c1a3   Thumb Code     0  startup_stm32f4xx.o(.text)
    CAN2_RX0_IRQHandler                      0x0800c1a3   Thumb Code     0  startup_stm32f4xx.o(.text)
    CAN2_RX1_IRQHandler                      0x0800c1a3   Thumb Code     0  startup_stm32f4xx.o(.text)
    CAN2_SCE_IRQHandler                      0x0800c1a3   Thumb Code     0  startup_stm32f4xx.o(.text)
    CAN2_TX_IRQHandler                       0x0800c1a3   Thumb Code     0  startup_stm32f4xx.o(.text)
    CRYP_IRQHandler                          0x0800c1a3   Thumb Code     0  startup_stm32f4xx.o(.text)
    DCMI_IRQHandler                          0x0800c1a3   Thumb Code     0  startup_stm32f4xx.o(.text)
    DMA1_Stream0_IRQHandler                  0x0800c1a3   Thumb Code     0  startup_stm32f4xx.o(.text)
    DMA1_Stream1_IRQHandler                  0x0800c1a3   Thumb Code     0  startup_stm32f4xx.o(.text)
    DMA1_Stream2_IRQHandler                  0x0800c1a3   Thumb Code     0  startup_stm32f4xx.o(.text)
    DMA1_Stream3_IRQHandler                  0x0800c1a3   Thumb Code     0  startup_stm32f4xx.o(.text)
    DMA1_Stream4_IRQHandler                  0x0800c1a3   Thumb Code     0  startup_stm32f4xx.o(.text)
    DMA1_Stream5_IRQHandler                  0x0800c1a3   Thumb Code     0  startup_stm32f4xx.o(.text)
    DMA1_Stream6_IRQHandler                  0x0800c1a3   Thumb Code     0  startup_stm32f4xx.o(.text)
    DMA1_Stream7_IRQHandler                  0x0800c1a3   Thumb Code     0  startup_stm32f4xx.o(.text)
    DMA2_Stream0_IRQHandler                  0x0800c1a3   Thumb Code     0  startup_stm32f4xx.o(.text)
    DMA2_Stream1_IRQHandler                  0x0800c1a3   Thumb Code     0  startup_stm32f4xx.o(.text)
    DMA2_Stream2_IRQHandler                  0x0800c1a3   Thumb Code     0  startup_stm32f4xx.o(.text)
    DMA2_Stream3_IRQHandler                  0x0800c1a3   Thumb Code     0  startup_stm32f4xx.o(.text)
    DMA2_Stream4_IRQHandler                  0x0800c1a3   Thumb Code     0  startup_stm32f4xx.o(.text)
    DMA2_Stream5_IRQHandler                  0x0800c1a3   Thumb Code     0  startup_stm32f4xx.o(.text)
    DMA2_Stream6_IRQHandler                  0x0800c1a3   Thumb Code     0  startup_stm32f4xx.o(.text)
    DMA2_Stream7_IRQHandler                  0x0800c1a3   Thumb Code     0  startup_stm32f4xx.o(.text)
    ETH_IRQHandler                           0x0800c1a3   Thumb Code     0  startup_stm32f4xx.o(.text)
    ETH_WKUP_IRQHandler                      0x0800c1a3   Thumb Code     0  startup_stm32f4xx.o(.text)
    EXTI0_IRQHandler                         0x0800c1a3   Thumb Code     0  startup_stm32f4xx.o(.text)
    EXTI15_10_IRQHandler                     0x0800c1a3   Thumb Code     0  startup_stm32f4xx.o(.text)
    EXTI1_IRQHandler                         0x0800c1a3   Thumb Code     0  startup_stm32f4xx.o(.text)
    EXTI2_IRQHandler                         0x0800c1a3   Thumb Code     0  startup_stm32f4xx.o(.text)
    EXTI3_IRQHandler                         0x0800c1a3   Thumb Code     0  startup_stm32f4xx.o(.text)
    EXTI4_IRQHandler                         0x0800c1a3   Thumb Code     0  startup_stm32f4xx.o(.text)
    EXTI9_5_IRQHandler                       0x0800c1a3   Thumb Code     0  startup_stm32f4xx.o(.text)
    FLASH_IRQHandler                         0x0800c1a3   Thumb Code     0  startup_stm32f4xx.o(.text)
    FPU_IRQHandler                           0x0800c1a3   Thumb Code     0  startup_stm32f4xx.o(.text)
    FSMC_IRQHandler                          0x0800c1a3   Thumb Code     0  startup_stm32f4xx.o(.text)
    HASH_RNG_IRQHandler                      0x0800c1a3   Thumb Code     0  startup_stm32f4xx.o(.text)
    I2C1_ER_IRQHandler                       0x0800c1a3   Thumb Code     0  startup_stm32f4xx.o(.text)
    I2C1_EV_IRQHandler                       0x0800c1a3   Thumb Code     0  startup_stm32f4xx.o(.text)
    I2C2_ER_IRQHandler                       0x0800c1a3   Thumb Code     0  startup_stm32f4xx.o(.text)
    I2C2_EV_IRQHandler                       0x0800c1a3   Thumb Code     0  startup_stm32f4xx.o(.text)
    I2C3_ER_IRQHandler                       0x0800c1a3   Thumb Code     0  startup_stm32f4xx.o(.text)
    I2C3_EV_IRQHandler                       0x0800c1a3   Thumb Code     0  startup_stm32f4xx.o(.text)
    OTG_FS_IRQHandler                        0x0800c1a3   Thumb Code     0  startup_stm32f4xx.o(.text)
    OTG_FS_WKUP_IRQHandler                   0x0800c1a3   Thumb Code     0  startup_stm32f4xx.o(.text)
    OTG_HS_EP1_IN_IRQHandler                 0x0800c1a3   Thumb Code     0  startup_stm32f4xx.o(.text)
    OTG_HS_EP1_OUT_IRQHandler                0x0800c1a3   Thumb Code     0  startup_stm32f4xx.o(.text)
    OTG_HS_IRQHandler                        0x0800c1a3   Thumb Code     0  startup_stm32f4xx.o(.text)
    OTG_HS_WKUP_IRQHandler                   0x0800c1a3   Thumb Code     0  startup_stm32f4xx.o(.text)
    PVD_IRQHandler                           0x0800c1a3   Thumb Code     0  startup_stm32f4xx.o(.text)
    RCC_IRQHandler                           0x0800c1a3   Thumb Code     0  startup_stm32f4xx.o(.text)
    RTC_Alarm_IRQHandler                     0x0800c1a3   Thumb Code     0  startup_stm32f4xx.o(.text)
    RTC_WKUP_IRQHandler                      0x0800c1a3   Thumb Code     0  startup_stm32f4xx.o(.text)
    SDIO_IRQHandler                          0x0800c1a3   Thumb Code     0  startup_stm32f4xx.o(.text)
    SPI1_IRQHandler                          0x0800c1a3   Thumb Code     0  startup_stm32f4xx.o(.text)
    SPI2_IRQHandler                          0x0800c1a3   Thumb Code     0  startup_stm32f4xx.o(.text)
    SPI3_IRQHandler                          0x0800c1a3   Thumb Code     0  startup_stm32f4xx.o(.text)
    TAMP_STAMP_IRQHandler                    0x0800c1a3   Thumb Code     0  startup_stm32f4xx.o(.text)
    TIM1_BRK_TIM9_IRQHandler                 0x0800c1a3   Thumb Code     0  startup_stm32f4xx.o(.text)
    TIM1_CC_IRQHandler                       0x0800c1a3   Thumb Code     0  startup_stm32f4xx.o(.text)
    TIM1_TRG_COM_TIM11_IRQHandler            0x0800c1a3   Thumb Code     0  startup_stm32f4xx.o(.text)
    TIM6_DAC_IRQHandler                      0x0800c1a3   Thumb Code     0  startup_stm32f4xx.o(.text)
    TIM8_BRK_TIM12_IRQHandler                0x0800c1a3   Thumb Code     0  startup_stm32f4xx.o(.text)
    TIM8_CC_IRQHandler                       0x0800c1a3   Thumb Code     0  startup_stm32f4xx.o(.text)
    TIM8_TRG_COM_TIM14_IRQHandler            0x0800c1a3   Thumb Code     0  startup_stm32f4xx.o(.text)
    UART4_IRQHandler                         0x0800c1a3   Thumb Code     0  startup_stm32f4xx.o(.text)
    USART2_IRQHandler                        0x0800c1a3   Thumb Code     0  startup_stm32f4xx.o(.text)
    WWDG_IRQHandler                          0x0800c1a3   Thumb Code     0  startup_stm32f4xx.o(.text)
    __user_initial_stackheap                 0x0800c1a5   Thumb Code     0  startup_stm32f4xx.o(.text)
    SystemInit                               0x0800c2a5   Thumb Code    88  system_stm32f4xx.o(.text)
    SystemCoreClockUpdate                    0x0800c2fd   Thumb Code   174  system_stm32f4xx.o(.text)
    arm_cos_f32                              0x0800c3d9   Thumb Code   194  arm_cos_f32.o(.text)
    arm_sin_f32                              0x0800c4b1   Thumb Code   194  arm_sin_f32.o(.text)
    arm_mat_add_f32                          0x0800c589   Thumb Code   256  arm_mat_add_f32.o(.text)
    arm_mat_init_f32                         0x0800c689   Thumb Code     8  arm_mat_init_f32.o(.text)
    arm_mat_inverse_f32                      0x0800c691   Thumb Code  1280  arm_mat_inverse_f32.o(.text)
    arm_mat_mult_f32                         0x0800cb91   Thumb Code   242  arm_mat_mult_f32.o(.text)
    __2sprintf                               0x0800cc89   Thumb Code    34  noretval__2sprintf.o(.text)
    _printf_pre_padding                      0x0800ccb1   Thumb Code    44  _printf_pad.o(.text)
    _printf_post_padding                     0x0800ccdd   Thumb Code    34  _printf_pad.o(.text)
    _printf_int_dec                          0x0800cd01   Thumb Code   104  _printf_dec.o(.text)
    __printf                                 0x0800cd79   Thumb Code   308  __printf_flags_wp.o(.text)
    strncmp                                  0x0800ceb1   Thumb Code   150  strncmp.o(.text)
    __aeabi_memcpy                           0x0800cf47   Thumb Code     0  rt_memcpy_v6.o(.text)
    __rt_memcpy                              0x0800cf47   Thumb Code   138  rt_memcpy_v6.o(.text)
    _memcpy_lastbytes                        0x0800cfad   Thumb Code     0  rt_memcpy_v6.o(.text)
    __aeabi_memcpy4                          0x0800cfd1   Thumb Code     0  rt_memcpy_w.o(.text)
    __aeabi_memcpy8                          0x0800cfd1   Thumb Code     0  rt_memcpy_w.o(.text)
    __rt_memcpy_w                            0x0800cfd1   Thumb Code   100  rt_memcpy_w.o(.text)
    _memcpy_lastbytes_aligned                0x0800d019   Thumb Code     0  rt_memcpy_w.o(.text)
    __aeabi_memclr4                          0x0800d035   Thumb Code     0  rt_memclr_w.o(.text)
    __aeabi_memclr8                          0x0800d035   Thumb Code     0  rt_memclr_w.o(.text)
    __rt_memclr_w                            0x0800d035   Thumb Code    78  rt_memclr_w.o(.text)
    _memset_w                                0x0800d039   Thumb Code     0  rt_memclr_w.o(.text)
    __use_two_region_memory                  0x0800d083   Thumb Code     2  heapauxi.o(.text)
    __rt_heap_escrow$2region                 0x0800d085   Thumb Code     2  heapauxi.o(.text)
    __rt_heap_expand$2region                 0x0800d087   Thumb Code     2  heapauxi.o(.text)
    __read_errno                             0x0800d089   Thumb Code    10  _rserrno.o(.text)
    __set_errno                              0x0800d093   Thumb Code    12  _rserrno.o(.text)
    _printf_int_common                       0x0800d09f   Thumb Code   178  _printf_intcommon.o(.text)
    __lib_sel_fp_printf                      0x0800d151   Thumb Code     2  _printf_fp_dec.o(.text)
    _printf_fp_dec_real                      0x0800d303   Thumb Code   620  _printf_fp_dec.o(.text)
    _printf_char_common                      0x0800d57b   Thumb Code    32  _printf_char_common.o(.text)
    _sputc                                   0x0800d5a1   Thumb Code    10  _sputc.o(.text)
    __rt_locale                              0x0800d5ad   Thumb Code     8  rt_locale_intlibspace.o(.text)
    __aeabi_errno_addr                       0x0800d5b5   Thumb Code     8  rt_errno_addr_intlibspace.o(.text)
    __errno$intlibspace                      0x0800d5b5   Thumb Code     0  rt_errno_addr_intlibspace.o(.text)
    __rt_errno_addr$intlibspace              0x0800d5b5   Thumb Code     0  rt_errno_addr_intlibspace.o(.text)
    _ll_udiv10                               0x0800d5bd   Thumb Code   138  lludiv10.o(.text)
    _printf_fp_infnan                        0x0800d649   Thumb Code   112  _printf_fp_infnan.o(.text)
    _btod_etento                             0x0800d6c9   Thumb Code   224  bigflt0.o(.text)
    __user_libspace                          0x0800d7ad   Thumb Code     8  libspace.o(.text)
    __user_perproc_libspace                  0x0800d7ad   Thumb Code     0  libspace.o(.text)
    __user_perthread_libspace                0x0800d7ad   Thumb Code     0  libspace.o(.text)
    __user_setup_stackheap                   0x0800d7b5   Thumb Code    74  sys_stackheap_outer.o(.text)
    exit                                     0x0800d7ff   Thumb Code    18  exit.o(.text)
    strcmp                                   0x0800d811   Thumb Code   128  strcmpv7m.o(.text)
    _sys_exit                                0x0800d891   Thumb Code     8  sys_exit.o(.text)
    __I$use$semihosting                      0x0800d89d   Thumb Code     0  use_no_semi.o(.text)
    __use_no_semihosting_swi                 0x0800d89d   Thumb Code     2  use_no_semi.o(.text)
    __semihosting_library_function           0x0800d89f   Thumb Code     0  indicate_semi.o(.text)
    _btod_d2e                                0x0800d89f   Thumb Code    62  btod.o(CL$$btod_d2e)
    _d2e_denorm_low                          0x0800d8dd   Thumb Code    70  btod.o(CL$$btod_d2e_denorm_low)
    _d2e_norm_op1                            0x0800d923   Thumb Code    96  btod.o(CL$$btod_d2e_norm_op1)
    __btod_div_common                        0x0800d983   Thumb Code   696  btod.o(CL$$btod_div_common)
    _e2e                                     0x0800dcbb   Thumb Code   220  btod.o(CL$$btod_e2e)
    _btod_ediv                               0x0800dd97   Thumb Code    42  btod.o(CL$$btod_ediv)
    _btod_emul                               0x0800ddc1   Thumb Code    42  btod.o(CL$$btod_emul)
    __btod_mult_common                       0x0800ddeb   Thumb Code   580  btod.o(CL$$btod_mult_common)
    __ARM_fpclassify                         0x0800e02f   Thumb Code    48  fpclassify.o(i.__ARM_fpclassify)
    __hardfp_asin                            0x0800e061   Thumb Code   770  asin.o(i.__hardfp_asin)
    __hardfp_atan                            0x0800e3c1   Thumb Code   622  atan.o(i.__hardfp_atan)
    __hardfp_atan2                           0x0800e699   Thumb Code   432  atan2.o(i.__hardfp_atan2)
    __hardfp_cos                             0x0800e889   Thumb Code   180  cos.o(i.__hardfp_cos)
    __hardfp_fabs                            0x0800e951   Thumb Code    20  fabs.o(i.__hardfp_fabs)
    __hardfp_pow                             0x0800e969   Thumb Code  3072  pow.o(i.__hardfp_pow)
    __hardfp_roundf                          0x0800f5b9   Thumb Code   154  roundf.o(i.__hardfp_roundf)
    __hardfp_sin                             0x0800f659   Thumb Code   180  sin.o(i.__hardfp_sin)
    __hardfp_sqrt                            0x0800f721   Thumb Code   122  sqrt.o(i.__hardfp_sqrt)
    __hardfp_tan                             0x0800f7a1   Thumb Code   108  tan.o(i.__hardfp_tan)
    __ieee754_rem_pio2                       0x0800f821   Thumb Code   938  rred.o(i.__ieee754_rem_pio2)
    __kernel_cos                             0x0800fc59   Thumb Code   322  cos_i.o(i.__kernel_cos)
    __kernel_poly                            0x0800fdc9   Thumb Code   248  poly.o(i.__kernel_poly)
    __kernel_sin                             0x0800fec1   Thumb Code   280  sin_i.o(i.__kernel_sin)
    __kernel_tan                             0x0800fff1   Thumb Code   764  tan_i.o(i.__kernel_tan)
    __mathlib_dbl_divzero                    0x08010341   Thumb Code    28  dunder.o(i.__mathlib_dbl_divzero)
    __mathlib_dbl_infnan                     0x08010371   Thumb Code    20  dunder.o(i.__mathlib_dbl_infnan)
    __mathlib_dbl_infnan2                    0x08010385   Thumb Code    20  dunder.o(i.__mathlib_dbl_infnan2)
    __mathlib_dbl_invalid                    0x08010399   Thumb Code    24  dunder.o(i.__mathlib_dbl_invalid)
    __mathlib_dbl_overflow                   0x080103b9   Thumb Code    24  dunder.o(i.__mathlib_dbl_overflow)
    __mathlib_dbl_underflow                  0x080103d9   Thumb Code    24  dunder.o(i.__mathlib_dbl_underflow)
    _is_digit                                0x080103f9   Thumb Code    14  __printf_wp.o(i._is_digit)
    atan                                     0x08010407   Thumb Code    16  atan.o(i.atan)
    fabs                                     0x08010417   Thumb Code    24  fabs.o(i.fabs)
    sqrt                                     0x0801042f   Thumb Code   110  sqrt.o(i.sqrt)
    _get_lc_numeric                          0x0801049d   Thumb Code    44  lc_numeric_c.o(locale$$code)
    __aeabi_dneg                             0x080104c9   Thumb Code     0  basic.o(x$fpl$basic)
    _dneg                                    0x080104c9   Thumb Code     6  basic.o(x$fpl$basic)
    __aeabi_fneg                             0x080104cf   Thumb Code     0  basic.o(x$fpl$basic)
    _fneg                                    0x080104cf   Thumb Code     6  basic.o(x$fpl$basic)
    _dabs                                    0x080104d5   Thumb Code     6  basic.o(x$fpl$basic)
    _fabs                                    0x080104db   Thumb Code     6  basic.o(x$fpl$basic)
    __aeabi_d2f                              0x080104e1   Thumb Code     0  d2f.o(x$fpl$d2f)
    _d2f                                     0x080104e1   Thumb Code    98  d2f.o(x$fpl$d2f)
    __aeabi_dadd                             0x08010545   Thumb Code     0  daddsub_clz.o(x$fpl$dadd)
    _dadd                                    0x08010545   Thumb Code   332  daddsub_clz.o(x$fpl$dadd)
    __fpl_dcheck_NaN1                        0x08010695   Thumb Code    10  dcheck1.o(x$fpl$dcheck1)
    __fpl_dcmp_Inf                           0x080106a5   Thumb Code    24  dcmpi.o(x$fpl$dcmpinf)
    __aeabi_ddiv                             0x080106bd   Thumb Code     0  ddiv.o(x$fpl$ddiv)
    _ddiv                                    0x080106bd   Thumb Code   552  ddiv.o(x$fpl$ddiv)
    __aeabi_cdcmpeq                          0x0801096d   Thumb Code     0  deqf.o(x$fpl$deqf)
    _dcmpeq                                  0x0801096d   Thumb Code   120  deqf.o(x$fpl$deqf)
    __aeabi_d2iz                             0x080109e5   Thumb Code     0  dfix.o(x$fpl$dfix)
    _dfix                                    0x080109e5   Thumb Code    94  dfix.o(x$fpl$dfix)
    __aeabi_d2uiz                            0x08010a45   Thumb Code     0  dfixu.o(x$fpl$dfixu)
    _dfixu                                   0x08010a45   Thumb Code    90  dfixu.o(x$fpl$dfixu)
    __aeabi_i2d                              0x08010a9f   Thumb Code     0  dflt_clz.o(x$fpl$dflt)
    _dflt                                    0x08010a9f   Thumb Code    46  dflt_clz.o(x$fpl$dflt)
    __aeabi_ui2d                             0x08010acd   Thumb Code     0  dflt_clz.o(x$fpl$dfltu)
    _dfltu                                   0x08010acd   Thumb Code    38  dflt_clz.o(x$fpl$dfltu)
    __aeabi_cdcmple                          0x08010af5   Thumb Code     0  dleqf.o(x$fpl$dleqf)
    _dcmple                                  0x08010af5   Thumb Code   120  dleqf.o(x$fpl$dleqf)
    __fpl_dcmple_InfNaN                      0x08010b57   Thumb Code     0  dleqf.o(x$fpl$dleqf)
    __aeabi_dmul                             0x08010b6d   Thumb Code     0  dmul.o(x$fpl$dmul)
    _dmul                                    0x08010b6d   Thumb Code   332  dmul.o(x$fpl$dmul)
    __fpl_dnaninf                            0x08010cc1   Thumb Code   156  dnaninf.o(x$fpl$dnaninf)
    __fpl_dretinf                            0x08010d5d   Thumb Code    12  dretinf.o(x$fpl$dretinf)
    __aeabi_cdrcmple                         0x08010d69   Thumb Code     0  drleqf.o(x$fpl$drleqf)
    _drcmple                                 0x08010d69   Thumb Code   108  drleqf.o(x$fpl$drleqf)
    __aeabi_drsub                            0x08010dd5   Thumb Code     0  daddsub_clz.o(x$fpl$drsb)
    _drsb                                    0x08010dd5   Thumb Code    22  daddsub_clz.o(x$fpl$drsb)
    _dsqrt                                   0x08010ded   Thumb Code   404  dsqrt_umaal.o(x$fpl$dsqrt)
    __aeabi_dsub                             0x08010f85   Thumb Code     0  daddsub_clz.o(x$fpl$dsub)
    _dsub                                    0x08010f85   Thumb Code   464  daddsub_clz.o(x$fpl$dsub)
    __aeabi_f2d                              0x08011159   Thumb Code     0  f2d.o(x$fpl$f2d)
    _f2d                                     0x08011159   Thumb Code    86  f2d.o(x$fpl$f2d)
    __fpl_fnaninf                            0x080111af   Thumb Code   140  fnaninf.o(x$fpl$fnaninf)
    _fp_init                                 0x0801123b   Thumb Code    10  fpinit.o(x$fpl$fpinit)
    __fplib_config_fpu_vfp                   0x08011243   Thumb Code     0  fpinit.o(x$fpl$fpinit)
    __fplib_config_pureend_doubles           0x08011243   Thumb Code     0  fpinit.o(x$fpl$fpinit)
    __fpl_fretinf                            0x08011245   Thumb Code    10  fretinf.o(x$fpl$fretinf)
    _frnd                                    0x08011251   Thumb Code    96  frnd.o(x$fpl$frnd)
    _printf_fp_dec                           0x080112b1   Thumb Code     4  printf1.o(x$fpl$printf1)
    __fpl_return_NaN                         0x080112b5   Thumb Code   100  retnan.o(x$fpl$retnan)
    __ARM_scalbn                             0x08011319   Thumb Code    92  scalbn.o(x$fpl$scalbn)
    __fpl_cmpreturn                          0x08011375   Thumb Code    48  trapv.o(x$fpl$trapveneer)
    __I$use$fp                               0x080113a4   Number         0  usenofp.o(x$fpl$usenofp)
    stdCoffeicent                            0x080113f0   Data          24  buildexcel.o(.constdata)
    __mathlib_zero                           0x08011e40   Data           8  qnan.o(.constdata)
    Region$$Table$$Base                      0x0801202c   Number         0  anon$$obj.o(Region$$Table)
    Region$$Table$$Limit                     0x0801204c   Number         0  anon$$obj.o(Region$$Table)
    startCnt                                 0x20000008   Data           4  stm32f4xx_it.o(.data)
    Cnt                                      0x2000000c   Data           4  stm32f4xx_it.o(.data)
    lowpass                                  0x20000e40   Data           8  figureangle.o(.data)
    SystemCoreClock                          0x20001004   Data           4  system_stm32f4xx.o(.data)
    AHBPrescTable                            0x20001008   Data          16  system_stm32f4xx.o(.data)
    allPara                                  0x20001018   Data         416  main.o(.bss)
    dataSave                                 0x20008620   Data         216  datarecover.o(.bss)
    __libspace_start                         0x20009d2c   Data          96  libspace.o(.bss)
    __temporary_stack_top$libspace           0x20009d8c   Data           0  libspace.o(.bss)



==============================================================================

Memory Map of the image

  Image Entry point : 0x08000189

  Load Region LR_IROM1 (Base: 0x08000000, Size: 0x00013080, Max: 0x00100000, ABSOLUTE, COMPRESSED[0x000120e0])

    Execution Region ER_IROM1 (Exec base: 0x08000000, Load base: 0x08000000, Size: 0x00012068, Max: 0x00100000, ABSOLUTE)

    Exec Addr    Load Addr    Size         Type   Attr      Idx    E Section Name        Object

    0x08000000   0x08000000   0x00000188   Data   RO         1667    RESET               startup_stm32f4xx.o
    0x08000188   0x08000188   0x00000008   Code   RO         1896  * !!!main             c_w.l(__main.o)
    0x08000190   0x08000190   0x00000034   Code   RO         2328    !!!scatter          c_w.l(__scatter.o)
    0x080001c4   0x080001c4   0x0000005a   Code   RO         2326    !!dczerorl2         c_w.l(__dczerorl2.o)
    0x0800021e   0x0800021e   0x00000002   PAD
    0x08000220   0x08000220   0x0000001c   Code   RO         2330    !!handler_zi        c_w.l(__scatter_zi.o)
    0x0800023c   0x0800023c   0x00000000   Code   RO         1885    .ARM.Collect$$_printf_percent$$00000000  c_w.l(_printf_percent.o)
    0x0800023c   0x0800023c   0x00000006   Code   RO         1884    .ARM.Collect$$_printf_percent$$00000003  c_w.l(_printf_f.o)
    0x08000242   0x08000242   0x00000006   Code   RO         1883    .ARM.Collect$$_printf_percent$$00000009  c_w.l(_printf_d.o)
    0x08000248   0x08000248   0x00000004   Code   RO         2047    .ARM.Collect$$_printf_percent$$00000017  c_w.l(_printf_percent_end.o)
    0x0800024c   0x0800024c   0x00000002   Code   RO         2195    .ARM.Collect$$libinit$$00000000  c_w.l(libinit.o)
    0x0800024e   0x0800024e   0x00000004   Code   RO         2196    .ARM.Collect$$libinit$$00000001  c_w.l(libinit2.o)
    0x08000252   0x08000252   0x00000000   Code   RO         2199    .ARM.Collect$$libinit$$00000004  c_w.l(libinit2.o)
    0x08000252   0x08000252   0x00000000   Code   RO         2202    .ARM.Collect$$libinit$$0000000A  c_w.l(libinit2.o)
    0x08000252   0x08000252   0x00000000   Code   RO         2204    .ARM.Collect$$libinit$$0000000C  c_w.l(libinit2.o)
    0x08000252   0x08000252   0x00000000   Code   RO         2206    .ARM.Collect$$libinit$$0000000E  c_w.l(libinit2.o)
    0x08000252   0x08000252   0x00000006   Code   RO         2207    .ARM.Collect$$libinit$$0000000F  c_w.l(libinit2.o)
    0x08000258   0x08000258   0x00000000   Code   RO         2209    .ARM.Collect$$libinit$$00000011  c_w.l(libinit2.o)
    0x08000258   0x08000258   0x00000000   Code   RO         2211    .ARM.Collect$$libinit$$00000013  c_w.l(libinit2.o)
    0x08000258   0x08000258   0x00000000   Code   RO         2213    .ARM.Collect$$libinit$$00000015  c_w.l(libinit2.o)
    0x08000258   0x08000258   0x0000000a   Code   RO         2214    .ARM.Collect$$libinit$$00000016  c_w.l(libinit2.o)
    0x08000262   0x08000262   0x00000000   Code   RO         2215    .ARM.Collect$$libinit$$00000017  c_w.l(libinit2.o)
    0x08000262   0x08000262   0x00000000   Code   RO         2217    .ARM.Collect$$libinit$$00000019  c_w.l(libinit2.o)
    0x08000262   0x08000262   0x00000000   Code   RO         2219    .ARM.Collect$$libinit$$0000001B  c_w.l(libinit2.o)
    0x08000262   0x08000262   0x00000000   Code   RO         2221    .ARM.Collect$$libinit$$0000001D  c_w.l(libinit2.o)
    0x08000262   0x08000262   0x00000000   Code   RO         2223    .ARM.Collect$$libinit$$0000001F  c_w.l(libinit2.o)
    0x08000262   0x08000262   0x00000000   Code   RO         2225    .ARM.Collect$$libinit$$00000021  c_w.l(libinit2.o)
    0x08000262   0x08000262   0x00000000   Code   RO         2227    .ARM.Collect$$libinit$$00000023  c_w.l(libinit2.o)
    0x08000262   0x08000262   0x00000000   Code   RO         2229    .ARM.Collect$$libinit$$00000025  c_w.l(libinit2.o)
    0x08000262   0x08000262   0x00000000   Code   RO         2233    .ARM.Collect$$libinit$$0000002C  c_w.l(libinit2.o)
    0x08000262   0x08000262   0x00000000   Code   RO         2235    .ARM.Collect$$libinit$$0000002E  c_w.l(libinit2.o)
    0x08000262   0x08000262   0x00000000   Code   RO         2237    .ARM.Collect$$libinit$$00000030  c_w.l(libinit2.o)
    0x08000262   0x08000262   0x00000000   Code   RO         2239    .ARM.Collect$$libinit$$00000032  c_w.l(libinit2.o)
    0x08000262   0x08000262   0x00000002   Code   RO         2240    .ARM.Collect$$libinit$$00000033  c_w.l(libinit2.o)
    0x08000264   0x08000264   0x00000002   Code   RO         2274    .ARM.Collect$$libshutdown$$00000000  c_w.l(libshutdown.o)
    0x08000266   0x08000266   0x00000000   Code   RO         2285    .ARM.Collect$$libshutdown$$00000002  c_w.l(libshutdown2.o)
    0x08000266   0x08000266   0x00000000   Code   RO         2287    .ARM.Collect$$libshutdown$$00000004  c_w.l(libshutdown2.o)
    0x08000266   0x08000266   0x00000000   Code   RO         2290    .ARM.Collect$$libshutdown$$00000007  c_w.l(libshutdown2.o)
    0x08000266   0x08000266   0x00000000   Code   RO         2293    .ARM.Collect$$libshutdown$$0000000A  c_w.l(libshutdown2.o)
    0x08000266   0x08000266   0x00000000   Code   RO         2295    .ARM.Collect$$libshutdown$$0000000C  c_w.l(libshutdown2.o)
    0x08000266   0x08000266   0x00000000   Code   RO         2298    .ARM.Collect$$libshutdown$$0000000F  c_w.l(libshutdown2.o)
    0x08000266   0x08000266   0x00000002   Code   RO         2299    .ARM.Collect$$libshutdown$$00000010  c_w.l(libshutdown2.o)
    0x08000268   0x08000268   0x00000000   Code   RO         2036    .ARM.Collect$$rtentry$$00000000  c_w.l(__rtentry.o)
    0x08000268   0x08000268   0x00000000   Code   RO         2119    .ARM.Collect$$rtentry$$00000002  c_w.l(__rtentry2.o)
    0x08000268   0x08000268   0x00000006   Code   RO         2131    .ARM.Collect$$rtentry$$00000004  c_w.l(__rtentry4.o)
    0x0800026e   0x0800026e   0x00000000   Code   RO         2121    .ARM.Collect$$rtentry$$00000009  c_w.l(__rtentry2.o)
    0x0800026e   0x0800026e   0x00000004   Code   RO         2122    .ARM.Collect$$rtentry$$0000000A  c_w.l(__rtentry2.o)
    0x08000272   0x08000272   0x00000000   Code   RO         2124    .ARM.Collect$$rtentry$$0000000C  c_w.l(__rtentry2.o)
    0x08000272   0x08000272   0x00000008   Code   RO         2125    .ARM.Collect$$rtentry$$0000000D  c_w.l(__rtentry2.o)
    0x0800027a   0x0800027a   0x00000002   Code   RO         2243    .ARM.Collect$$rtexit$$00000000  c_w.l(rtexit.o)
    0x0800027c   0x0800027c   0x00000000   Code   RO         2252    .ARM.Collect$$rtexit$$00000002  c_w.l(rtexit2.o)
    0x0800027c   0x0800027c   0x00000004   Code   RO         2253    .ARM.Collect$$rtexit$$00000003  c_w.l(rtexit2.o)
    0x08000280   0x08000280   0x00000006   Code   RO         2254    .ARM.Collect$$rtexit$$00000004  c_w.l(rtexit2.o)
    0x08000286   0x08000286   0x00000002   PAD
    0x08000288   0x08000288   0x000001dc   Code   RO            4    .text               main.o
    0x08000464   0x08000464   0x00000940   Code   RO          167    .text               icm_20608_g.o
    0x08000da4   0x08000da4   0x000008b8   Code   RO          205    .text               stm32f4xx_it.o
    0x0800165c   0x0800165c   0x00000b84   Code   RO          235    .text               buildexcel.o
    0x080021e0   0x080021e0   0x000007f4   Code   RO          265    .text               figureangle.o
    0x080029d4   0x080029d4   0x000006bc   Code   RO          301    .text               figurepos.o
    0x08003090   0x08003090   0x000000dc   Code   RO          327    .text               gpio.o
    0x0800316c   0x0800316c   0x00000ac8   Code   RO          369    .text               temperature_control.o
    0x08003c34   0x08003c34   0x00000c04   Code   RO          398    .text               receivedata.o
    0x08004838   0x08004838   0x00000648   Code   RO          430    .text               senddata.o
    0x08004e80   0x08004e80   0x000003d4   Code   RO          456    .text               rotate.o
    0x08005254   0x08005254   0x000000ac   Code   RO          484    .text               flash.o
    0x08005300   0x08005300   0x000005bc   Code   RO          514    .text               spi.o
    0x080058bc   0x080058bc   0x0000020c   Code   RO          541    .text               timer.o
    0x08005ac8   0x08005ac8   0x000008fc   Code   RO          565    .text               usart.o
    0x080063c4   0x080063c4   0x000001e0   Code   RO          623    .text               datarecover.o
    0x080065a4   0x080065a4   0x00000064   Code   RO          651    .text               iwdg.o
    0x08006608   0x08006608   0x00000500   Code   RO          675    .text               odom.o
    0x08006b08   0x08006b08   0x00000490   Code   RO          700    .text               character.o
    0x08006f98   0x08006f98   0x00001d7c   Code   RO          786    .text               quarternion.o
    0x08008d14   0x08008d14   0x00000764   Code   RO          821    .text               kalman.o
    0x08009478   0x08009478   0x000006b8   Code   RO          847    .text               self_math.o
    0x08009b30   0x08009b30   0x000000e0   Code   RO          877    .text               misc.o
    0x08009c10   0x08009c10   0x000003a8   Code   RO         1159    .text               stm32f4xx_dma.o
    0x08009fb8   0x08009fb8   0x000004bc   Code   RO         1207    .text               stm32f4xx_flash.o
    0x0800a474   0x0800a474   0x0000025c   Code   RO         1258    .text               stm32f4xx_gpio.o
    0x0800a6d0   0x0800a6d0   0x00000040   Code   RO         1384    .text               stm32f4xx_iwdg.o
    0x0800a710   0x0800a710   0x00000588   Code   RO         1435    .text               stm32f4xx_rcc.o
    0x0800ac98   0x0800ac98   0x000003f8   Code   RO         1542    .text               stm32f4xx_spi.o
    0x0800b090   0x0800b090   0x00000ca2   Code   RO         1593    .text               stm32f4xx_tim.o
    0x0800bd32   0x0800bd32   0x00000002   PAD
    0x0800bd34   0x0800bd34   0x00000454   Code   RO         1617    .text               stm32f4xx_usart.o
    0x0800c188   0x0800c188   0x00000040   Code   RO         1668    .text               startup_stm32f4xx.o
    0x0800c1c8   0x0800c1c8   0x00000210   Code   RO         1675    .text               system_stm32f4xx.o
    0x0800c3d8   0x0800c3d8   0x000000d8   Code   RO         1704    .text               arm_cortexM4lf_math.lib(arm_cos_f32.o)
    0x0800c4b0   0x0800c4b0   0x000000d8   Code   RO         1751    .text               arm_cortexM4lf_math.lib(arm_sin_f32.o)
    0x0800c588   0x0800c588   0x00000100   Code   RO         1773    .text               arm_cortexM4lf_math.lib(arm_mat_add_f32.o)
    0x0800c688   0x0800c688   0x00000008   Code   RO         1793    .text               arm_cortexM4lf_math.lib(arm_mat_init_f32.o)
    0x0800c690   0x0800c690   0x00000500   Code   RO         1813    .text               arm_cortexM4lf_math.lib(arm_mat_inverse_f32.o)
    0x0800cb90   0x0800cb90   0x000000f8   Code   RO         1833    .text               arm_cortexM4lf_math.lib(arm_mat_mult_f32.o)
    0x0800cc88   0x0800cc88   0x00000028   Code   RO         1855    .text               c_w.l(noretval__2sprintf.o)
    0x0800ccb0   0x0800ccb0   0x0000004e   Code   RO         1859    .text               c_w.l(_printf_pad.o)
    0x0800ccfe   0x0800ccfe   0x00000002   PAD
    0x0800cd00   0x0800cd00   0x00000078   Code   RO         1861    .text               c_w.l(_printf_dec.o)
    0x0800cd78   0x0800cd78   0x00000138   Code   RO         1875    .text               c_w.l(__printf_flags_wp.o)
    0x0800ceb0   0x0800ceb0   0x00000096   Code   RO         1886    .text               c_w.l(strncmp.o)
    0x0800cf46   0x0800cf46   0x0000008a   Code   RO         1888    .text               c_w.l(rt_memcpy_v6.o)
    0x0800cfd0   0x0800cfd0   0x00000064   Code   RO         1890    .text               c_w.l(rt_memcpy_w.o)
    0x0800d034   0x0800d034   0x0000004e   Code   RO         1892    .text               c_w.l(rt_memclr_w.o)
    0x0800d082   0x0800d082   0x00000006   Code   RO         1894    .text               c_w.l(heapauxi.o)
    0x0800d088   0x0800d088   0x00000016   Code   RO         2037    .text               c_w.l(_rserrno.o)
    0x0800d09e   0x0800d09e   0x000000b2   Code   RO         2039    .text               c_w.l(_printf_intcommon.o)
    0x0800d150   0x0800d150   0x0000041e   Code   RO         2041    .text               c_w.l(_printf_fp_dec.o)
    0x0800d56e   0x0800d56e   0x00000002   PAD
    0x0800d570   0x0800d570   0x00000030   Code   RO         2043    .text               c_w.l(_printf_char_common.o)
    0x0800d5a0   0x0800d5a0   0x0000000a   Code   RO         2045    .text               c_w.l(_sputc.o)
    0x0800d5aa   0x0800d5aa   0x00000002   PAD
    0x0800d5ac   0x0800d5ac   0x00000008   Code   RO         2136    .text               c_w.l(rt_locale_intlibspace.o)
    0x0800d5b4   0x0800d5b4   0x00000008   Code   RO         2141    .text               c_w.l(rt_errno_addr_intlibspace.o)
    0x0800d5bc   0x0800d5bc   0x0000008a   Code   RO         2143    .text               c_w.l(lludiv10.o)
    0x0800d646   0x0800d646   0x00000002   PAD
    0x0800d648   0x0800d648   0x00000080   Code   RO         2145    .text               c_w.l(_printf_fp_infnan.o)
    0x0800d6c8   0x0800d6c8   0x000000e4   Code   RO         2149    .text               c_w.l(bigflt0.o)
    0x0800d7ac   0x0800d7ac   0x00000008   Code   RO         2181    .text               c_w.l(libspace.o)
    0x0800d7b4   0x0800d7b4   0x0000004a   Code   RO         2184    .text               c_w.l(sys_stackheap_outer.o)
    0x0800d7fe   0x0800d7fe   0x00000012   Code   RO         2186    .text               c_w.l(exit.o)
    0x0800d810   0x0800d810   0x00000080   Code   RO         2188    .text               c_w.l(strcmpv7m.o)
    0x0800d890   0x0800d890   0x0000000c   Code   RO         2264    .text               c_w.l(sys_exit.o)
    0x0800d89c   0x0800d89c   0x00000002   Code   RO         2275    .text               c_w.l(use_no_semi.o)
    0x0800d89e   0x0800d89e   0x00000000   Code   RO         2277    .text               c_w.l(indicate_semi.o)
    0x0800d89e   0x0800d89e   0x0000003e   Code   RO         2152    CL$$btod_d2e        c_w.l(btod.o)
    0x0800d8dc   0x0800d8dc   0x00000046   Code   RO         2154    CL$$btod_d2e_denorm_low  c_w.l(btod.o)
    0x0800d922   0x0800d922   0x00000060   Code   RO         2153    CL$$btod_d2e_norm_op1  c_w.l(btod.o)
    0x0800d982   0x0800d982   0x00000338   Code   RO         2162    CL$$btod_div_common  c_w.l(btod.o)
    0x0800dcba   0x0800dcba   0x000000dc   Code   RO         2159    CL$$btod_e2e        c_w.l(btod.o)
    0x0800dd96   0x0800dd96   0x0000002a   Code   RO         2156    CL$$btod_ediv       c_w.l(btod.o)
    0x0800ddc0   0x0800ddc0   0x0000002a   Code   RO         2155    CL$$btod_emul       c_w.l(btod.o)
    0x0800ddea   0x0800ddea   0x00000244   Code   RO         2161    CL$$btod_mult_common  c_w.l(btod.o)
    0x0800e02e   0x0800e02e   0x00000030   Code   RO         2096    i.__ARM_fpclassify  m_wm.l(fpclassify.o)
    0x0800e05e   0x0800e05e   0x00000002   PAD
    0x0800e060   0x0800e060   0x00000360   Code   RO         1938    i.__hardfp_asin     m_wm.l(asin.o)
    0x0800e3c0   0x0800e3c0   0x000002d8   Code   RO         2065    i.__hardfp_atan     m_wm.l(atan.o)
    0x0800e698   0x0800e698   0x000001f0   Code   RO         1952    i.__hardfp_atan2    m_wm.l(atan2.o)
    0x0800e888   0x0800e888   0x000000c8   Code   RO         1964    i.__hardfp_cos      m_wm.l(cos.o)
    0x0800e950   0x0800e950   0x00000014   Code   RO         1976    i.__hardfp_fabs     m_wm.l(fabs.o)
    0x0800e964   0x0800e964   0x00000004   PAD
    0x0800e968   0x0800e968   0x00000c50   Code   RO         1982    i.__hardfp_pow      m_wm.l(pow.o)
    0x0800f5b8   0x0800f5b8   0x0000009a   Code   RO         2032    i.__hardfp_roundf   m_wm.l(roundf.o)
    0x0800f652   0x0800f652   0x00000006   PAD
    0x0800f658   0x0800f658   0x000000c8   Code   RO         1996    i.__hardfp_sin      m_wm.l(sin.o)
    0x0800f720   0x0800f720   0x0000007a   Code   RO         2008    i.__hardfp_sqrt     m_wm.l(sqrt.o)
    0x0800f79a   0x0800f79a   0x00000006   PAD
    0x0800f7a0   0x0800f7a0   0x00000080   Code   RO         2020    i.__hardfp_tan      m_wm.l(tan.o)
    0x0800f820   0x0800f820   0x00000438   Code   RO         2101    i.__ieee754_rem_pio2  m_wm.l(rred.o)
    0x0800fc58   0x0800fc58   0x00000170   Code   RO         2079    i.__kernel_cos      m_wm.l(cos_i.o)
    0x0800fdc8   0x0800fdc8   0x000000f8   Code   RO         2098    i.__kernel_poly     m_wm.l(poly.o)
    0x0800fec0   0x0800fec0   0x00000130   Code   RO         2106    i.__kernel_sin      m_wm.l(sin_i.o)
    0x0800fff0   0x0800fff0   0x00000350   Code   RO         2112    i.__kernel_tan      m_wm.l(tan_i.o)
    0x08010340   0x08010340   0x00000030   Code   RO         2082    i.__mathlib_dbl_divzero  m_wm.l(dunder.o)
    0x08010370   0x08010370   0x00000014   Code   RO         2083    i.__mathlib_dbl_infnan  m_wm.l(dunder.o)
    0x08010384   0x08010384   0x00000014   Code   RO         2084    i.__mathlib_dbl_infnan2  m_wm.l(dunder.o)
    0x08010398   0x08010398   0x00000020   Code   RO         2085    i.__mathlib_dbl_invalid  m_wm.l(dunder.o)
    0x080103b8   0x080103b8   0x00000020   Code   RO         2086    i.__mathlib_dbl_overflow  m_wm.l(dunder.o)
    0x080103d8   0x080103d8   0x00000020   Code   RO         2088    i.__mathlib_dbl_underflow  m_wm.l(dunder.o)
    0x080103f8   0x080103f8   0x0000000e   Code   RO         1873    i._is_digit         c_w.l(__printf_wp.o)
    0x08010406   0x08010406   0x00000010   Code   RO         2067    i.atan              m_wm.l(atan.o)
    0x08010416   0x08010416   0x00000018   Code   RO         1978    i.fabs              m_wm.l(fabs.o)
    0x0801042e   0x0801042e   0x0000006e   Code   RO         2010    i.sqrt              m_wm.l(sqrt.o)
    0x0801049c   0x0801049c   0x0000002c   Code   RO         2175    locale$$code        c_w.l(lc_numeric_c.o)
    0x080104c8   0x080104c8   0x00000018   Code   RO         1898    x$fpl$basic         fz_wm.l(basic.o)
    0x080104e0   0x080104e0   0x00000062   Code   RO         1900    x$fpl$d2f           fz_wm.l(d2f.o)
    0x08010542   0x08010542   0x00000002   PAD
    0x08010544   0x08010544   0x00000150   Code   RO         1902    x$fpl$dadd          fz_wm.l(daddsub_clz.o)
    0x08010694   0x08010694   0x00000010   Code   RO         2177    x$fpl$dcheck1       fz_wm.l(dcheck1.o)
    0x080106a4   0x080106a4   0x00000018   Code   RO         2048    x$fpl$dcmpinf       fz_wm.l(dcmpi.o)
    0x080106bc   0x080106bc   0x000002b0   Code   RO         1909    x$fpl$ddiv          fz_wm.l(ddiv.o)
    0x0801096c   0x0801096c   0x00000078   Code   RO         1912    x$fpl$deqf          fz_wm.l(deqf.o)
    0x080109e4   0x080109e4   0x0000005e   Code   RO         1914    x$fpl$dfix          fz_wm.l(dfix.o)
    0x08010a42   0x08010a42   0x00000002   PAD
    0x08010a44   0x08010a44   0x0000005a   Code   RO         1918    x$fpl$dfixu         fz_wm.l(dfixu.o)
    0x08010a9e   0x08010a9e   0x0000002e   Code   RO         1923    x$fpl$dflt          fz_wm.l(dflt_clz.o)
    0x08010acc   0x08010acc   0x00000026   Code   RO         1922    x$fpl$dfltu         fz_wm.l(dflt_clz.o)
    0x08010af2   0x08010af2   0x00000002   PAD
    0x08010af4   0x08010af4   0x00000078   Code   RO         1928    x$fpl$dleqf         fz_wm.l(dleqf.o)
    0x08010b6c   0x08010b6c   0x00000154   Code   RO         1930    x$fpl$dmul          fz_wm.l(dmul.o)
    0x08010cc0   0x08010cc0   0x0000009c   Code   RO         2050    x$fpl$dnaninf       fz_wm.l(dnaninf.o)
    0x08010d5c   0x08010d5c   0x0000000c   Code   RO         2052    x$fpl$dretinf       fz_wm.l(dretinf.o)
    0x08010d68   0x08010d68   0x0000006c   Code   RO         1932    x$fpl$drleqf        fz_wm.l(drleqf.o)
    0x08010dd4   0x08010dd4   0x00000016   Code   RO         1903    x$fpl$drsb          fz_wm.l(daddsub_clz.o)
    0x08010dea   0x08010dea   0x00000002   PAD
    0x08010dec   0x08010dec   0x00000198   Code   RO         2054    x$fpl$dsqrt         fz_wm.l(dsqrt_umaal.o)
    0x08010f84   0x08010f84   0x000001d4   Code   RO         1904    x$fpl$dsub          fz_wm.l(daddsub_clz.o)
    0x08011158   0x08011158   0x00000056   Code   RO         1934    x$fpl$f2d           fz_wm.l(f2d.o)
    0x080111ae   0x080111ae   0x0000008c   Code   RO         2056    x$fpl$fnaninf       fz_wm.l(fnaninf.o)
    0x0801123a   0x0801123a   0x0000000a   Code   RO         2247    x$fpl$fpinit        fz_wm.l(fpinit.o)
    0x08011244   0x08011244   0x0000000a   Code   RO         2058    x$fpl$fretinf       fz_wm.l(fretinf.o)
    0x0801124e   0x0801124e   0x00000002   PAD
    0x08011250   0x08011250   0x00000060   Code   RO         2060    x$fpl$frnd          fz_wm.l(frnd.o)
    0x080112b0   0x080112b0   0x00000004   Code   RO         1936    x$fpl$printf1       fz_wm.l(printf1.o)
    0x080112b4   0x080112b4   0x00000064   Code   RO         2241    x$fpl$retnan        fz_wm.l(retnan.o)
    0x08011318   0x08011318   0x0000005c   Code   RO         2062    x$fpl$scalbn        fz_wm.l(scalbn.o)
    0x08011374   0x08011374   0x00000030   Code   RO         2249    x$fpl$trapveneer    fz_wm.l(trapv.o)
    0x080113a4   0x080113a4   0x00000000   Code   RO         2064    x$fpl$usenofp       fz_wm.l(usenofp.o)
    0x080113a4   0x080113a4   0x00000004   PAD
    0x080113a8   0x080113a8   0x00000048   Data   RO          207    .constdata          stm32f4xx_it.o
    0x080113f0   0x080113f0   0x00000058   Data   RO          237    .constdata          buildexcel.o
    0x08011448   0x08011448   0x00000008   Data   RO          371    .constdata          temperature_control.o
    0x08011450   0x08011450   0x00000020   Data   RO          457    .constdata          rotate.o
    0x08011470   0x08011470   0x00000410   Data   RO         1705    .constdata          arm_cortexM4lf_math.lib(arm_cos_f32.o)
    0x08011880   0x08011880   0x0000040c   Data   RO         1752    .constdata          arm_cortexM4lf_math.lib(arm_sin_f32.o)
    0x08011c8c   0x08011c8c   0x00000011   Data   RO         1876    .constdata          c_w.l(__printf_flags_wp.o)
    0x08011c9d   0x08011c9d   0x00000003   PAD
    0x08011ca0   0x08011ca0   0x00000050   Data   RO         1941    .constdata          m_wm.l(asin.o)
    0x08011cf0   0x08011cf0   0x00000088   Data   RO         1985    .constdata          m_wm.l(pow.o)
    0x08011d78   0x08011d78   0x00000098   Data   RO         2068    .constdata          m_wm.l(atan.o)
    0x08011e10   0x08011e10   0x00000030   Data   RO         2080    .constdata          m_wm.l(cos_i.o)
    0x08011e40   0x08011e40   0x00000008   Data   RO         2100    .constdata          m_wm.l(qnan.o)
    0x08011e48   0x08011e48   0x000000c8   Data   RO         2103    .constdata          m_wm.l(rred.o)
    0x08011f10   0x08011f10   0x00000028   Data   RO         2107    .constdata          m_wm.l(sin_i.o)
    0x08011f38   0x08011f38   0x00000060   Data   RO         2113    .constdata          m_wm.l(tan_i.o)
    0x08011f98   0x08011f98   0x00000094   Data   RO         2150    .constdata          c_w.l(bigflt0.o)
    0x0801202c   0x0801202c   0x00000020   Data   RO         2324    Region$$Table       anon$$obj.o
    0x0801204c   0x0801204c   0x0000001c   Data   RO         2174    locale$$data        c_w.l(lc_numeric_c.o)


    Execution Region RW_IRAM1 (Exec base: 0x20000000, Load base: 0x08012068, Size: 0x0000e390, Max: 0x00020000, ABSOLUTE, COMPRESSED[0x00000078])

    Exec Addr    Load Addr    Size         Type   Attr      Idx    E Section Name        Object

    0x20000000   COMPRESSED   0x00000008   Data   RW          169    .data               icm_20608_g.o
    0x20000008   COMPRESSED   0x00000018   Data   RW          208    .data               stm32f4xx_it.o
    0x20000020   COMPRESSED   0x00000e1c   Data   RW          238    .data               buildexcel.o
    0x20000e3c   COMPRESSED   0x00000004   PAD
    0x20000e40   COMPRESSED   0x00000018   Data   RW          267    .data               figureangle.o
    0x20000e58   COMPRESSED   0x00000009   Data   RW          302    .data               figurepos.o
    0x20000e61   COMPRESSED   0x00000007   PAD
    0x20000e68   COMPRESSED   0x00000058   Data   RW          372    .data               temperature_control.o
    0x20000ec0   COMPRESSED   0x00000008   Data   RW          400    .data               receivedata.o
    0x20000ec8   COMPRESSED   0x00000020   Data   RW          431    .data               senddata.o
    0x20000ee8   COMPRESSED   0x00000010   Data   RW          458    .data               rotate.o
    0x20000ef8   COMPRESSED   0x0000000c   Data   RW          567    .data               usart.o
    0x20000f04   COMPRESSED   0x00000008   Data   RW          676    .data               odom.o
    0x20000f0c   COMPRESSED   0x00000004   PAD
    0x20000f10   COMPRESSED   0x000000dc   Data   RW          823    .data               kalman.o
    0x20000fec   COMPRESSED   0x00000008   Data   RW          849    .data               self_math.o
    0x20000ff4   COMPRESSED   0x00000010   Data   RW         1436    .data               stm32f4xx_rcc.o
    0x20001004   COMPRESSED   0x00000014   Data   RW         1676    .data               system_stm32f4xx.o
    0x20001018        -       0x000001a0   Zero   RW            5    .bss                main.o
    0x200011b8        -       0x00000024   Zero   RW          168    .bss                icm_20608_g.o
    0x200011dc   COMPRESSED   0x00000004   PAD
    0x200011e0        -       0x0000003c   Zero   RW          206    .bss                stm32f4xx_it.o
    0x2000121c        -       0x00001530   Zero   RW          236    .bss                buildexcel.o
    0x2000274c   COMPRESSED   0x00000004   PAD
    0x20002750        -       0x00005dd8   Zero   RW          266    .bss                figureangle.o
    0x20008528        -       0x0000000c   Zero   RW          370    .bss                temperature_control.o
    0x20008534        -       0x00000014   Zero   RW          399    .bss                receivedata.o
    0x20008548        -       0x000000d4   Zero   RW          566    .bss                usart.o
    0x2000861c   COMPRESSED   0x00000004   PAD
    0x20008620        -       0x000000d8   Zero   RW          624    .bss                datarecover.o
    0x200086f8        -       0x00000018   Zero   RW          787    .bss                quarternion.o
    0x20008710        -       0x00000320   Zero   RW          822    .bss                kalman.o
    0x20008a30        -       0x000012fc   Zero   RW          848    .bss                self_math.o
    0x20009d2c        -       0x00000060   Zero   RW         2182    .bss                c_w.l(libspace.o)
    0x20009d8c   COMPRESSED   0x00000004   PAD
    0x20009d90        -       0x00004200   Zero   RW         1666    HEAP                startup_stm32f4xx.o
    0x2000df90        -       0x00000400   Zero   RW         1665    STACK               startup_stm32f4xx.o


==============================================================================

Image component sizes


      Code (inc. data)   RO Data    RW Data    ZI Data      Debug   Object Name

      2948        190         88       3612       5424       4661   buildexcel.o
      1168        156          0          0          0       6681   character.o
       480         16          0          0        216       3858   datarecover.o
      2036        138          0         24      24024       7789   figureangle.o
      1724         98          0          9          0       1490   figurepos.o
       172         46          0          0          0       6285   flash.o
       220         14          0          0          0       1326   gpio.o
      2368        176          0          8         36      14031   icm_20608_g.o
       100          4          0          0          0        943   iwdg.o
      1892        192          0        220        800       2931   kalman.o
       476         14          0          0        416     289462   main.o
       224         20          0          0          0       1961   misc.o
      1280         30          0          8          0       5188   odom.o
      7548        118          0          0         24       3645   quarternion.o
      3076        278          0          8         20       9112   receivedata.o
       980         36         32         16          0       2494   rotate.o
      1720        132          0          8       4860       6211   self_math.o
      1608         98          0         32          0       2431   senddata.o
      1468         32          0          0          0      12308   spi.o
        64         26        392          0      17920        860   startup_stm32f4xx.o
       936         32          0          0          0       6541   stm32f4xx_dma.o
      1212         26          0          0          0       7261   stm32f4xx_flash.o
       604         36          0          0          0       4269   stm32f4xx_gpio.o
      2232        178         72         24         60       4678   stm32f4xx_it.o
        64          6          0          0          0       1397   stm32f4xx_iwdg.o
      1416         48          0         16          0      11207   stm32f4xx_rcc.o
      1016         22          0          0          0       6985   stm32f4xx_spi.o
      3234         60          0          0          0      23156   stm32f4xx_tim.o
      1108         24          0          0          0       8124   stm32f4xx_usart.o
       528         46          0         20          0       1863   system_stm32f4xx.o
      2760        256          8         88         12       4271   temperature_control.o
       524         12          0          0          0       2094   timer.o
      2300        130          0         12        212       7036   usart.o

    ----------------------------------------------------------------------
     49488       2690        624       4120      54036     472549   Object Totals
         0          0         32          0          0          0   (incl. Generated)
         2          0          0         15         12          0   (incl. Padding)

    ----------------------------------------------------------------------

      Code (inc. data)   RO Data    RW Data    ZI Data      Debug   Library Member Name

       216         22       1040          0          0      16570   arm_cos_f32.o
       256          0          0          0          0       1426   arm_mat_add_f32.o
         8          0          0          0          0        779   arm_mat_init_f32.o
      1280         10          0          0          0       2726   arm_mat_inverse_f32.o
       248          6          0          0          0       1371   arm_mat_mult_f32.o
       216         22       1036          0          0       1382   arm_sin_f32.o
        90          0          0          0          0          0   __dczerorl2.o
         8          0          0          0          0         68   __main.o
       312          4         17          0          0         92   __printf_flags_wp.o
        14          0          0          0          0         68   __printf_wp.o
         0          0          0          0          0          0   __rtentry.o
        12          0          0          0          0          0   __rtentry2.o
         6          0          0          0          0          0   __rtentry4.o
        52          8          0          0          0          0   __scatter.o
        28          0          0          0          0          0   __scatter_zi.o
        48          6          0          0          0         96   _printf_char_common.o
         6          0          0          0          0          0   _printf_d.o
       120         16          0          0          0         92   _printf_dec.o
         6          0          0          0          0          0   _printf_f.o
      1054          0          0          0          0        216   _printf_fp_dec.o
       128         16          0          0          0         84   _printf_fp_infnan.o
       178          0          0          0          0         88   _printf_intcommon.o
        78          0          0          0          0        108   _printf_pad.o
         0          0          0          0          0          0   _printf_percent.o
         4          0          0          0          0          0   _printf_percent_end.o
        22          0          0          0          0        100   _rserrno.o
        10          0          0          0          0         68   _sputc.o
       228          4        148          0          0         96   bigflt0.o
      1936        128          0          0          0        672   btod.o
        18          0          0          0          0         80   exit.o
         6          0          0          0          0        152   heapauxi.o
         0          0          0          0          0          0   indicate_semi.o
        44         10         28          0          0         76   lc_numeric_c.o
         2          0          0          0          0          0   libinit.o
        22          0          0          0          0          0   libinit2.o
         2          0          0          0          0          0   libshutdown.o
         2          0          0          0          0          0   libshutdown2.o
         8          4          0          0         96         68   libspace.o
       138          0          0          0          0         80   lludiv10.o
        40          6          0          0          0         84   noretval__2sprintf.o
         8          4          0          0          0         68   rt_errno_addr_intlibspace.o
         8          4          0          0          0         68   rt_locale_intlibspace.o
        78          0          0          0          0         80   rt_memclr_w.o
       138          0          0          0          0         68   rt_memcpy_v6.o
       100          0          0          0          0         80   rt_memcpy_w.o
         2          0          0          0          0          0   rtexit.o
        10          0          0          0          0          0   rtexit2.o
       128          0          0          0          0         68   strcmpv7m.o
       150          0          0          0          0         80   strncmp.o
        12          4          0          0          0         68   sys_exit.o
        74          0          0          0          0         80   sys_stackheap_outer.o
         2          0          0          0          0         68   use_no_semi.o
        24          0          0          0          0        164   basic.o
        98          4          0          0          0        140   d2f.o
       826         16          0          0          0        492   daddsub_clz.o
        16          4          0          0          0        116   dcheck1.o
        24          0          0          0          0        116   dcmpi.o
       688        140          0          0          0        256   ddiv.o
       120          4          0          0          0        140   deqf.o
        94          4          0          0          0        140   dfix.o
        90          4          0          0          0        140   dfixu.o
        84          0          0          0          0        232   dflt_clz.o
       120          4          0          0          0        140   dleqf.o
       340         12          0          0          0        152   dmul.o
       156          4          0          0          0        140   dnaninf.o
        12          0          0          0          0        116   dretinf.o
       108          0          0          0          0        128   drleqf.o
       408         56          0          0          0        168   dsqrt_umaal.o
        86          4          0          0          0        132   f2d.o
       140          4          0          0          0        132   fnaninf.o
        10          0          0          0          0        116   fpinit.o
        10          0          0          0          0        116   fretinf.o
        96          4          0          0          0        124   frnd.o
         4          0          0          0          0        116   printf1.o
       100          0          0          0          0        116   retnan.o
        92          0          0          0          0        116   scalbn.o
        48          0          0          0          0        116   trapv.o
         0          0          0          0          0          0   usenofp.o
       864         94         80          0          0        280   asin.o
       744        106        152          0          0        352   atan.o
       496         64          0          0          0        192   atan2.o
       200         20          0          0          0        164   cos.o
       368         46         48          0          0        200   cos_i.o
       184         44          0          0          0        744   dunder.o
        44          0          0          0          0        248   fabs.o
        48          0          0          0          0        124   fpclassify.o
       248          0          0          0          0        152   poly.o
      3152        296        136          0          0        352   pow.o
         0          0          8          0          0          0   qnan.o
       154          0          0          0          0        140   roundf.o
      1080        142        200          0          0        188   rred.o
       200         20          0          0          0        164   sin.o
       304         24         40          0          0        208   sin_i.o
       232          0          0          0          0        296   sqrt.o
       128         20          0          0          0        144   tan.o
       848         84         96          0          0        196   tan_i.o

    ----------------------------------------------------------------------
     20688       1498       3032          0        100      35378   Library Totals
        44          0          3          0          4          0   (incl. Padding)

    ----------------------------------------------------------------------

      Code (inc. data)   RO Data    RW Data    ZI Data      Debug   Library Name

      2224         60       2076          0          0      24254   arm_cortexM4lf_math.lib
      5332        214        193          0         96       3116   c_w.l
      3794        264          0          0          0       3864   fz_wm.l
      9294        960        760          0          0       4144   m_wm.l

    ----------------------------------------------------------------------
     20688       1498       3032          0        100      35378   Library Totals

    ----------------------------------------------------------------------

==============================================================================


      Code (inc. data)   RO Data    RW Data    ZI Data      Debug   

     70176       4188       3656       4120      54136     493911   Grand Totals
     70176       4188       3656        120      54136     493911   ELF Image Totals (compressed)
     70176       4188       3656        120          0          0   ROM Totals

==============================================================================

    Total RO  Size (Code + RO Data)                73832 (  72.10kB)
    Total RW  Size (RW Data + ZI Data)             58256 (  56.89kB)
    Total ROM Size (Code + RO Data + RW Data)      73952 (  72.22kB)

==============================================================================

