<html>
<body>
<pre>
<h1>µVision Build Log</h1>
<h2>Tool Versions:</h2>
IDE-Version: ¦ÌVision V5.21.1.0
Copyright (C) 2016 ARM Ltd and ARM Germany GmbH. All rights reserved.
License Information: summer Windows, HP Inc., LIC=GMZ9U-S1SUN-0NEAM-XAG6E-FK8DL-V8BC9
 
Tool Versions:
Toolchain:       MDK-ARM Plus  Version: 5.21a
Toolchain Path:  C:\Keil_v5\ARM\ARMCC\Bin
C Compiler:      Armcc.exe V5.06 update 3 (build 300)
Assembler:       Armasm.exe V5.06 update 3 (build 300)
Linker/Locator:  ArmLink.exe V5.06 update 3 (build 300)
Library Manager: ArmAr.exe V5.06 update 3 (build 300)
Hex Converter:   FromElf.exe V5.06 update 3 (build 300)
CPU DLL:         SARMCM3.DLL V5.21a
Dialog DLL:      DCM.DLL V1.13.8.0
Target DLL:      Segger\JL2CM3.dll V2.99.23.0
Dialog DLL:      TCM.DLL V1.14.14.0
 
<h2>Project:</h2>
F:\grow\git\new-posys\testPlan\MDK-ARM\demo.uvprojx
Project File Date:  11/14/2017

<h2>Output:</h2>
*** Using Compiler 'V5.06 update 3 (build 300)', folder: 'C:\Keil_v5\ARM\ARMCC\Bin'
Rebuild target 'ACTION'
compiling gpio.c...
compiling can.c...
compiling elmo.c...
compiling timer.c...
compiling usart.c...
compiling stm32f4xx_it.c...
..\Action_User\stm32f4xx_it.c(367): warning:  #1035-D: single-precision operand implicitly converted to double-precision
  		Pos_cfg(2,300000,300000,value*4096.0*10000.0/360.0);
..\Action_User\stm32f4xx_it.c: 1 warning, 0 errors
compiling main.c...
..\Action_User\main.c(58): warning:  #177-D: variable "buffer" was declared but never referenced
  				char buffer[10];
..\Action_User\main.c(51): warning:  #550-D: variable "vel_real" was set but never used
  	float vel_real=0.f;
..\Action_User\main.c: 2 warnings, 0 errors
compiling misc.c...
compiling stm32f4xx_crc.c...
compiling stm32f4xx_cryp_des.c...
compiling stm32f4xx_cryp.c...
compiling stm32f4xx_adc.c...
compiling stm32f4xx_cryp_aes.c...
compiling stm32f4xx_can.c...
compiling stm32f4xx_cryp_tdes.c...
compiling stm32f4xx_dbgmcu.c...
compiling stm32f4xx_exti.c...
compiling stm32f4xx_dac.c...
compiling stm32f4xx_dcmi.c...
compiling stm32f4xx_dma.c...
compiling stm32f4xx_flash.c...
compiling stm32f4xx_fsmc.c...
compiling stm32f4xx_gpio.c...
compiling stm32f4xx_hash_sha1.c...
compiling stm32f4xx_hash_md5.c...
compiling stm32f4xx_hash.c...
compiling stm32f4xx_i2c.c...
compiling stm32f4xx_iwdg.c...
compiling stm32f4xx_pwr.c...
compiling stm32f4xx_rcc.c...
compiling stm32f4xx_rng.c...
compiling stm32f4xx_syscfg.c...
compiling stm32f4xx_sdio.c...
compiling stm32f4xx_spi.c...
compiling stm32f4xx_rtc.c...
compiling stm32f4xx_tim.c...
assembling startup_stm32f4xx.s...
compiling stm32f4xx_usart.c...
compiling system_stm32f4xx.c...
compiling stm32f4xx_wwdg.c...
linking...
Program Size: Code=19600 RO-data=1152 RW-data=80 ZI-data=18088  
FromELF: creating hex file...
".\SZW_STM32F407\demo.axf" - 0 Error(s), 3 Warning(s).

<h2>Collection of Component include folders:</h2>
  F:\grow\git\new-posys\testPlan\MDK-ARM\RTE
  C:\Keil_v5\ARM\PACK\Keil\STM32F4xx_DFP\1.0.8\Device\Include

<h2>Collection of Component Files used:</h2>
Build Time Elapsed:  00:00:08
</pre>
</body>
</html>
