Component: ARM Compiler 5.06 update 5 (build 528) Tool: armlink [4d35e2]

==============================================================================

Section Cross References

    main.o(.ARM.exidx) refers to main.o(.rev16_text) for __asm___6_main_c_init____REV16
    main.o(.ARM.exidx) refers to main.o(.revsh_text) for __asm___6_main_c_init____REVSH
    main.o(.ARM.exidx) refers to main.o(.rrx_text) for __asm___6_main_c_init____RRX
    main.o(i.init) refers to misc.o(i.NVIC_PriorityGroupConfig) for NVIC_PriorityGroupConfig
    main.o(i.init) refers to timer.o(i.TIM_Init) for TIM_Init
    main.o(i.init) refers to temperature_control.o(i.pwm_init) for pwm_init
    main.o(i.init) refers to stm32f4xx_tim.o(i.TIM_SetCompare3) for TIM_SetCompare3
    main.o(i.init) refers to spi.o(i.SPI1_Init) for SPI1_Init
    main.o(i.init) refers to spi.o(i.SPI2_Init) for SPI2_Init
    main.o(i.init) refers to spi.o(i.CS_Config) for CS_Config
    main.o(i.init) refers to flash.o(i.Flash_Init) for Flash_Init
    main.o(i.init) refers to usart.o(i.USART1_Init) for USART1_Init
    main.o(i.init) refers to icm_20608_g.o(i.ICM20608G_init) for ICM20608G_init
    main.o(i.init) refers to buildexcel.o(i.WaitForUpdataVDoff) for WaitForUpdataVDoff
    main.o(i.main) refers to main.o(i.init) for init
    main.o(i.main) refers to flash.o(i.GetFlashUpdataFlag) for GetFlashUpdataFlag
    main.o(i.main) refers to figureangle.o(i.RoughHandle) for RoughHandle
    main.o(i.main) refers to stm32f4xx_it.o(i.GetRobotStart) for GetRobotStart
    main.o(i.main) refers to figureangle.o(i.TemporaryHandle) for TemporaryHandle
    main.o(i.main) refers to figureangle.o(i.updateAngle) for updateAngle
    main.o(i.main) refers to figurepos.o(i.calculatePos) for calculatePos
    main.o(i.main) refers to temperature_control.o(i.temperature_control) for temperature_control
    main.o(i.main) refers to buildexcel.o(i.UpdateVDoffTable) for UpdateVDoffTable
    main.o(i.main) refers to stm32f4xx_it.o(i.getTimeCount) for getTimeCount
    main.o(i.main) refers to stm32f4xx_it.o(i.getTimeFlag) for getTimeFlag
    main.o(i.main) refers to main.o(.data) for cpuUsage
    main.o(.ARM.exidx) refers to main.o(i.init) for i.init
    main.o(.ARM.exidx) refers to unwind_pr0.o(.text) for __aeabi_unwind_cpp_pr0
    main.o(.ARM.exidx) refers to main.o(i.main) for i.main
    main.o(.ARM.exidx) refers to unwind_pr0.o(.text) for __aeabi_unwind_cpp_pr0
    stm32f4xx_it.o(.ARM.exidx) refers to stm32f4xx_it.o(.rev16_text) for __asm___14_stm32f4xx_it_c_b3edbf46____REV16
    stm32f4xx_it.o(.ARM.exidx) refers to stm32f4xx_it.o(.revsh_text) for __asm___14_stm32f4xx_it_c_b3edbf46____REVSH
    stm32f4xx_it.o(.ARM.exidx) refers to stm32f4xx_it.o(.rrx_text) for __asm___14_stm32f4xx_it_c_b3edbf46____RRX
    stm32f4xx_it.o(i.GetRobotStart) refers to stm32f4xx_it.o(.data) for robotStart
    stm32f4xx_it.o(i.SetRobotStart) refers to stm32f4xx_it.o(.data) for robotStart
    stm32f4xx_it.o(i.TIM1_UP_TIM10_IRQHandler) refers to stm32f4xx_tim.o(i.TIM_GetITStatus) for TIM_GetITStatus
    stm32f4xx_it.o(i.TIM1_UP_TIM10_IRQHandler) refers to stm32f4xx_tim.o(i.TIM_ClearITPendingBit) for TIM_ClearITPendingBit
    stm32f4xx_it.o(i.TIM2_IRQHandler) refers to stm32f4xx_tim.o(i.TIM_GetITStatus) for TIM_GetITStatus
    stm32f4xx_it.o(i.TIM2_IRQHandler) refers to stm32f4xx_tim.o(i.TIM_ClearITPendingBit) for TIM_ClearITPendingBit
    stm32f4xx_it.o(i.TIM2_IRQHandler) refers to stm32f4xx_it.o(.data) for timeCount
    stm32f4xx_it.o(i.TIM3_IRQHandler) refers to stm32f4xx_tim.o(i.TIM_GetITStatus) for TIM_GetITStatus
    stm32f4xx_it.o(i.TIM3_IRQHandler) refers to stm32f4xx_tim.o(i.TIM_ClearITPendingBit) for TIM_ClearITPendingBit
    stm32f4xx_it.o(i.TIM4_IRQHandler) refers to stm32f4xx_tim.o(i.TIM_GetITStatus) for TIM_GetITStatus
    stm32f4xx_it.o(i.TIM4_IRQHandler) refers to stm32f4xx_tim.o(i.TIM_ClearITPendingBit) for TIM_ClearITPendingBit
    stm32f4xx_it.o(i.TIM5_IRQHandler) refers to stm32f4xx_tim.o(i.TIM_GetITStatus) for TIM_GetITStatus
    stm32f4xx_it.o(i.TIM5_IRQHandler) refers to stm32f4xx_tim.o(i.TIM_ClearITPendingBit) for TIM_ClearITPendingBit
    stm32f4xx_it.o(i.TIM8_UP_TIM13_IRQHandler) refers to stm32f4xx_tim.o(i.TIM_GetITStatus) for TIM_GetITStatus
    stm32f4xx_it.o(i.TIM8_UP_TIM13_IRQHandler) refers to stm32f4xx_tim.o(i.TIM_ClearITPendingBit) for TIM_ClearITPendingBit
    stm32f4xx_it.o(i.UART5_IRQHandler) refers to stm32f4xx_usart.o(i.USART_GetITStatus) for USART_GetITStatus
    stm32f4xx_it.o(i.UART5_IRQHandler) refers to stm32f4xx_usart.o(i.USART_ClearITPendingBit) for USART_ClearITPendingBit
    stm32f4xx_it.o(i.USART1_IRQHandler) refers to stm32f4xx_usart.o(i.USART_GetITStatus) for USART_GetITStatus
    stm32f4xx_it.o(i.USART1_IRQHandler) refers to stm32f4xx_usart.o(i.USART_ClearITPendingBit) for USART_ClearITPendingBit
    stm32f4xx_it.o(i.USART1_IRQHandler) refers to stm32f4xx_usart.o(i.USART_ReceiveData) for USART_ReceiveData
[...]
    _fneg                                    0x0800ab5f   Thumb Code     6  basic.o(x$fpl$basic)
    _dabs                                    0x0800ab65   Thumb Code     6  basic.o(x$fpl$basic)
    _fabs                                    0x0800ab6b   Thumb Code     6  basic.o(x$fpl$basic)
    __aeabi_d2f                              0x0800ab71   Thumb Code     0  d2f.o(x$fpl$d2f)
    _d2f                                     0x0800ab71   Thumb Code    98  d2f.o(x$fpl$d2f)
    __aeabi_dadd                             0x0800abd5   Thumb Code     0  daddsub_clz.o(x$fpl$dadd)
    _dadd                                    0x0800abd5   Thumb Code   332  daddsub_clz.o(x$fpl$dadd)
    __fpl_dcheck_NaN1                        0x0800ad25   Thumb Code    10  dcheck1.o(x$fpl$dcheck1)
    __fpl_dcmp_Inf                           0x0800ad35   Thumb Code    24  dcmpi.o(x$fpl$dcmpinf)
    __aeabi_ddiv                             0x0800ad4d   Thumb Code     0  ddiv.o(x$fpl$ddiv)
    _ddiv                                    0x0800ad4d   Thumb Code   552  ddiv.o(x$fpl$ddiv)
    __aeabi_d2iz                             0x0800affd   Thumb Code     0  dfix.o(x$fpl$dfix)
    _dfix                                    0x0800affd   Thumb Code    94  dfix.o(x$fpl$dfix)
    __aeabi_d2uiz                            0x0800b05d   Thumb Code     0  dfixu.o(x$fpl$dfixu)
    _dfixu                                   0x0800b05d   Thumb Code    90  dfixu.o(x$fpl$dfixu)
    __aeabi_i2d                              0x0800b0b7   Thumb Code     0  dflt_clz.o(x$fpl$dflt)
    _dflt                                    0x0800b0b7   Thumb Code    46  dflt_clz.o(x$fpl$dflt)
    __aeabi_ui2d                             0x0800b0e5   Thumb Code     0  dflt_clz.o(x$fpl$dfltu)
    _dfltu                                   0x0800b0e5   Thumb Code    38  dflt_clz.o(x$fpl$dfltu)
    __aeabi_cdcmple                          0x0800b10d   Thumb Code     0  dleqf.o(x$fpl$dleqf)
    _dcmple                                  0x0800b10d   Thumb Code   120  dleqf.o(x$fpl$dleqf)
    __fpl_dcmple_InfNaN                      0x0800b16f   Thumb Code     0  dleqf.o(x$fpl$dleqf)
    __aeabi_dmul                             0x0800b185   Thumb Code     0  dmul.o(x$fpl$dmul)
    _dmul                                    0x0800b185   Thumb Code   332  dmul.o(x$fpl$dmul)
    __fpl_dnaninf                            0x0800b2d9   Thumb Code   156  dnaninf.o(x$fpl$dnaninf)
    __fpl_dretinf                            0x0800b375   Thumb Code    12  dretinf.o(x$fpl$dretinf)
    __aeabi_cdrcmple                         0x0800b381   Thumb Code     0  drleqf.o(x$fpl$drleqf)
    _drcmple                                 0x0800b381   Thumb Code   108  drleqf.o(x$fpl$drleqf)
    __aeabi_drsub                            0x0800b3ed   Thumb Code     0  daddsub_clz.o(x$fpl$drsb)
    _drsb                                    0x0800b3ed   Thumb Code    22  daddsub_clz.o(x$fpl$drsb)
    _dsqrt                                   0x0800b405   Thumb Code   404  dsqrt_umaal.o(x$fpl$dsqrt)
    __aeabi_dsub                             0x0800b59d   Thumb Code     0  daddsub_clz.o(x$fpl$dsub)
    _dsub                                    0x0800b59d   Thumb Code   464  daddsub_clz.o(x$fpl$dsub)
    __aeabi_f2d                              0x0800b771   Thumb Code     0  f2d.o(x$fpl$f2d)
    _f2d                                     0x0800b771   Thumb Code    86  f2d.o(x$fpl$f2d)
    __fpl_fnaninf                            0x0800b7c7   Thumb Code   140  fnaninf.o(x$fpl$fnaninf)
    _fp_init                                 0x0800b853   Thumb Code    10  fpinit.o(x$fpl$fpinit)
    __fplib_config_fpu_vfp                   0x0800b85b   Thumb Code     0  fpinit.o(x$fpl$fpinit)
    __fplib_config_pureend_doubles           0x0800b85b   Thumb Code     0  fpinit.o(x$fpl$fpinit)
    __fpl_fretinf                            0x0800b85d   Thumb Code    10  fretinf.o(x$fpl$fretinf)
    _printf_fp_dec                           0x0800b867   Thumb Code     4  printf1.o(x$fpl$printf1)
    __fpl_return_NaN                         0x0800b86b   Thumb Code   100  retnan.o(x$fpl$retnan)
    __ARM_scalbn                             0x0800b8cf   Thumb Code    92  scalbn.o(x$fpl$scalbn)
    __fpl_cmpreturn                          0x0800b92b   Thumb Code    48  trapv.o(x$fpl$trapveneer)
    __I$use$fp                               0x0800b95a   Number         0  usenofp.o(x$fpl$usenofp)
    __mathlib_zero                           0x0800bd50   Data           8  qnan.o(.constdata)
    typeinfo for __cxxabiv1::__enum_type_info 0x0800bedc   Data          12  lib_rtti_impl.o(.constdata__ZTIN10__cxxabiv116__enum_type_infoE)
    typeinfo for __cxxabiv1::__class_type_info 0x0800bee8   Data          12  lib_rtti_impl.o(.constdata__ZTIN10__cxxabiv117__class_type_infoE)
    typeinfo for __cxxabiv1::__pbase_type_info 0x0800bef4   Data          12  lib_rtti_impl.o(.constdata__ZTIN10__cxxabiv117__pbase_type_infoE)
    typeinfo for __cxxabiv1::__pointer_type_info 0x0800bf00   Data          12  lib_rtti_impl.o(.constdata__ZTIN10__cxxabiv119__pointer_type_infoE)
    typeinfo for __cxxabiv1::__si_class_type_info 0x0800bf0c   Data          12  lib_rtti_impl.o(.constdata__ZTIN10__cxxabiv120__si_class_type_infoE)
    typeinfo for __cxxabiv1::__vmi_class_type_info 0x0800bf18   Data          12  lib_rtti_impl.o(.constdata__ZTIN10__cxxabiv121__vmi_class_type_infoE)
    typeinfo for __cxxabiv1::__fundamental_type_info 0x0800bf24   Data          12  lib_rtti_impl.o(.constdata__ZTIN10__cxxabiv123__fundamental_type_infoE)
    typeinfo for std::bad_typeid             0x0800bf30   Data          12  bad_typeid.o(.constdata__ZTISt10bad_typeid)
    typeinfo for std::bad_exception          0x0800bf3c   Data          12  bad_exception_dtor.o(.constdata__ZTISt13bad_exception)
    typeinfo for std::bad_alloc              0x0800bf48   Data          12  bad_alloc_dtor.o(.constdata__ZTISt9bad_alloc)
    typeinfo for std::exception              0x0800bf54   Data           8  exception_dtor.o(.constdata__ZTISt9exception)
    typeinfo for std::type_info              0x0800bf5c   Data           8  type_info_dtor.o(.constdata__ZTISt9type_info)
    typeinfo for [unnamed type (instance 1)] 0x0800bf64   Data           8  action_matrix.o(.constdata__ZTIUt_)
    typeinfo for void                        0x0800bf6c   Data           8  arm_exceptions_throw.o(.constdata__ZTIv)
    typeinfo name for __cxxabiv1::__enum_type_info 0x0800bf74   Data          33  lib_rtti_impl.o(.constdata__ZTSN10__cxxabiv116__enum_type_infoE)
    typeinfo name for __cxxabiv1::__class_type_info 0x0800bf95   Data          34  lib_rtti_impl.o(.constdata__ZTSN10__cxxabiv117__class_type_infoE)
    typeinfo name for __cxxabiv1::__pbase_type_info 0x0800bfb7   Data          34  lib_rtti_impl.o(.constdata__ZTSN10__cxxabiv117__pbase_type_infoE)
    typeinfo name for __cxxabiv1::__pointer_type_info 0x0800bfd9   Data          36  lib_rtti_impl.o(.constdata__ZTSN10__cxxabiv119__pointer_type_infoE)
    typeinfo name for __cxxabiv1::__si_class_type_info 0x0800bffd   Data          37  lib_rtti_impl.o(.constdata__ZTSN10__cxxabiv120__si_class_type_infoE)
    typeinfo name for __cxxabiv1::__vmi_class_type_info 0x0800c022   Data          38  lib_rtti_impl.o(.constdata__ZTSN10__cxxabiv121__vmi_class_type_infoE)
    typeinfo name for __cxxabiv1::__fundamental_type_info 0x0800c048   Data          40  lib_rtti_impl.o(.constdata__ZTSN10__cxxabiv123__fundamental_type_infoE)
    typeinfo name for std::bad_typeid        0x0800c070   Data          15  bad_typeid.o(.constdata__ZTSSt10bad_typeid)
    typeinfo name for std::bad_exception     0x0800c07f   Data          18  bad_exception_dtor.o(.constdata__ZTSSt13bad_exception)
    typeinfo name for std::bad_alloc         0x0800c091   Data          13  bad_alloc_dtor.o(.constdata__ZTSSt9bad_alloc)
    typeinfo name for std::exception         0x0800c09e   Data          13  exception_dtor.o(.constdata__ZTSSt9exception)
    typeinfo name for std::type_info         0x0800c0ab   Data          13  type_info_dtor.o(.constdata__ZTSSt9type_info)
    typeinfo name for [unnamed type (instance 1)] 0x0800c0b8   Data           4  action_matrix.o(.constdata__ZTSUt_)
    typeinfo name for void                   0x0800c0bc   Data           2  arm_exceptions_throw.o(.constdata__ZTSv)
    vtable for __cxxabiv1::__enum_type_info  0x0800c0c0   Data          16  lib_rtti_impl.o(.constdata__ZTVN10__cxxabiv116__enum_type_infoE)
    vtable for __cxxabiv1::__class_type_info 0x0800c0d0   Data          16  lib_rtti_impl.o(.constdata__ZTVN10__cxxabiv117__class_type_infoE)
    vtable for __cxxabiv1::__si_class_type_info 0x0800c0e0   Data          16  lib_rtti_impl.o(.constdata__ZTVN10__cxxabiv120__si_class_type_infoE)
    vtable for __cxxabiv1::__fundamental_type_info 0x0800c0f0   Data          16  lib_rtti_impl.o(.constdata__ZTVN10__cxxabiv123__fundamental_type_infoE)
    vtable for std::bad_typeid               0x0800c100   Data          20  bad_typeid.o(.constdata__ZTVSt10bad_typeid)
    vtable for std::bad_exception            0x0800c114   Data          20  bad_exception_dtor.o(.constdata__ZTVSt13bad_exception)
    vtable for std::bad_alloc                0x0800c128   Data          20  bad_alloc_dtor.o(.constdata__ZTVSt9bad_alloc)
    vtable for std::exception                0x0800c13c   Data          20  exception_dtor.o(.constdata__ZTVSt9exception)
    Region$$Table$$Base                      0x0800c150   Number         0  anon$$obj.o(Region$$Table)
    Region$$Table$$Limit                     0x0800c170   Number         0  anon$$obj.o(Region$$Table)
    SHT$$ARM_EXIDX$$Base                     0x0800c18c   Number         0  __rtentry4.o(.ARM.exidx)
    SHT$$ARM_EXIDX$$Limit                    0x0800c5d4   Number         0  figureangle.o(.ARM.exidx)
    K_acc                                    0x200000c4   Data           4  figureangle.o(.data)
    __libspace_start                         0x20001834   Data          96  libspace.o(.bss)
    __temporary_stack_top$libspace           0x20001894   Data           0  libspace.o(.bss)



==============================================================================

Memory Map of the image

  Image Entry point : 0x08000189

  Load Region LR_IROM1 (Base: 0x08000000, Size: 0x0000c798, Max: 0x00100000, ABSOLUTE, COMPRESSED[0x0000c628])

    Execution Region ER_IROM1 (Exec base: 0x08000000, Load base: 0x08000000, Size: 0x0000c5d4, Max: 0x00100000, ABSOLUTE)

    Exec Addr    Load Addr    Size         Type   Attr      Idx    E Section Name        Object

    0x08000000   0x08000000   0x00000188   Data   RO         6204    RESET               startup_stm32f4xx.o
    0x08000188   0x08000188   0x00000008   Code   RO         6292  * !!!main             c_w.l(__main.o)
    0x08000190   0x08000190   0x00000034   Code   RO         7190    !!!scatter          c_w.l(__scatter.o)
    0x080001c4   0x080001c4   0x0000005a   Code   RO         7188    !!dczerorl2         c_w.l(__dczerorl2.o)
    0x0800021e   0x0800021e   0x00000002   PAD
    0x08000220   0x08000220   0x0000001c   Code   RO         7192    !!handler_zi        c_w.l(__scatter_zi.o)
    0x0800023c   0x0800023c   0x00000000   Code   RO         6285    .ARM.Collect$$_printf_percent$$00000000  c_w.l(_printf_percent.o)
    0x0800023c   0x0800023c   0x00000006   Code   RO         6284    .ARM.Collect$$_printf_percent$$00000003  c_w.l(_printf_f.o)
    0x08000242   0x08000242   0x00000004   Code   RO         6651    .ARM.Collect$$_printf_percent$$00000017  c_w.l(_printf_percent_end.o)
    0x08000246   0x08000246   0x00000002   Code   RO         7093    .ARM.Collect$$libinit$$00000000  c_w.l(libinit.o)
    0x08000248   0x08000248   0x00000004   Code   RO         6940    .ARM.Collect$$libinit$$00000001  c_w.l(libinit2.o)
    0x0800024c   0x0800024c   0x00000000   Code   RO         6943    .ARM.Collect$$libinit$$00000004  c_w.l(libinit2.o)
    0x0800024c   0x0800024c   0x00000008   Code   RO         6944    .ARM.Collect$$libinit$$00000005  c_w.l(libinit2.o)
    0x08000254   0x08000254   0x00000000   Code   RO         6946    .ARM.Collect$$libinit$$0000000A  c_w.l(libinit2.o)
    0x08000254   0x08000254   0x00000000   Code   RO         6948    .ARM.Collect$$libinit$$0000000C  c_w.l(libinit2.o)
    0x08000254   0x08000254   0x00000000   Code   RO         6950    .ARM.Collect$$libinit$$0000000E  c_w.l(libinit2.o)
    0x08000254   0x08000254   0x00000006   Code   RO         6951    .ARM.Collect$$libinit$$0000000F  c_w.l(libinit2.o)
    0x0800025a   0x0800025a   0x00000000   Code   RO         6953    .ARM.Collect$$libinit$$00000011  c_w.l(libinit2.o)
    0x0800025a   0x0800025a   0x00000000   Code   RO         6955    .ARM.Collect$$libinit$$00000013  c_w.l(libinit2.o)
    0x0800025a   0x0800025a   0x00000000   Code   RO         6957    .ARM.Collect$$libinit$$00000015  c_w.l(libinit2.o)
    0x0800025a   0x0800025a   0x0000000a   Code   RO         6958    .ARM.Collect$$libinit$$00000016  c_w.l(libinit2.o)
    0x08000264   0x08000264   0x00000000   Code   RO         6959    .ARM.Collect$$libinit$$00000017  c_w.l(libinit2.o)
    0x08000264   0x08000264   0x00000000   Code   RO         6961    .ARM.Collect$$libinit$$00000019  c_w.l(libinit2.o)
    0x08000264   0x08000264   0x00000000   Code   RO         6963    .ARM.Collect$$libinit$$0000001B  c_w.l(libinit2.o)
    0x08000264   0x08000264   0x00000000   Code   RO         6965    .ARM.Collect$$libinit$$0000001D  c_w.l(libinit2.o)
    0x08000264   0x08000264   0x00000000   Code   RO         6967    .ARM.Collect$$libinit$$0000001F  c_w.l(libinit2.o)
    0x08000264   0x08000264   0x00000000   Code   RO         6969    .ARM.Collect$$libinit$$00000021  c_w.l(libinit2.o)
    0x08000264   0x08000264   0x00000000   Code   RO         6971    .ARM.Collect$$libinit$$00000023  c_w.l(libinit2.o)
    0x08000264   0x08000264   0x00000000   Code   RO         6973    .ARM.Collect$$libinit$$00000025  c_w.l(libinit2.o)
    0x08000264   0x08000264   0x00000000   Code   RO         6977    .ARM.Collect$$libinit$$0000002C  c_w.l(libinit2.o)
    0x08000264   0x08000264   0x00000000   Code   RO         6979    .ARM.Collect$$libinit$$0000002E  c_w.l(libinit2.o)
    0x08000264   0x08000264   0x00000000   Code   RO         6981    .ARM.Collect$$libinit$$00000030  c_w.l(libinit2.o)
    0x08000264   0x08000264   0x00000000   Code   RO         6983    .ARM.Collect$$libinit$$00000032  c_w.l(libinit2.o)
    0x08000264   0x08000264   0x00000002   Code   RO         6984    .ARM.Collect$$libinit$$00000033  c_w.l(libinit2.o)
    0x08000266   0x08000266   0x00000002   Code   RO         7171    .ARM.Collect$$libshutdown$$00000000  c_w.l(libshutdown.o)
    0x08000268   0x08000268   0x00000000   Code   RO         7150    .ARM.Collect$$libshutdown$$00000002  c_w.l(libshutdown2.o)
    0x08000268   0x08000268   0x00000000   Code   RO         7152    .ARM.Collect$$libshutdown$$00000004  c_w.l(libshutdown2.o)
    0x08000268   0x08000268   0x00000000   Code   RO         7155    .ARM.Collect$$libshutdown$$00000007  c_w.l(libshutdown2.o)
    0x08000268   0x08000268   0x00000000   Code   RO         7158    .ARM.Collect$$libshutdown$$0000000A  c_w.l(libshutdown2.o)
    0x08000268   0x08000268   0x00000000   Code   RO         7160    .ARM.Collect$$libshutdown$$0000000C  c_w.l(libshutdown2.o)
    0x08000268   0x08000268   0x00000000   Code   RO         7163    .ARM.Collect$$libshutdown$$0000000F  c_w.l(libshutdown2.o)
    0x08000268   0x08000268   0x00000002   Code   RO         7164    .ARM.Collect$$libshutdown$$00000010  c_w.l(libshutdown2.o)
    0x0800026a   0x0800026a   0x00000000   Code   RO         6575    .ARM.Collect$$rtentry$$00000000  c_w.l(__rtentry.o)
    0x0800026a   0x0800026a   0x00000000   Code   RO         6845    .ARM.Collect$$rtentry$$00000002  c_w.l(__rtentry2.o)
    0x0800026a   0x0800026a   0x00000006   Code   RO         6857    .ARM.Collect$$rtentry$$00000004  c_w.l(__rtentry4.o)
    0x08000270   0x08000270   0x00000000   Code   RO         6847    .ARM.Collect$$rtentry$$00000009  c_w.l(__rtentry2.o)
    0x08000270   0x08000270   0x00000004   Code   RO         6848    .ARM.Collect$$rtentry$$0000000A  c_w.l(__rtentry2.o)
    0x08000274   0x08000274   0x00000000   Code   RO         6850    .ARM.Collect$$rtentry$$0000000C  c_w.l(__rtentry2.o)
    0x08000274   0x08000274   0x00000008   Code   RO         6851    .ARM.Collect$$rtentry$$0000000D  c_w.l(__rtentry2.o)
    0x0800027c   0x0800027c   0x00000002   Code   RO         7116    .ARM.Collect$$rtexit$$00000000  c_w.l(rtexit.o)
    0x0800027e   0x0800027e   0x00000000   Code   RO         7135    .ARM.Collect$$rtexit$$00000002  c_w.l(rtexit2.o)
    0x0800027e   0x0800027e   0x00000004   Code   RO         7136    .ARM.Collect$$rtexit$$00000003  c_w.l(rtexit2.o)
    0x08000282   0x08000282   0x00000006   Code   RO         7137    .ARM.Collect$$rtexit$$00000004  c_w.l(rtexit2.o)
    0x08000288   0x08000288   0x00000020   Code   RO         6417    .emb_text           cpprt_w.l(arm_exceptions_cleanup.o)
    0x080002a8   0x080002a8   0x00000004   Code   RO         6749    .emb_text           cpprt_w.l(unwind_activity.o)
    0x080002ac   0x080002ac   0x0000007c   Code   RO         6754    .emb_text           cpprt_w.l(unwinder.o)
    0x08000328   0x08000328   0x00000000   Code   RO         7065    .emb_text           c_w.l(maybetermalloc1.o)
    0x08000328   0x08000328   0x00000040   Code   RO         6205    .text               startup_stm32f4xx.o
    0x08000368   0x08000368   0x00000028   Code   RO         6260    .text               c_w.l(noretval__2sprintf.o)
    0x08000390   0x08000390   0x00000068   Code   RO         6262    .text               c_w.l(__printf.o)
    0x080003f8   0x080003f8   0x00000064   Code   RO         6286    .text               c_w.l(rt_memcpy_w.o)
    0x0800045c   0x0800045c   0x0000004e   Code   RO         6288    .text               c_w.l(rt_memclr_w.o)
    0x080004aa   0x080004aa   0x00000006   Code   RO         6290    .text               c_w.l(heapauxi.o)
    0x080004b0   0x080004b0   0x0000007c   Code   RO         6419    .text               cpprt_w.l(arm_exceptions_cleanup.o)
    0x0800052c   0x0800052c   0x00000060   Code   RO         6423    .text               cpprt_w.l(arm_exceptions_alloc.o)
    0x0800058c   0x0800058c   0x00000190   Code   RO         6426    .text               cpprt_w.l(arm_exceptions_throw.o)
    0x0800071c   0x0800071c   0x00000006   Code   RO         6439    .text               cpprt_w.l(unwind_pr1.o)
    0x08000722   0x08000722   0x00000006   Code   RO         6442    .text               cpprt_w.l(unwind_pr0.o)
    0x08000728   0x08000728   0x00000008   Code   RO         6579    .text               c_w.l(rt_new_handler_addr_intlibspace.o)
    0x08000730   0x08000730   0x0000005e   Code   RO         6585    .text               c_w.l(h1_alloc.o)
    0x0800078e   0x0800078e   0x0000004e   Code   RO         6587    .text               c_w.l(h1_free.o)
    0x080007dc   0x080007dc   0x00000016   Code   RO         6643    .text               c_w.l(_rserrno.o)
    0x080007f2   0x080007f2   0x0000041e   Code   RO         6645    .text               c_w.l(_printf_fp_dec.o)
    0x08000c10   0x08000c10   0x00000030   Code   RO         6647    .text               c_w.l(_printf_char_common.o)
    0x08000c40   0x08000c40   0x0000000a   Code   RO         6649    .text               c_w.l(_sputc.o)
    0x08000c4a   0x08000c4a   0x0000003c   Code   RO         6709    .text               cpprt_w.l(arm_exceptions_mem.o)
    0x08000c86   0x08000c86   0x00000052   Code   RO         6712    .text               cpprt_w.l(arm_exceptions_rethrow.o)
    0x08000cd8   0x08000cd8   0x00000038   Code   RO         6715    .text               cpprt_w.l(arm_exceptions_callterm.o)
    0x08000d10   0x08000d10   0x000000d0   Code   RO         6718    .text               cpprt_w.l(arm_exceptions_callunex.o)
    0x08000de0   0x08000de0   0x0000002c   Code   RO         6724    .text               cpprt_w.l(arm_exceptions_support.o)
    0x08000e0c   0x08000e0c   0x00000048   Code   RO         6728    .text               cpprt_w.l(arm_exceptions_begincatch.o)
    0x08000e54   0x08000e54   0x0000004a   Code   RO         6731    .text               cpprt_w.l(arm_exceptions_endcatch.o)
    0x08000e9e   0x08000e9e   0x00000022   Code   RO         6734    .text               cpprt_w.l(arm_exceptions_free.o)
    0x08000ec0   0x08000ec0   0x0000001a   Code   RO         6737    .text               cpprt_w.l(arm_exceptions_terminate.o)
    0x08000eda   0x08000eda   0x00000002   PAD
    0x08000edc   0x08000edc   0x00000050   Code   RO         6740    .text               cpprt_w.l(arm_exceptions_globs.o)
    0x08000f2c   0x08000f2c   0x00000030   Code   RO         6743    .text               cpprt_w.l(arm_exceptions_bad_typeid.o)
    0x08000f5c   0x08000f5c   0x00000042   Code   RO         6746    .text               cpprt_w.l(arm_exceptions_foreign.o)
    0x08000f9e   0x08000f9e   0x00000002   PAD
    0x08000fa0   0x08000fa0   0x000005f8   Code   RO         6751    .text               cpprt_w.l(unwind_prcommon.o)
    0x08001598   0x08001598   0x000003cc   Code   RO         6755    .text               cpprt_w.l(unwinder.o)
    0x08001964   0x08001964   0x00000008   Code   RO         6839    .text               c_w.l(libspace.o)
    0x0800196c   0x0800196c   0x00000008   Code   RO         6862    .text               c_w.l(rt_heap_descriptor_intlibspace.o)
    0x08001974   0x08001974   0x00000008   Code   RO         6867    .text               c_w.l(rt_locale_intlibspace.o)
    0x0800197c   0x0800197c   0x00000008   Code   RO         6872    .text               c_w.l(rt_eh_globals_addr_intlibspace.o)
    0x08001984   0x08001984   0x00000008   Code   RO         6877    .text               c_w.l(rt_errno_addr_intlibspace.o)
    0x0800198c   0x0800198c   0x00000004   Code   RO         6879    .text               c_w.l(hguard.o)
    0x08001990   0x08001990   0x0000008a   Code   RO         6881    .text               c_w.l(init_alloc.o)
    0x08001a1a   0x08001a1a   0x0000000e   Code   RO         6885    .text               c_w.l(h1_init.o)
    0x08001a28   0x08001a28   0x0000008a   Code   RO         6899    .text               c_w.l(lludiv10.o)
    0x08001ab2   0x08001ab2   0x00000002   PAD
    0x08001ab4   0x08001ab4   0x00000080   Code   RO         6901    .text               c_w.l(_printf_fp_infnan.o)
    0x08001b34   0x08001b34   0x000000e4   Code   RO         6905    .text               c_w.l(bigflt0.o)
    0x08001c18   0x08001c18   0x00000016   Code   RO         6933    .text               c_w.l(abort.o)
    0x08001c2e   0x08001c2e   0x00000050   Code   RO         6935    .text               c_w.l(bsearch.o)
    0x08001c7e   0x08001c7e   0x0000001e   Code   RO         7045    .text               cpprt_w.l(arm_exceptions_unexpected.o)
    0x08001c9c   0x08001c9c   0x0000000e   Code   RO         7048    .text               cpprt_w.l(unwind_delete.o)
    0x08001caa   0x08001caa   0x00000002   PAD
    0x08001cac   0x08001cac   0x0000000c   Code   RO         7059    .text               c_w.l(sys_exit.o)
    0x08001cb8   0x08001cb8   0x0000004a   Code   RO         7061    .text               c_w.l(sys_stackheap_outer.o)
    0x08001d02   0x08001d02   0x00000034   Code   RO         7067    .text               c_w.l(h1_extend.o)
    0x08001d36   0x08001d36   0x00000012   Code   RO         7071    .text               c_w.l(exit.o)
    0x08001d48   0x08001d48   0x0000000e   Code   RO         7073    .text               c_w.l(defsig_abrt_outer.o)
    0x08001d56   0x08001d56   0x0000000e   Code   RO         7077    .text               c_w.l(defsig_rtmem_outer.o)
    0x08001d64   0x08001d64   0x00000080   Code   RO         7081    .text               c_w.l(strcmpv7m.o)
    0x08001de4   0x08001de4   0x00000002   Code   RO         7113    .text               c_w.l(use_no_semi.o)
    0x08001de6   0x08001de6   0x00000000   Code   RO         7115    .text               c_w.l(indicate_semi.o)
    0x08001de6   0x08001de6   0x0000000a   Code   RO         7122    .text               c_w.l(defsig_exit.o)
    0x08001df0   0x08001df0   0x00000030   Code   RO         7124    .text               c_w.l(defsig_abrt_inner.o)
    0x08001e20   0x08001e20   0x00000050   Code   RO         7126    .text               c_w.l(defsig_rtmem_inner.o)
    0x08001e70   0x08001e70   0x00000032   Code   RO         7147    .text               c_w.l(defsig_general.o)
    0x08001ea2   0x08001ea2   0x0000000e   Code   RO         7165    .text               c_w.l(sys_wrch.o)
    0x08001eb0   0x08001eb0   0x00000008   Code   RO         6427    .text.clean         cpprt_w.l(arm_exceptions_throw.o)
    0x08001eb8   0x08001eb8   0x0000000c   Code   RO         6719    .text.clean         cpprt_w.l(arm_exceptions_callunex.o)
    0x08001ec4   0x08001ec4   0x0000003e   Code   RO         6908    CL$$btod_d2e        c_w.l(btod.o)
    0x08001f02   0x08001f02   0x00000046   Code   RO         6910    CL$$btod_d2e_denorm_low  c_w.l(btod.o)
    0x08001f48   0x08001f48   0x00000060   Code   RO         6909    CL$$btod_d2e_norm_op1  c_w.l(btod.o)
    0x08001fa8   0x08001fa8   0x00000338   Code   RO         6918    CL$$btod_div_common  c_w.l(btod.o)
    0x080022e0   0x080022e0   0x000000dc   Code   RO         6915    CL$$btod_e2e        c_w.l(btod.o)
    0x080023bc   0x080023bc   0x0000002a   Code   RO         6912    CL$$btod_ediv       c_w.l(btod.o)
    0x080023e6   0x080023e6   0x0000002a   Code   RO         6911    CL$$btod_emul       c_w.l(btod.o)
    0x08002410   0x08002410   0x00000244   Code   RO         6917    CL$$btod_mult_common  c_w.l(btod.o)
    0x08002654   0x08002654   0x0000034c   Code   RO          521    i.AxisOriginConvert  figurepos.o
    0x080029a0   0x080029a0   0x000000e8   Code   RO         1142    i.BasicFittingCal   action_math.o
    0x08002a88   0x08002a88   0x00000050   Code   RO         1143    i.BasicFitting_th   action_math.o
    0x08002ad8   0x08002ad8   0x00000018   Code   RO         1144    i.BasicFitting_th.clean  action_math.o
    0x08002af0   0x08002af0   0x00000004   Code   RO          133    i.BusFault_Handler  stm32f4xx_it.o
    0x08002af4   0x08002af4   0x0000006c   Code   RO          962    i.CS_Config         spi.o
    0x08002b60   0x08002b60   0x00000038   Code   RO          397    i.DebugMode         figureangle.o
    0x08002b98   0x08002b98   0x00000002   Code   RO          134    i.DebugMon_Handler  stm32f4xx_it.o
    0x08002b9a   0x08002b9a   0x00000016   Code   RO         1049    i.Delay_ms          timer.o
    0x08002bb0   0x08002bb0   0x00000028   Code   RO         1050    i.Delay_us          timer.o
    0x08002bd8   0x08002bd8   0x000006b2   Code   RO          398    i.Euler_to_Quaternion  figureangle.o
    0x0800328a   0x0800328a   0x00000002   PAD
    0x0800328c   0x0800328c   0x0000000c   Code   RO         2766    i.FLASH_ClearFlag   stm32f4xx_flash.o
    0x08003298   0x08003298   0x0000006c   Code   RO         2769    i.FLASH_EraseAllSectors  stm32f4xx_flash.o
    0x08003304   0x08003304   0x00000088   Code   RO         2770    i.FLASH_EraseSector  stm32f4xx_flash.o
    0x0800338c   0x0800338c   0x00000048   Code   RO         2772    i.FLASH_GetStatus   stm32f4xx_flash.o
    0x080033d4   0x080033d4   0x00000014   Code   RO         2776    i.FLASH_Lock        stm32f4xx_flash.o
    0x080033e8   0x080033e8   0x00000020   Code   RO         2782    i.FLASH_OB_Launch   stm32f4xx_flash.o
    0x08003408   0x08003408   0x0000001c   Code   RO         2784    i.FLASH_OB_RDPConfig  stm32f4xx_flash.o
    0x08003424   0x08003424   0x00000030   Code   RO         2786    i.FLASH_OB_UserConfig  stm32f4xx_flash.o
    0x08003454   0x08003454   0x00000034   Code   RO         2787    i.FLASH_OB_WRPConfig  stm32f4xx_flash.o
    0x08003488   0x08003488   0x0000004c   Code   RO         2789    i.FLASH_ProgramByte  stm32f4xx_flash.o
    0x080034d4   0x080034d4   0x00000054   Code   RO         2790    i.FLASH_ProgramDoubleWord  stm32f4xx_flash.o
    0x08003528   0x08003528   0x00000050   Code   RO         2791    i.FLASH_ProgramHalfWord  stm32f4xx_flash.o
    0x08003578   0x08003578   0x00000050   Code   RO         2792    i.FLASH_ProgramWord  stm32f4xx_flash.o
    0x080035c8   0x080035c8   0x00000024   Code   RO         2794    i.FLASH_Unlock      stm32f4xx_flash.o
    0x080035ec   0x080035ec   0x00000022   Code   RO         2795    i.FLASH_WaitForLastOperation  stm32f4xx_flash.o
    0x0800360e   0x0800360e   0x00000002   Code   RO          838    i.Flash_Encryp      flash.o
    0x08003610   0x08003610   0x0000002c   Code   RO          839    i.Flash_Init        flash.o
    0x0800363c   0x0800363c   0x00000018   Code   RO          840    i.Flash_Read        flash.o
    0x08003654   0x08003654   0x0000003c   Code   RO          841    i.Flash_Write       flash.o
    0x08003690   0x08003690   0x00000090   Code   RO         3155    i.GPIO_Init         stm32f4xx_gpio.o
    0x08003720   0x08003720   0x00000046   Code   RO         3156    i.GPIO_PinAFConfig  stm32f4xx_gpio.o
    0x08003766   0x08003766   0x00000004   Code   RO         3162    i.GPIO_ResetBits    stm32f4xx_gpio.o
    0x0800376a   0x0800376a   0x00000004   Code   RO         3163    i.GPIO_SetBits      stm32f4xx_gpio.o
    0x0800376e   0x0800376e   0x00000002   PAD
    0x08003770   0x08003770   0x0000000c   Code   RO          843    i.GetCountArr       flash.o
    0x0800377c   0x0800377c   0x0000000c   Code   RO          299    i.GetCountnum_icmArr  buildexcel.o
    0x08003788   0x08003788   0x00000008   Code   RO          844    i.GetFlashArr       flash.o
    0x08003790   0x08003790   0x0000000c   Code   RO          845    i.GetFlashUpdataFlag  flash.o
    0x0800379c   0x0800379c   0x0000000c   Code   RO          846    i.GetResultArr      flash.o
    0x080037a8   0x080037a8   0x0000000c   Code   RO          135    i.GetRobotStart     stm32f4xx_it.o
    0x080037b4   0x080037b4   0x0000000c   Code   RO          300    i.GetVdoff_icmArr   buildexcel.o
    0x080037c0   0x080037c0   0x0000000c   Code   RO          301    i.GetVdoff_icmErrArr  buildexcel.o
    0x080037cc   0x080037cc   0x0000000c   Code   RO          642    i.Get_R_Zaxis       customer.o
    0x080037d8   0x080037d8   0x00000004   Code   RO          136    i.HardFault_Handler  stm32f4xx_it.o
    0x080037dc   0x080037dc   0x000000b4   Code   RO          685    i.ICM20608G_init    icm_20608_g.o
    0x08003890   0x08003890   0x00000220   Code   RO          399    i.KalmanFilterT     figureangle.o
    0x08003ab0   0x08003ab0   0x00000210   Code   RO          302    i.KalmanFilterTAxis  buildexcel.o
    0x08003cc0   0x08003cc0   0x00000210   Code   RO          400    i.KalmanFilterZ     figureangle.o
    0x08003ed0   0x08003ed0   0x00000210   Code   RO          303    i.KalmanFilterZAxis  buildexcel.o
    0x080040e0   0x080040e0   0x00000004   Code   RO          137    i.MemManage_Handler  stm32f4xx_it.o
    0x080040e4   0x080040e4   0x00000004   Code   RO          138    i.NMI_Handler       stm32f4xx_it.o
    0x080040e8   0x080040e8   0x00000078   Code   RO         1339    i.NVIC_Init         misc.o
    0x08004160   0x08004160   0x00000014   Code   RO         1340    i.NVIC_PriorityGroupConfig  misc.o
    0x08004174   0x08004174   0x00000294   Code   RO          401    i.QuaternionInt     figureangle.o
    0x08004408   0x08004408   0x0000018e   Code   RO          402    i.Quaternion_to_Euler  figureangle.o
    0x08004596   0x08004596   0x00000002   PAD
    0x08004598   0x08004598   0x00000020   Code   RO         3915    i.RCC_AHB1PeriphClockCmd  stm32f4xx_rcc.o
    0x080045b8   0x080045b8   0x00000020   Code   RO         3924    i.RCC_APB1PeriphClockCmd  stm32f4xx_rcc.o
    0x080045d8   0x080045d8   0x00000020   Code   RO         3926    i.RCC_APB1PeriphResetCmd  stm32f4xx_rcc.o
    0x080045f8   0x080045f8   0x00000020   Code   RO         3927    i.RCC_APB2PeriphClockCmd  stm32f4xx_rcc.o
    0x08004618   0x08004618   0x00000020   Code   RO         3929    i.RCC_APB2PeriphResetCmd  stm32f4xx_rcc.o
    0x08004638   0x08004638   0x000000e8   Code   RO         3936    i.RCC_GetClocksFreq  stm32f4xx_rcc.o
    0x08004720   0x08004720   0x000002f8   Code   RO          403    i.RoughHandle       figureangle.o
    0x08004a18   0x08004a18   0x000000b0   Code   RO          963    i.SPI1_Init         spi.o
    0x08004ac8   0x08004ac8   0x00000038   Code   RO          964    i.SPI1_ReadWriteByte  spi.o
    0x08004b00   0x08004b00   0x000000a8   Code   RO          966    i.SPI2_Init         spi.o
    0x08004ba8   0x08004ba8   0x00000018   Code   RO         4987    i.SPI_Cmd           stm32f4xx_spi.o
    0x08004bc0   0x08004bc0   0x00000058   Code   RO         4994    i.SPI_I2S_DeInit    stm32f4xx_spi.o
    0x08004c18   0x08004c18   0x00000012   Code   RO         4995    i.SPI_I2S_GetFlagStatus  stm32f4xx_spi.o
    0x08004c2a   0x08004c2a   0x00000006   Code   RO         4998    i.SPI_I2S_ReceiveData  stm32f4xx_spi.o
    0x08004c30   0x08004c30   0x00000004   Code   RO         4999    i.SPI_I2S_SendData  stm32f4xx_spi.o
    0x08004c34   0x08004c34   0x0000003c   Code   RO         5000    i.SPI_Init          stm32f4xx_spi.o
    0x08004c70   0x08004c70   0x0000007c   Code   RO          967    i.SPI_Read          spi.o
    0x08004cec   0x08004cec   0x000000a0   Code   RO          968    i.SPI_ReadAS5045    spi.o
    0x08004d8c   0x08004d8c   0x00000078   Code   RO          969    i.SPI_Write         spi.o
    0x08004e04   0x08004e04   0x00000002   Code   RO          139    i.SVC_Handler       stm32f4xx_it.o
    0x08004e06   0x08004e06   0x00000002   PAD
    0x08004e08   0x08004e08   0x0000000c   Code   RO          847    i.SetFlashUpdateFlag  flash.o
    0x08004e14   0x08004e14   0x0000000c   Code   RO          140    i.SetRobotStart     stm32f4xx_it.o
    0x08004e20   0x08004e20   0x000000ec   Code   RO         6215    i.SetSysClock       system_stm32f4xx.o
    0x08004f0c   0x08004f0c   0x0000000c   Code   RO          643    i.Set_R_Zaxis       customer.o
    0x08004f18   0x08004f18   0x00000068   Code   RO         6217    i.SystemInit        system_stm32f4xx.o
    0x08004f80   0x08004f80   0x0000001c   Code   RO          141    i.TIM1_UP_TIM10_IRQHandler  stm32f4xx_it.o
    0x08004f9c   0x08004f9c   0x0000004c   Code   RO          142    i.TIM2_IRQHandler   stm32f4xx_it.o
    0x08004fe8   0x08004fe8   0x0000001c   Code   RO          143    i.TIM3_IRQHandler   stm32f4xx_it.o
    0x08005004   0x08005004   0x0000001c   Code   RO          144    i.TIM4_IRQHandler   stm32f4xx_it.o
    0x08005020   0x08005020   0x0000001c   Code   RO          145    i.TIM5_IRQHandler   stm32f4xx_it.o
    0x0800503c   0x0800503c   0x0000001c   Code   RO          146    i.TIM8_UP_TIM13_IRQHandler  stm32f4xx_it.o
    0x08005058   0x08005058   0x00000018   Code   RO         5247    i.TIM_ARRPreloadConfig  stm32f4xx_tim.o
    0x08005070   0x08005070   0x00000006   Code   RO         5254    i.TIM_ClearITPendingBit  stm32f4xx_tim.o
    0x08005076   0x08005076   0x00000018   Code   RO         5259    i.TIM_Cmd           stm32f4xx_tim.o
    0x0800508e   0x0800508e   0x00000022   Code   RO         5280    i.TIM_GetITStatus   stm32f4xx_tim.o
    0x080050b0   0x080050b0   0x00000012   Code   RO         5284    i.TIM_ITConfig      stm32f4xx_tim.o
    0x080050c2   0x080050c2   0x00000002   PAD
    0x080050c4   0x080050c4   0x000001c4   Code   RO         1051    i.TIM_Init          timer.o
    0x08005288   0x08005288   0x000000a0   Code   RO         5298    i.TIM_OC3Init       stm32f4xx_tim.o
    0x08005328   0x08005328   0x00000012   Code   RO         5301    i.TIM_OC3PreloadConfig  stm32f4xx_tim.o
    0x0800533a   0x0800533a   0x00000004   Code   RO         5323    i.TIM_SetCompare3   stm32f4xx_tim.o
    0x0800533e   0x0800533e   0x00000002   PAD
    0x08005340   0x08005340   0x00000084   Code   RO         5331    i.TIM_TimeBaseInit  stm32f4xx_tim.o
    0x080053c4   0x080053c4   0x00000104   Code   RO          304    i.Table_VDoff_Temp  buildexcel.o
    0x080054c8   0x080054c8   0x00000108   Code   RO          305    i.TempTablePrintf   buildexcel.o
    0x080055d0   0x080055d0   0x00000124   Code   RO          404    i.TemporaryHandle   figureangle.o
    0x080056f4   0x080056f4   0x00000020   Code   RO          147    i.UART5_IRQHandler  stm32f4xx_it.o
    0x08005714   0x08005714   0x00000110   Code   RO          148    i.USART1_IRQHandler  stm32f4xx_it.o
    0x08005824   0x08005824   0x000000b4   Code   RO         1091    i.USART1_Init       usart.o
    0x080058d8   0x080058d8   0x00000020   Code   RO          149    i.USART3_IRQHandler  stm32f4xx_it.o
    0x080058f8   0x080058f8   0x00000012   Code   RO         5904    i.USART_ClearFlag   stm32f4xx_usart.o
    0x0800590a   0x0800590a   0x0000001e   Code   RO         5905    i.USART_ClearITPendingBit  stm32f4xx_usart.o
    0x08005928   0x08005928   0x00000018   Code   RO         5908    i.USART_Cmd         stm32f4xx_usart.o
    0x08005940   0x08005940   0x0000001a   Code   RO         5911    i.USART_GetFlagStatus  stm32f4xx_usart.o
    0x0800595a   0x0800595a   0x00000054   Code   RO         5912    i.USART_GetITStatus  stm32f4xx_usart.o
    0x080059ae   0x080059ae   0x0000004a   Code   RO         5914    i.USART_ITConfig    stm32f4xx_usart.o
    0x080059f8   0x080059f8   0x000000d4   Code   RO         5915    i.USART_Init        stm32f4xx_usart.o
    0x08005acc   0x08005acc   0x00000106   Code   RO         1092    i.USART_OUT         usart.o
    0x08005bd2   0x08005bd2   0x00000002   PAD
    0x08005bd4   0x08005bd4   0x00000044   Code   RO         1093    i.USART_OUT_F       usart.o
    0x08005c18   0x08005c18   0x0000000a   Code   RO         5922    i.USART_ReceiveData  stm32f4xx_usart.o
    0x08005c22   0x08005c22   0x0000002c   Code   RO         5925    i.USART_SendData    stm32f4xx_usart.o
    0x08005c4e   0x08005c4e   0x00000002   PAD
    0x08005c50   0x08005c50   0x00000264   Code   RO          306    i.UpdateVDoffTable  buildexcel.o
    0x08005eb4   0x08005eb4   0x00000004   Code   RO          150    i.UsageFault_Handler  stm32f4xx_it.o
    0x08005eb8   0x08005eb8   0x00000134   Code   RO          307    i.WaitForUpdataVDoff  buildexcel.o
    0x08005fec   0x08005fec   0x00000030   Code   RO         6652    i._Z21__default_new_handlerv  cpprt_w.l(newhandler.o)
    0x0800601c   0x0800601c   0x00000024   Code   RO         1197    i._ZN13action_matrix11delete_dataEv  action_matrix.o
    0x08006040   0x08006040   0x00000006   Code   RO         1264    i._ZN13action_matrix9set_eraseEv  action_matrix.o
    0x08006046   0x08006046   0x0000005e   Code   RO         1198    i._ZN13action_matrixC1Ess  action_matrix.o
    0x080060a4   0x080060a4   0x000000e8   Code   RO         1199    i._ZN13action_matrixC1Essh  action_matrix.o
    0x0800618c   0x0800618c   0x00000098   Code   RO         1200    i._ZN13action_matrixaSES_  action_matrix.o
    0x08006224   0x08006224   0x00000046   Code   RO         6655    i._ZN27_INTERNAL_6_rtti_c_066a44b012tbc_downcastEPvPKSt9type_infoP28a_base_class_traversal_blockPN10__cxxabiv122__base_class_type_infoE  cpprt_w.l(rtti.o)
    0x0800626a   0x0800626a   0x00000016   Code   RO         6656    i._ZN27_INTERNAL_6_rtti_c_066a44b017tbc_post_downcastEPvPKSt9type_infoP28a_base_class_traversal_blockPN10__cxxabiv122__base_class_type_infoE  cpprt_w.l(rtti.o)
    0x08006280   0x08006280   0x000000a4   Code   RO         6657    i._ZN27_INTERNAL_6_rtti_c_066a44b021traverse_base_classesEPvPKSt9type_infoP28a_base_class_traversal_blockPN10__cxxabiv122__base_class_type_infoE  cpprt_w.l(rtti.o)
    0x08006324   0x08006324   0x000000c0   Code   RO         6658    i._ZN27_INTERNAL_6_rtti_c_066a44b023find_base_class_at_addrEPvS0_PKSt9type_infoS3_Pi  cpprt_w.l(rtti.o)
    0x080063e4   0x080063e4   0x0000000e   Code   RO         6659    i._ZN27_INTERNAL_6_rtti_c_066a44b024get_virtual_base_pointerEPvPN10__cxxabiv122__base_class_type_infoE  cpprt_w.l(rtti.o)
    0x080063f2   0x080063f2   0x00000002   PAD
    0x080063f4   0x080063f4   0x000001e4   Code   RO         6660    i._ZN27_INTERNAL_6_rtti_c_066a44b028derived_to_base_conversion_rEPvPS0_PKSt9type_infoS4_jPiiPS4_P19a_result_virtualityS5_  cpprt_w.l(rtti.o)
    0x080065d8   0x080065d8   0x00000008   Code   RO         1288    i._ZNK13action_matrix10get_columnEv  action_matrix.o
    0x080065e0   0x080065e0   0x00000008   Code   RO         1294    i._ZNK13action_matrix7get_rowEv  action_matrix.o
    0x080065e8   0x080065e8   0x00000010   Code   RO         1276    i._ZNK13action_matrix8get_dataEss  action_matrix.o
    0x080065f8   0x080065f8   0x00000010   Code   RO         1282    i._ZNK13action_matrix8set_dataEssf  action_matrix.o
    0x08006608   0x08006608   0x00000006   Code   RO         1270    i._ZNK13action_matrix9get_eraseEv  action_matrix.o
    0x0800660e   0x0800660e   0x00000020   Code   RO         6703    i._ZNKSt9type_infoeqERKS_  cpprt_w.l(type_info_eq.o)
    0x0800662e   0x0800662e   0x00000020   Code   RO         6706    i._ZNKSt9type_infoneERKS_  cpprt_w.l(type_info_ne.o)
    0x0800664e   0x0800664e   0x00000002   PAD
    0x08006650   0x08006650   0x00000010   Code   RO         7011    i._ZNSt10bad_typeidC1ERKS_  cpprt_w.l(bad_typeid.o)
    0x08006660   0x08006660   0x00000010   Code   RO         7012    i._ZNSt10bad_typeidC1Ev  cpprt_w.l(bad_typeid.o)
    0x08006670   0x08006670   0x0000000e   Code   RO         7013    i._ZNSt10bad_typeidD0Ev  cpprt_w.l(bad_typeid.o)
    0x0800667e   0x0800667e   0x00000008   Code   RO         7014    i._ZNSt10bad_typeidD1Ev  cpprt_w.l(bad_typeid.o)
    0x08006686   0x08006686   0x00000002   PAD
    0x08006688   0x08006688   0x00000010   Code   RO         6994    i._ZNSt13bad_exceptionC1ERKS_  cpprt_w.l(bad_exception_cctor.o)
    0x08006698   0x08006698   0x00000010   Code   RO         6997    i._ZNSt13bad_exceptionC1Ev  cpprt_w.l(bad_exception_ctor.o)
    0x080066a8   0x080066a8   0x0000000e   Code   RO         7000    i._ZNSt13bad_exceptionD0Ev  cpprt_w.l(bad_exception_dtor.o)
    0x080066b6   0x080066b6   0x00000008   Code   RO         7001    i._ZNSt13bad_exceptionD1Ev  cpprt_w.l(bad_exception_dtor.o)
    0x080066be   0x080066be   0x00000002   PAD
    0x080066c0   0x080066c0   0x00000010   Code   RO         6985    i._ZNSt9bad_allocC1ERKS_  cpprt_w.l(bad_alloc_cctor.o)
    0x080066d0   0x080066d0   0x00000010   Code   RO         6988    i._ZNSt9bad_allocC1Ev  cpprt_w.l(bad_alloc_ctor.o)
    0x080066e0   0x080066e0   0x0000000e   Code   RO         6683    i._ZNSt9bad_allocD0Ev  cpprt_w.l(bad_alloc_dtor.o)
    0x080066ee   0x080066ee   0x00000008   Code   RO         6684    i._ZNSt9bad_allocD1Ev  cpprt_w.l(bad_alloc_dtor.o)
    0x080066f6   0x080066f6   0x00000002   PAD
    0x080066f8   0x080066f8   0x0000000c   Code   RO         7100    i._ZNSt9exceptionC1ERKS_  cpprt_w.l(exception_cctor.o)
    0x08006704   0x08006704   0x0000000c   Code   RO         7103    i._ZNSt9exceptionC1Ev  cpprt_w.l(exception_ctor.o)
    0x08006710   0x08006710   0x00000022   Code   RO         1171    i._ZSt3powfi        action_math.o
    0x08006732   0x08006732   0x00000002   PAD
    0x08006734   0x08006734   0x00000432   Code   RO         1201    i._Zco13action_matrix  action_matrix.o
    0x08006b66   0x08006b66   0x00000008   Code   RO         6294    i._ZdaPv            cpprt_w.l(array_del.o)
    0x08006b6e   0x08006b6e   0x00000008   Code   RO         6301    i._ZdlPv            cpprt_w.l(delete.o)
    0x08006b76   0x08006b76   0x00000002   PAD
    0x08006b78   0x08006b78   0x000000e0   Code   RO         1202    i._Zmi13action_matrixS_  action_matrix.o
    0x08006c58   0x08006c58   0x000000f4   Code   RO         1203    i._Zml13action_matrixS_  action_matrix.o
    0x08006d4c   0x08006d4c   0x00000008   Code   RO         6297    i._Znaj             cpprt_w.l(array_new.o)
    0x08006d54   0x08006d54   0x00000080   Code   RO         1204    i._Znt13action_matrix  action_matrix.o
    0x08006dd4   0x08006dd4   0x00000028   Code   RO         6304    i._Znwj             cpprt_w.l(new.o)
    0x08006dfc   0x08006dfc   0x000000e0   Code   RO         1205    i._Zpl13action_matrixS_  action_matrix.o
    0x08006edc   0x08006edc   0x00000020   Code   RO         6436    i.__ARM_common_get_typeid  cpprt_w.l(arm_exceptions_throw.o)
    0x08006efc   0x08006efc   0x00000030   Code   RO         6807    i.__ARM_fpclassify  m_wm.l(fpclassify.o)
    0x08006f2c   0x08006f2c   0x00000026   Code   RO         6809    i.__ARM_fpclassifyf  m_wm.l(fpclassifyf.o)
    0x08006f52   0x08006f52   0x00000002   PAD
    0x08006f54   0x08006f54   0x00000024   Code   RO          405    i.__ARM_isnan       figureangle.o
    0x08006f78   0x08006f78   0x00000070   Code   RO         6661    i.__derived_to_base_conversion  cpprt_w.l(rtti.o)
    0x08006fe8   0x08006fe8   0x000000b4   Code   RO         6662    i.__dynamic_cast    cpprt_w.l(rtti.o)
    0x0800709c   0x0800709c   0x00000004   PAD
    0x080070a0   0x080070a0   0x00000360   Code   RO         6479    i.__hardfp_asin     m_wm.l(asin.o)
    0x08007400   0x08007400   0x000002d8   Code   RO         6776    i.__hardfp_atan     m_wm.l(atan.o)
    0x080076d8   0x080076d8   0x000001f0   Code   RO         6493    i.__hardfp_atan2    m_wm.l(atan2.o)
    0x080078c8   0x080078c8   0x000000c8   Code   RO         6505    i.__hardfp_cos      m_wm.l(cos.o)
    0x08007990   0x08007990   0x00000014   Code   RO         6517    i.__hardfp_fabs     m_wm.l(fabs.o)
    0x080079a4   0x080079a4   0x00000004   PAD
    0x080079a8   0x080079a8   0x00000c50   Code   RO         6523    i.__hardfp_pow      m_wm.l(pow.o)
    0x080085f8   0x080085f8   0x00000664   Code   RO         6537    i.__hardfp_powf     m_wm.l(powf.o)
    0x08008c5c   0x08008c5c   0x00000004   PAD
    0x08008c60   0x08008c60   0x000000c8   Code   RO         6551    i.__hardfp_sin      m_wm.l(sin.o)
    0x08008d28   0x08008d28   0x0000007a   Code   RO         6563    i.__hardfp_sqrt     m_wm.l(sqrt.o)
    0x08008da2   0x08008da2   0x00000006   PAD
    0x08008da8   0x08008da8   0x00000438   Code   RO         6828    i.__ieee754_rem_pio2  m_wm.l(rred.o)
    0x080091e0   0x080091e0   0x00000170   Code   RO         6790    i.__kernel_cos      m_wm.l(cos_i.o)
    0x08009350   0x08009350   0x000000f8   Code   RO         6825    i.__kernel_poly     m_wm.l(poly.o)
    0x08009448   0x08009448   0x00000130   Code   RO         6833    i.__kernel_sin      m_wm.l(sin_i.o)
    0x08009578   0x08009578   0x00000030   Code   RO         6793    i.__mathlib_dbl_divzero  m_wm.l(dunder.o)
    0x080095a8   0x080095a8   0x00000014   Code   RO         6794    i.__mathlib_dbl_infnan  m_wm.l(dunder.o)
    0x080095bc   0x080095bc   0x00000014   Code   RO         6795    i.__mathlib_dbl_infnan2  m_wm.l(dunder.o)
    0x080095d0   0x080095d0   0x00000020   Code   RO         6796    i.__mathlib_dbl_invalid  m_wm.l(dunder.o)
    0x080095f0   0x080095f0   0x00000020   Code   RO         6797    i.__mathlib_dbl_overflow  m_wm.l(dunder.o)
    0x08009610   0x08009610   0x00000020   Code   RO         6799    i.__mathlib_dbl_underflow  m_wm.l(dunder.o)
    0x08009630   0x08009630   0x00000014   Code   RO         6811    i.__mathlib_flt_divzero  m_wm.l(funder.o)
    0x08009644   0x08009644   0x00000006   Code   RO         6813    i.__mathlib_flt_infnan2  m_wm.l(funder.o)
    0x0800964a   0x0800964a   0x00000002   PAD
    0x0800964c   0x0800964c   0x00000010   Code   RO         6814    i.__mathlib_flt_invalid  m_wm.l(funder.o)
    0x0800965c   0x0800965c   0x00000010   Code   RO         6815    i.__mathlib_flt_overflow  m_wm.l(funder.o)
    0x0800966c   0x0800966c   0x00000010   Code   RO         6817    i.__mathlib_flt_underflow  m_wm.l(funder.o)
    0x0800967c   0x0800967c   0x000000c0   Code   RO          406    i.adjustVDoff       figureangle.o
    0x0800973c   0x0800973c   0x00000010   Code   RO         6778    i.atan              m_wm.l(atan.o)
    0x0800974c   0x0800974c   0x000003d0   Code   RO          522    i.calculatePos      figurepos.o
    0x08009b1c   0x08009b1c   0x00000018   Code   RO         6519    i.fabs              m_wm.l(fabs.o)
    0x08009b34   0x08009b34   0x00000014   Code   RO          407    i.getAngle          figureangle.o
    0x08009b48   0x08009b48   0x0000000c   Code   RO          523    i.getPosX           figurepos.o
    0x08009b54   0x08009b54   0x0000000c   Code   RO          524    i.getPosY           figurepos.o
    0x08009b60   0x08009b60   0x00000018   Code   RO          151    i.getTimeCount      stm32f4xx_it.o
    0x08009b78   0x08009b78   0x00000020   Code   RO          152    i.getTimeFlag       stm32f4xx_it.o
    0x08009b98   0x08009b98   0x00000040   Code   RO          688    i.icm_get_accel_data  icm_20608_g.o
    0x08009bd8   0x08009bd8   0x00000040   Code   RO          689    i.icm_get_gyro_data  icm_20608_g.o
    0x08009c18   0x08009c18   0x00000068   Code   RO          690    i.icm_get_temp_data  icm_20608_g.o
    0x08009c80   0x08009c80   0x00000020   Code   RO          691    i.icm_read_accel_acc  icm_20608_g.o
    0x08009ca0   0x08009ca0   0x00000020   Code   RO          695    i.icm_read_gyro_rate  icm_20608_g.o
    0x08009cc0   0x08009cc0   0x00000010   Code   RO          696    i.icm_read_temp     icm_20608_g.o
    0x08009cd0   0x08009cd0   0x00000338   Code   RO          699    i.icm_update_AccRad  icm_20608_g.o
    0x0800a008   0x0800a008   0x000000ac   Code   RO          700    i.icm_update_acc    icm_20608_g.o
    0x0800a0b4   0x0800a0b4   0x00000068   Code   RO          701    i.icm_update_gyro_rate  icm_20608_g.o
    0x0800a11c   0x0800a11c   0x00000048   Code   RO          702    i.icm_update_temp   icm_20608_g.o
    0x0800a164   0x0800a164   0x00000058   Code   RO            7    i.init              main.o
    0x0800a1bc   0x0800a1bc   0x00000062   Code   RO         1094    i.itoa              usart.o
    0x0800a21e   0x0800a21e   0x00000002   PAD
    0x0800a220   0x0800a220   0x0000003c   Code   RO          970    i.mRead             spi.o
    0x0800a25c   0x0800a25c   0x00000060   Code   RO            8    i.main              main.o
    0x0800a2bc   0x0800a2bc   0x00000110   Code   RO         1145    i.ordata_input      action_math.o
    0x0800a3cc   0x0800a3cc   0x000000ac   Code   RO          595    i.pwm_init          temperature_control.o
    0x0800a478   0x0800a478   0x00000024   Code   RO          525    i.resetPos          figurepos.o
    0x0800a49c   0x0800a49c   0x00000088   Code   RO          408    i.safe_asin         figureangle.o
    0x0800a524   0x0800a524   0x000000a4   Code   RO          409    i.safe_atan2        figureangle.o
    0x0800a5c8   0x0800a5c8   0x0000000c   Code   RO          526    i.setPosX           figurepos.o
    0x0800a5d4   0x0800a5d4   0x0000000c   Code   RO          527    i.setPosY           figurepos.o
    0x0800a5e0   0x0800a5e0   0x0000006e   Code   RO         6565    i.sqrt              m_wm.l(sqrt.o)
    0x0800a64e   0x0800a64e   0x00000002   PAD
    0x0800a650   0x0800a650   0x000001b4   Code   RO          596    i.temp_pid_ctr      temperature_control.o
    0x0800a804   0x0800a804   0x00000028   Code   RO          597    i.temperature_control  temperature_control.o
    0x0800a82c   0x0800a82c   0x00000300   Code   RO          410    i.updateAngle       figureangle.o
    0x0800ab2c   0x0800ab2c   0x0000002c   Code   RO         6931    locale$$code        c_w.l(lc_numeric_c.o)
    0x0800ab58   0x0800ab58   0x00000018   Code   RO         6445    x$fpl$basic         fz_wm.l(basic.o)
    0x0800ab70   0x0800ab70   0x00000062   Code   RO         6447    x$fpl$d2f           fz_wm.l(d2f.o)
    0x0800abd2   0x0800abd2   0x00000002   PAD
    0x0800abd4   0x0800abd4   0x00000150   Code   RO         6449    x$fpl$dadd          fz_wm.l(daddsub_clz.o)
    0x0800ad24   0x0800ad24   0x00000010   Code   RO         7051    x$fpl$dcheck1       fz_wm.l(dcheck1.o)
    0x0800ad34   0x0800ad34   0x00000018   Code   RO         6759    x$fpl$dcmpinf       fz_wm.l(dcmpi.o)
    0x0800ad4c   0x0800ad4c   0x000002b0   Code   RO         6456    x$fpl$ddiv          fz_wm.l(ddiv.o)
    0x0800affc   0x0800affc   0x0000005e   Code   RO         7053    x$fpl$dfix          fz_wm.l(dfix.o)
    0x0800b05a   0x0800b05a   0x00000002   PAD
    0x0800b05c   0x0800b05c   0x0000005a   Code   RO         6459    x$fpl$dfixu         fz_wm.l(dfixu.o)
    0x0800b0b6   0x0800b0b6   0x0000002e   Code   RO         6464    x$fpl$dflt          fz_wm.l(dflt_clz.o)
    0x0800b0e4   0x0800b0e4   0x00000026   Code   RO         6463    x$fpl$dfltu         fz_wm.l(dflt_clz.o)
    0x0800b10a   0x0800b10a   0x00000002   PAD
    0x0800b10c   0x0800b10c   0x00000078   Code   RO         6469    x$fpl$dleqf         fz_wm.l(dleqf.o)
    0x0800b184   0x0800b184   0x00000154   Code   RO         6471    x$fpl$dmul          fz_wm.l(dmul.o)
    0x0800b2d8   0x0800b2d8   0x0000009c   Code   RO         6761    x$fpl$dnaninf       fz_wm.l(dnaninf.o)
    0x0800b374   0x0800b374   0x0000000c   Code   RO         6763    x$fpl$dretinf       fz_wm.l(dretinf.o)
    0x0800b380   0x0800b380   0x0000006c   Code   RO         6473    x$fpl$drleqf        fz_wm.l(drleqf.o)
    0x0800b3ec   0x0800b3ec   0x00000016   Code   RO         6450    x$fpl$drsb          fz_wm.l(daddsub_clz.o)
    0x0800b402   0x0800b402   0x00000002   PAD
    0x0800b404   0x0800b404   0x00000198   Code   RO         6765    x$fpl$dsqrt         fz_wm.l(dsqrt_umaal.o)
    0x0800b59c   0x0800b59c   0x000001d4   Code   RO         6451    x$fpl$dsub          fz_wm.l(daddsub_clz.o)
    0x0800b770   0x0800b770   0x00000056   Code   RO         6475    x$fpl$f2d           fz_wm.l(f2d.o)
    0x0800b7c6   0x0800b7c6   0x0000008c   Code   RO         6767    x$fpl$fnaninf       fz_wm.l(fnaninf.o)
    0x0800b852   0x0800b852   0x0000000a   Code   RO         7109    x$fpl$fpinit        fz_wm.l(fpinit.o)
    0x0800b85c   0x0800b85c   0x0000000a   Code   RO         6769    x$fpl$fretinf       fz_wm.l(fretinf.o)
    0x0800b866   0x0800b866   0x00000004   Code   RO         6477    x$fpl$printf1       fz_wm.l(printf1.o)
    0x0800b86a   0x0800b86a   0x00000064   Code   RO         7111    x$fpl$retnan        fz_wm.l(retnan.o)
    0x0800b8ce   0x0800b8ce   0x0000005c   Code   RO         6773    x$fpl$scalbn        fz_wm.l(scalbn.o)
    0x0800b92a   0x0800b92a   0x00000030   Code   RO         7132    x$fpl$trapveneer    fz_wm.l(trapv.o)
    0x0800b95a   0x0800b95a   0x00000000   Code   RO         6775    x$fpl$usenofp       fz_wm.l(usenofp.o)
    0x0800b95a   0x0800b95a   0x00000002   PAD
    0x0800b95c   0x0800b95c   0x0000000c   Data   RO          425    .ARM.extab          figureangle.o
    0x0800b968   0x0800b968   0x0000000c   Data   RO          721    .ARM.extab          icm_20608_g.o
    0x0800b974   0x0800b974   0x0000000c   Data   RO          722    .ARM.extab          icm_20608_g.o
    0x0800b980   0x0800b980   0x0000000c   Data   RO         1099    .ARM.extab          usart.o
    0x0800b98c   0x0800b98c   0x00000018   Data   RO         1150    .ARM.extab          action_math.o
    0x0800b9a4   0x0800b9a4   0x0000000c   Data   RO         1215    .ARM.extab          action_matrix.o
    0x0800b9b0   0x0800b9b0   0x0000000c   Data   RO         1216    .ARM.extab          action_matrix.o
    0x0800b9bc   0x0800b9bc   0x0000000c   Data   RO         1217    .ARM.extab          action_matrix.o
    0x0800b9c8   0x0800b9c8   0x0000000c   Data   RO         1218    .ARM.extab          action_matrix.o
    0x0800b9d4   0x0800b9d4   0x0000000c   Data   RO         1219    .ARM.extab          action_matrix.o
    0x0800b9e0   0x0800b9e0   0x00000014   Data   RO         6299    .ARM.extab          cpprt_w.l(array_new.o)
    0x0800b9f4   0x0800b9f4   0x00000014   Data   RO         6306    .ARM.extab          cpprt_w.l(new.o)
    0x0800ba08   0x0800ba08   0x0000001c   Data   RO         6430    .ARM.extab          cpprt_w.l(arm_exceptions_throw.o)
    0x0800ba24   0x0800ba24   0x00000038   Data   RO         6722    .ARM.extab          cpprt_w.l(arm_exceptions_callunex.o)
    0x0800ba5c   0x0800ba5c   0x00000004   PAD
    0x0800ba60   0x0800ba60   0x00000050   Data   RO         6482    .constdata          m_wm.l(asin.o)
    0x0800bab0   0x0800bab0   0x00000088   Data   RO         6526    .constdata          m_wm.l(pow.o)
    0x0800bb38   0x0800bb38   0x00000140   Data   RO         6540    .constdata          m_wm.l(powf.o)
    0x0800bc78   0x0800bc78   0x0000000c   Data   RO         6726    .constdata          cpprt_w.l(arm_exceptions_support.o)
    0x0800bc84   0x0800bc84   0x00000004   PAD
    0x0800bc88   0x0800bc88   0x00000098   Data   RO         6779    .constdata          m_wm.l(atan.o)
    0x0800bd20   0x0800bd20   0x00000030   Data   RO         6791    .constdata          m_wm.l(cos_i.o)
    0x0800bd50   0x0800bd50   0x00000008   Data   RO         6827    .constdata          m_wm.l(qnan.o)
    0x0800bd58   0x0800bd58   0x000000c8   Data   RO         6830    .constdata          m_wm.l(rred.o)
    0x0800be20   0x0800be20   0x00000028   Data   RO         6834    .constdata          m_wm.l(sin_i.o)
    0x0800be48   0x0800be48   0x00000094   Data   RO         6906    .constdata          c_w.l(bigflt0.o)
    0x0800bedc   0x0800bedc   0x0000000c   Data   RO         6397    .constdata__ZTIN10__cxxabiv116__enum_type_infoE  cpprt_w.l(lib_rtti_impl.o)
    0x0800bee8   0x0800bee8   0x0000000c   Data   RO         6398    .constdata__ZTIN10__cxxabiv117__class_type_infoE  cpprt_w.l(lib_rtti_impl.o)
    0x0800bef4   0x0800bef4   0x0000000c   Data   RO         6401    .constdata__ZTIN10__cxxabiv117__pbase_type_infoE  cpprt_w.l(lib_rtti_impl.o)
    0x0800bf00   0x0800bf00   0x0000000c   Data   RO         6402    .constdata__ZTIN10__cxxabiv119__pointer_type_infoE  cpprt_w.l(lib_rtti_impl.o)
    0x0800bf0c   0x0800bf0c   0x0000000c   Data   RO         6399    .constdata__ZTIN10__cxxabiv120__si_class_type_infoE  cpprt_w.l(lib_rtti_impl.o)
    0x0800bf18   0x0800bf18   0x0000000c   Data   RO         6400    .constdata__ZTIN10__cxxabiv121__vmi_class_type_infoE  cpprt_w.l(lib_rtti_impl.o)
    0x0800bf24   0x0800bf24   0x0000000c   Data   RO         6394    .constdata__ZTIN10__cxxabiv123__fundamental_type_infoE  cpprt_w.l(lib_rtti_impl.o)
    0x0800bf30   0x0800bf30   0x0000000c   Data   RO         7030    .constdata__ZTISt10bad_typeid  cpprt_w.l(bad_typeid.o)
    0x0800bf3c   0x0800bf3c   0x0000000c   Data   RO         7008    .constdata__ZTISt13bad_exception  cpprt_w.l(bad_exception_dtor.o)
    0x0800bf48   0x0800bf48   0x0000000c   Data   RO         6691    .constdata__ZTISt9bad_alloc  cpprt_w.l(bad_alloc_dtor.o)
    0x0800bf54   0x0800bf54   0x00000008   Data   RO         7040    .constdata__ZTISt9exception  cpprt_w.l(exception_dtor.o)
    0x0800bf5c   0x0800bf5c   0x00000008   Data   RO         6701    .constdata__ZTISt9type_info  cpprt_w.l(type_info_dtor.o)
    0x0800bf64   0x0800bf64   0x00000008   Data   RO         1300    .constdata__ZTIUt_  action_matrix.o
    0x0800bf6c   0x0800bf6c   0x00000008   Data   RO         6434    .constdata__ZTIv    cpprt_w.l(arm_exceptions_throw.o)
    0x0800bf74   0x0800bf74   0x00000021   Data   RO         6407    .constdata__ZTSN10__cxxabiv116__enum_type_infoE  cpprt_w.l(lib_rtti_impl.o)
    0x0800bf95   0x0800bf95   0x00000022   Data   RO         6408    .constdata__ZTSN10__cxxabiv117__class_type_infoE  cpprt_w.l(lib_rtti_impl.o)
    0x0800bfb7   0x0800bfb7   0x00000022   Data   RO         6411    .constdata__ZTSN10__cxxabiv117__pbase_type_infoE  cpprt_w.l(lib_rtti_impl.o)
    0x0800bfd9   0x0800bfd9   0x00000024   Data   RO         6412    .constdata__ZTSN10__cxxabiv119__pointer_type_infoE  cpprt_w.l(lib_rtti_impl.o)
    0x0800bffd   0x0800bffd   0x00000025   Data   RO         6409    .constdata__ZTSN10__cxxabiv120__si_class_type_infoE  cpprt_w.l(lib_rtti_impl.o)
    0x0800c022   0x0800c022   0x00000026   Data   RO         6410    .constdata__ZTSN10__cxxabiv121__vmi_class_type_infoE  cpprt_w.l(lib_rtti_impl.o)
    0x0800c048   0x0800c048   0x00000028   Data   RO         6404    .constdata__ZTSN10__cxxabiv123__fundamental_type_infoE  cpprt_w.l(lib_rtti_impl.o)
    0x0800c070   0x0800c070   0x0000000f   Data   RO         7031    .constdata__ZTSSt10bad_typeid  cpprt_w.l(bad_typeid.o)
    0x0800c07f   0x0800c07f   0x00000012   Data   RO         7009    .constdata__ZTSSt13bad_exception  cpprt_w.l(bad_exception_dtor.o)
    0x0800c091   0x0800c091   0x0000000d   Data   RO         6692    .constdata__ZTSSt9bad_alloc  cpprt_w.l(bad_alloc_dtor.o)
    0x0800c09e   0x0800c09e   0x0000000d   Data   RO         7041    .constdata__ZTSSt9exception  cpprt_w.l(exception_dtor.o)
    0x0800c0ab   0x0800c0ab   0x0000000d   Data   RO         6702    .constdata__ZTSSt9type_info  cpprt_w.l(type_info_dtor.o)
    0x0800c0b8   0x0800c0b8   0x00000004   Data   RO         1301    .constdata__ZTSUt_  action_matrix.o
    0x0800c0bc   0x0800c0bc   0x00000002   Data   RO         6435    .constdata__ZTSv    cpprt_w.l(arm_exceptions_throw.o)
    0x0800c0be   0x0800c0be   0x00000002   PAD
    0x0800c0c0   0x0800c0c0   0x00000010   Data   RO         6378    .constdata__ZTVN10__cxxabiv116__enum_type_infoE  cpprt_w.l(lib_rtti_impl.o)
    0x0800c0d0   0x0800c0d0   0x00000010   Data   RO         6380    .constdata__ZTVN10__cxxabiv117__class_type_infoE  cpprt_w.l(lib_rtti_impl.o)
    0x0800c0e0   0x0800c0e0   0x00000010   Data   RO         6382    .constdata__ZTVN10__cxxabiv120__si_class_type_infoE  cpprt_w.l(lib_rtti_impl.o)
    0x0800c0f0   0x0800c0f0   0x00000010   Data   RO         6372    .constdata__ZTVN10__cxxabiv123__fundamental_type_infoE  cpprt_w.l(lib_rtti_impl.o)
    0x0800c100   0x0800c100   0x00000014   Data   RO         7029    .constdata__ZTVSt10bad_typeid  cpprt_w.l(bad_typeid.o)
    0x0800c114   0x0800c114   0x00000014   Data   RO         7007    .constdata__ZTVSt13bad_exception  cpprt_w.l(bad_exception_dtor.o)
    0x0800c128   0x0800c128   0x00000014   Data   RO         6690    .constdata__ZTVSt9bad_alloc  cpprt_w.l(bad_alloc_dtor.o)
    0x0800c13c   0x0800c13c   0x00000014   Data   RO         7039    .constdata__ZTVSt9exception  cpprt_w.l(exception_dtor.o)
    0x0800c150   0x0800c150   0x00000020   Data   RO         7186    Region$$Table       anon$$obj.o
    0x0800c170   0x0800c170   0x0000001c   Data   RO         6930    locale$$data        c_w.l(lc_numeric_c.o)
    0x0800c18c   0x0800c18c   0x00000008   Data   RO         6858    .ARM.exidx          c_w.l(__rtentry4.o)
    0x0800c194   0x0800c18c   0x00000018   Data   RO         6428    .ARM.exidx          cpprt_w.l(arm_exceptions_throw.o)
    0x0800c1ac   0x0800c18c   0x00000008   Data   RO         6713    .ARM.exidx          cpprt_w.l(arm_exceptions_rethrow.o)
    0x0800c1b4   0x0800c18c   0x00000008   Data   RO         6716    .ARM.exidx          cpprt_w.l(arm_exceptions_callterm.o)
    0x0800c1bc   0x0800c18c   0x00000008   Data   RO         6720    .ARM.exidx          cpprt_w.l(arm_exceptions_callunex.o)
    0x0800c1c4   0x0800c18c   0x00000008   Data   RO         6725    .ARM.exidx          cpprt_w.l(arm_exceptions_support.o)
    0x0800c1cc   0x0800c18c   0x00000008   Data   RO         6732    .ARM.exidx          cpprt_w.l(arm_exceptions_endcatch.o)
    0x0800c1d4   0x0800c18c   0x00000008   Data   RO         6735    .ARM.exidx          cpprt_w.l(arm_exceptions_free.o)
    0x0800c1dc   0x0800c18c   0x00000008   Data   RO         6744    .ARM.exidx          cpprt_w.l(arm_exceptions_bad_typeid.o)
    0x0800c1e4   0x0800c18c   0x00000008   Data   RO         6747    .ARM.exidx          cpprt_w.l(arm_exceptions_foreign.o)
    0x0800c1ec   0x0800c18c   0x00000008   Data   RO         6936    .ARM.exidx          c_w.l(bsearch.o)
    0x0800c1f4   0x0800c18c   0x00000008   Data   RO         7046    .ARM.exidx          cpprt_w.l(arm_exceptions_unexpected.o)
    0x0800c1fc   0x0800c18c   0x00000008   Data   RO         7049    .ARM.exidx          cpprt_w.l(unwind_delete.o)
    0x0800c204   0x0800c18c   0x00000008   Data   RO          528    .ARM.exidx          figurepos.o
    0x0800c20c   0x0800c18c   0x00000008   Data   RO         1149    .ARM.exidx          action_math.o
    0x0800c214   0x0800c18c   0x00000008   Data   RO         1146    .ARM.exidx          action_math.o
    0x0800c21c   0x0800c18c   0x00000008   Data   RO         1147    .ARM.exidx          action_math.o
    0x0800c224   0x0800c18c   0x00000008   Data   RO          973    .ARM.exidx          spi.o
    0x0800c22c   0x0800c18c   0x00000008   Data   RO          424    .ARM.exidx          figureangle.o
    0x0800c234   0x0800c18c   0x00000008   Data   RO          172    .ARM.exidx          stm32f4xx_it.o
    0x0800c23c   0x0800c18c   0x00000008   Data   RO         1054    .ARM.exidx          timer.o
    0x0800c244   0x0800c18c   0x00000008   Data   RO         1053    .ARM.exidx          timer.o
    0x0800c24c   0x0800c18c   0x00000008   Data   RO          416    .ARM.exidx          figureangle.o
    0x0800c254   0x0800c18c   0x00000008   Data   RO         2825    .ARM.exidx          stm32f4xx_flash.o
    0x0800c25c   0x0800c18c   0x00000008   Data   RO         2807    .ARM.exidx          stm32f4xx_flash.o
    0x0800c264   0x0800c18c   0x00000008   Data   RO         2806    .ARM.exidx          stm32f4xx_flash.o
    0x0800c26c   0x0800c18c   0x00000008   Data   RO         2804    .ARM.exidx          stm32f4xx_flash.o
    0x0800c274   0x0800c18c   0x00000008   Data   RO         2818    .ARM.exidx          stm32f4xx_flash.o
    0x0800c27c   0x0800c18c   0x00000008   Data   RO         2815    .ARM.exidx          stm32f4xx_flash.o
    0x0800c284   0x0800c18c   0x00000008   Data   RO         2816    .ARM.exidx          stm32f4xx_flash.o
    0x0800c28c   0x0800c18c   0x00000008   Data   RO         2814    .ARM.exidx          stm32f4xx_flash.o
    0x0800c294   0x0800c18c   0x00000008   Data   RO         2808    .ARM.exidx          stm32f4xx_flash.o
    0x0800c29c   0x0800c18c   0x00000008   Data   RO         2810    .ARM.exidx          stm32f4xx_flash.o
    0x0800c2a4   0x0800c18c   0x00000008   Data   RO         2802    .ARM.exidx          stm32f4xx_flash.o
    0x0800c2ac   0x0800c18c   0x00000008   Data   RO         2805    .ARM.exidx          stm32f4xx_flash.o
    0x0800c2b4   0x0800c18c   0x00000008   Data   RO          848    .ARM.exidx          flash.o
    0x0800c2bc   0x0800c18c   0x00000008   Data   RO          852    .ARM.exidx          flash.o
    0x0800c2c4   0x0800c18c   0x00000008   Data   RO          851    .ARM.exidx          flash.o
    0x0800c2cc   0x0800c18c   0x00000008   Data   RO          849    .ARM.exidx          flash.o
    0x0800c2d4   0x0800c18c   0x00000008   Data   RO         3169    .ARM.exidx          stm32f4xx_gpio.o
    0x0800c2dc   0x0800c18c   0x00000008   Data   RO         3177    .ARM.exidx          stm32f4xx_gpio.o
    0x0800c2e4   0x0800c18c   0x00000008   Data   RO          703    .ARM.exidx          icm_20608_g.o
    0x0800c2ec   0x0800c18c   0x00000008   Data   RO          412    .ARM.exidx          figureangle.o
    0x0800c2f4   0x0800c18c   0x00000008   Data   RO          314    .ARM.exidx          buildexcel.o
    0x0800c2fc   0x0800c18c   0x00000008   Data   RO          168    .ARM.exidx          stm32f4xx_it.o
    0x0800c304   0x0800c18c   0x00000008   Data   RO         1345    .ARM.exidx          misc.o
    0x0800c30c   0x0800c18c   0x00000008   Data   RO         1344    .ARM.exidx          misc.o
    0x0800c314   0x0800c18c   0x00000008   Data   RO          418    .ARM.exidx          figureangle.o
    0x0800c31c   0x0800c18c   0x00000008   Data   RO         3984    .ARM.exidx          stm32f4xx_rcc.o
    0x0800c324   0x0800c18c   0x00000008   Data   RO         3979    .ARM.exidx          stm32f4xx_rcc.o
    0x0800c32c   0x0800c18c   0x00000008   Data   RO          413    .ARM.exidx          figureangle.o
    0x0800c334   0x0800c18c   0x00000008   Data   RO          971    .ARM.exidx          spi.o
    0x0800c33c   0x0800c18c   0x00000008   Data   RO          978    .ARM.exidx          spi.o
    0x0800c344   0x0800c18c   0x00000008   Data   RO          972    .ARM.exidx          spi.o
    0x0800c34c   0x0800c18c   0x00000008   Data   RO         5011    .ARM.exidx          stm32f4xx_spi.o
    0x0800c354   0x0800c18c   0x00000008   Data   RO         5006    .ARM.exidx          stm32f4xx_spi.o
    0x0800c35c   0x0800c18c   0x00000008   Data   RO         5027    .ARM.exidx          stm32f4xx_spi.o
    0x0800c364   0x0800c18c   0x00000008   Data   RO         5007    .ARM.exidx          stm32f4xx_spi.o
    0x0800c36c   0x0800c18c   0x00000008   Data   RO          976    .ARM.exidx          spi.o
    0x0800c374   0x0800c18c   0x00000008   Data   RO          977    .ARM.exidx          spi.o
    0x0800c37c   0x0800c18c   0x00000008   Data   RO          975    .ARM.exidx          spi.o
    0x0800c384   0x0800c18c   0x00000008   Data   RO          171    .ARM.exidx          stm32f4xx_it.o
    0x0800c38c   0x0800c18c   0x00000008   Data   RO         6218    .ARM.exidx          system_stm32f4xx.o
    0x0800c394   0x0800c18c   0x00000008   Data   RO          644    .ARM.exidx          customer.o
    0x0800c39c   0x0800c18c   0x00000008   Data   RO         6219    .ARM.exidx          system_stm32f4xx.o
    0x0800c3a4   0x0800c18c   0x00000008   Data   RO         5346    .ARM.exidx          stm32f4xx_tim.o
    0x0800c3ac   0x0800c18c   0x00000008   Data   RO         5409    .ARM.exidx          stm32f4xx_tim.o
    0x0800c3b4   0x0800c18c   0x00000008   Data   RO         5405    .ARM.exidx          stm32f4xx_tim.o
    0x0800c3bc   0x0800c18c   0x00000008   Data   RO         1052    .ARM.exidx          timer.o
    0x0800c3c4   0x0800c18c   0x00000008   Data   RO         5352    .ARM.exidx          stm32f4xx_tim.o
    0x0800c3cc   0x0800c18c   0x00000008   Data   RO         5366    .ARM.exidx          stm32f4xx_tim.o
    0x0800c3d4   0x0800c18c   0x00000008   Data   RO          308    .ARM.exidx          buildexcel.o
    0x0800c3dc   0x0800c18c   0x00000008   Data   RO          310    .ARM.exidx          buildexcel.o
    0x0800c3e4   0x0800c18c   0x00000008   Data   RO          415    .ARM.exidx          figureangle.o
    0x0800c3ec   0x0800c18c   0x00000008   Data   RO          161    .ARM.exidx          stm32f4xx_it.o
    0x0800c3f4   0x0800c18c   0x00000008   Data   RO         1095    .ARM.exidx          usart.o
    0x0800c3fc   0x0800c18c   0x00000008   Data   RO          165    .ARM.exidx          stm32f4xx_it.o
    0x0800c404   0x0800c18c   0x00000008   Data   RO         5942    .ARM.exidx          stm32f4xx_usart.o
    0x0800c40c   0x0800c18c   0x00000008   Data   RO         5961    .ARM.exidx          stm32f4xx_usart.o
    0x0800c414   0x0800c18c   0x00000008   Data   RO         5938    .ARM.exidx          stm32f4xx_usart.o
    0x0800c41c   0x0800c18c   0x00000008   Data   RO         5960    .ARM.exidx          stm32f4xx_usart.o
    0x0800c424   0x0800c18c   0x00000008   Data   RO         5959    .ARM.exidx          stm32f4xx_usart.o
    0x0800c42c   0x0800c18c   0x00000008   Data   RO         5934    .ARM.exidx          stm32f4xx_usart.o
    0x0800c434   0x0800c18c   0x00000008   Data   RO         1097    .ARM.exidx          usart.o
    0x0800c43c   0x0800c18c   0x00000008   Data   RO         1098    .ARM.exidx          usart.o
    0x0800c444   0x0800c18c   0x00000008   Data   RO         5945    .ARM.exidx          stm32f4xx_usart.o
    0x0800c44c   0x0800c18c   0x00000008   Data   RO         5944    .ARM.exidx          stm32f4xx_usart.o
    0x0800c454   0x0800c18c   0x00000008   Data   RO          316    .ARM.exidx          buildexcel.o
    0x0800c45c   0x0800c18c   0x00000008   Data   RO          170    .ARM.exidx          stm32f4xx_it.o
    0x0800c464   0x0800c18c   0x00000008   Data   RO          309    .ARM.exidx          buildexcel.o
    0x0800c46c   0x0800c18c   0x00000008   Data   RO         6653    .ARM.exidx          cpprt_w.l(newhandler.o)
    0x0800c474   0x0800c18c   0x00000008   Data   RO         1206    .ARM.exidx          action_matrix.o
    0x0800c47c   0x0800c18c   0x00000008   Data   RO         1207    .ARM.exidx          action_matrix.o
    0x0800c484   0x0800c18c   0x00000008   Data   RO         1212    .ARM.exidx          action_matrix.o
    0x0800c48c   0x0800c18c   0x00000008   Data   RO         6667    .ARM.exidx          cpprt_w.l(rtti.o)
    0x0800c494   0x0800c18c   0x00000008   Data   RO         6668    .ARM.exidx          cpprt_w.l(rtti.o)
    0x0800c49c   0x0800c18c   0x00000008   Data   RO         6663    .ARM.exidx          cpprt_w.l(rtti.o)
    0x0800c4a4   0x0800c18c   0x00000008   Data   RO         6666    .ARM.exidx          cpprt_w.l(rtti.o)
    0x0800c4ac   0x0800c18c   0x00000008   Data   RO         6670    .ARM.exidx          cpprt_w.l(rtti.o)
    0x0800c4b4   0x0800c18c   0x00000008   Data   RO         6664    .ARM.exidx          cpprt_w.l(rtti.o)
    0x0800c4bc   0x0800c18c   0x00000008   Data   RO         1289    .ARM.exidx          action_matrix.o
    0x0800c4c4   0x0800c18c   0x00000008   Data   RO         1213    .ARM.exidx          action_matrix.o
    0x0800c4cc   0x0800c18c   0x00000008   Data   RO         6295    .ARM.exidx          cpprt_w.l(array_del.o)
    0x0800c4d4   0x0800c18c   0x00000008   Data   RO         1209    .ARM.exidx          action_matrix.o
    0x0800c4dc   0x0800c18c   0x00000008   Data   RO         1210    .ARM.exidx          action_matrix.o
    0x0800c4e4   0x0800c18c   0x00000008   Data   RO         6298    .ARM.exidx          cpprt_w.l(array_new.o)
    0x0800c4ec   0x0800c18c   0x00000008   Data   RO         1211    .ARM.exidx          action_matrix.o
    0x0800c4f4   0x0800c18c   0x00000008   Data   RO         6305    .ARM.exidx          cpprt_w.l(new.o)
    0x0800c4fc   0x0800c18c   0x00000008   Data   RO         1208    .ARM.exidx          action_matrix.o
    0x0800c504   0x0800c18c   0x00000008   Data   RO         6437    .ARM.exidx          cpprt_w.l(arm_exceptions_throw.o)
    0x0800c50c   0x0800c18c   0x00000008   Data   RO          411    .ARM.exidx          figureangle.o
    0x0800c514   0x0800c18c   0x00000008   Data   RO         6665    .ARM.exidx          cpprt_w.l(rtti.o)
    0x0800c51c   0x0800c18c   0x00000008   Data   RO         6669    .ARM.exidx          cpprt_w.l(rtti.o)
    0x0800c524   0x0800c18c   0x00000008   Data   RO          421    .ARM.exidx          figureangle.o
    0x0800c52c   0x0800c18c   0x00000008   Data   RO          529    .ARM.exidx          figurepos.o
    0x0800c534   0x0800c18c   0x00000008   Data   RO          422    .ARM.exidx          figureangle.o
    0x0800c53c   0x0800c18c   0x00000008   Data   RO          705    .ARM.exidx          icm_20608_g.o
    0x0800c544   0x0800c18c   0x00000008   Data   RO          706    .ARM.exidx          icm_20608_g.o
    0x0800c54c   0x0800c18c   0x00000008   Data   RO          717    .ARM.exidx          icm_20608_g.o
    0x0800c554   0x0800c18c   0x00000008   Data   RO          720    .ARM.exidx          icm_20608_g.o
    0x0800c55c   0x0800c18c   0x00000008   Data   RO          716    .ARM.exidx          icm_20608_g.o
    0x0800c564   0x0800c18c   0x00000008   Data   RO          714    .ARM.exidx          icm_20608_g.o
    0x0800c56c   0x0800c18c   0x00000008   Data   RO          718    .ARM.exidx          icm_20608_g.o
    0x0800c574   0x0800c18c   0x00000008   Data   RO            9    .ARM.exidx          main.o
    0x0800c57c   0x0800c18c   0x00000008   Data   RO         1096    .ARM.exidx          usart.o
    0x0800c584   0x0800c18c   0x00000008   Data   RO          979    .ARM.exidx          spi.o
    0x0800c58c   0x0800c18c   0x00000008   Data   RO           10    .ARM.exidx          main.o
    0x0800c594   0x0800c18c   0x00000008   Data   RO         1148    .ARM.exidx          action_math.o
    0x0800c59c   0x0800c18c   0x00000008   Data   RO          600    .ARM.exidx          temperature_control.o
    0x0800c5a4   0x0800c18c   0x00000008   Data   RO          532    .ARM.exidx          figurepos.o
    0x0800c5ac   0x0800c18c   0x00000008   Data   RO          417    .ARM.exidx          figureangle.o
    0x0800c5b4   0x0800c18c   0x00000008   Data   RO          533    .ARM.exidx          figurepos.o
    0x0800c5bc   0x0800c18c   0x00000008   Data   RO          598    .ARM.exidx          temperature_control.o
    0x0800c5c4   0x0800c18c   0x00000008   Data   RO          599    .ARM.exidx          temperature_control.o
    0x0800c5cc   0x0800c18c   0x00000008   Data   RO          420    .ARM.exidx          figureangle.o


    Execution Region RW_IRAM1 (Exec base: 0x20000000, Load base: 0x0800c5d4, Size: 0x00005e98, Max: 0x00020000, ABSOLUTE, COMPRESSED[0x00000054])

    Exec Addr    Load Addr    Size         Type   Attr      Idx    E Section Name        Object

    0x20000000   COMPRESSED   0x00000004   Data   RW           11    .data               main.o
    0x20000004   COMPRESSED   0x00000009   Data   RW          173    .data               stm32f4xx_it.o
    0x2000000d   COMPRESSED   0x00000003   PAD
    0x20000010   COMPRESSED   0x00000098   Data   RW          318    .data               buildexcel.o
    0x200000a8   COMPRESSED   0x000000a0   Data   RW          427    .data               figureangle.o
    0x20000148   COMPRESSED   0x0000001c   Data   RW          535    .data               figurepos.o
    0x20000164   COMPRESSED   0x00000004   PAD
    0x20000168   COMPRESSED   0x00000028   Data   RW          601    .data               temperature_control.o
    0x20000190   COMPRESSED   0x00000004   Data   RW          647    .data               customer.o
    0x20000194   COMPRESSED   0x0000000c   Data   RW          724    .data               icm_20608_g.o
    0x200001a0   COMPRESSED   0x00000009   Data   RW          859    .data               flash.o
    0x200001a9   COMPRESSED   0x00000003   PAD
    0x200001ac   COMPRESSED   0x00000008   Data   RW         1151    .data               action_math.o
    0x200001b4   COMPRESSED   0x00000010   Data   RW         4003    .data               stm32f4xx_rcc.o
    0x200001c4        -       0x0000019c   Zero   RW          317    .bss                buildexcel.o
    0x20000360        -       0x0000083c   Zero   RW          426    .bss                figureangle.o
    0x20000b9c        -       0x00000018   Zero   RW          723    .bss                icm_20608_g.o
    0x20000bb4        -       0x00000c80   Zero   RW          858    .bss                flash.o
    0x20001834        -       0x00000060   Zero   RW         6840    .bss                c_w.l(libspace.o)
    0x20001894   COMPRESSED   0x00000004   PAD
    0x20001898        -       0x00004200   Zero   RW         6203    HEAP                startup_stm32f4xx.o
    0x20005a98        -       0x00000400   Zero   RW         6202    STACK               startup_stm32f4xx.o


==============================================================================

Image component sizes


      Code (inc. data)   RO Data    RW Data    ZI Data      Debug   Object Name

       642         26         56          8          0       9377   action_math.o
      2468         36        144          0          0      16876   action_matrix.o
      2536        390         40        152        412      10854   buildexcel.o
        24          8          8          4          0       1200   customer.o
      6268        372        100        160       2108      15787   figureangle.o
      1904        100         32         28          0       4706   figurepos.o
       186         50         32          9       3200      10757   flash.o
      1664        176         88         12         24       7902   icm_20608_g.o
       184         14         16          4          0     249894   main.o
       140         24         16          0          0       1699   misc.o
       972         46         64          0          0      14005   spi.o
        64         26        392          0      17920        860   startup_stm32f4xx.o
       898         88         96          0          0      10669   stm32f4xx_flash.o
       222          0         16          0          0       3135   stm32f4xx_gpio.o
       656         92         48          9          0      10385   stm32f4xx_it.o
       392         48         16         16          0       5889   stm32f4xx_rcc.o
       200         12         32          0          0       4439   stm32f4xx_spi.o
       420         38         40          0          0       6632   stm32f4xx_tim.o
       522          8         64          0          0       7261   stm32f4xx_usart.o
       340         32         16          0          0       1557   system_stm32f4xx.o
       648         80         24         40          0      15304   temperature_control.o
       514         12         24          0          0       2433   timer.o
       608         16         44          0          0       4331   usart.o

    ----------------------------------------------------------------------
     22492       1694       1440        452      23664     415952   Object Totals
         0          0         32          0          0          0   (incl. Generated)
        20          0          0         10          0          0   (incl. Padding)

    ----------------------------------------------------------------------

      Code (inc. data)   RO Data    RW Data    ZI Data      Debug   Library Member Name

        90          0          0          0          0          0   __dczerorl2.o
         8          0          0          0          0         68   __main.o
       104          0          0          0          0         84   __printf.o
         0          0          0          0          0          0   __rtentry.o
        12          0          0          0          0          0   __rtentry2.o
         6          0          8          0          0          0   __rtentry4.o
        52          8          0          0          0          0   __scatter.o
        28          0          0          0          0          0   __scatter_zi.o
        48          6          0          0          0         96   _printf_char_common.o
         6          0          0          0          0          0   _printf_f.o
      1054          0          0          0          0        216   _printf_fp_dec.o
       128         16          0          0          0         84   _printf_fp_infnan.o
         0          0          0          0          0          0   _printf_percent.o
         4          0          0          0          0          0   _printf_percent_end.o
        22          0          0          0          0        100   _rserrno.o
        10          0          0          0          0         68   _sputc.o
        22          0          0          0          0         80   abort.o
       228          4        148          0          0         96   bigflt0.o
        80          0          8          0          0         88   bsearch.o
      1936        128          0          0          0        672   btod.o
        48         34          0          0          0         76   defsig_abrt_inner.o
        14          0          0          0          0         80   defsig_abrt_outer.o
        10          0          0          0          0         68   defsig_exit.o
        50          0          0          0          0         88   defsig_general.o
        80         58          0          0          0         76   defsig_rtmem_inner.o
        14          0          0          0          0         80   defsig_rtmem_outer.o
        18          0          0          0          0         80   exit.o
        94          0          0          0          0         80   h1_alloc.o
        52          0          0          0          0         68   h1_extend.o
        78          0          0          0          0         80   h1_free.o
        14          0          0          0          0         84   h1_init.o
         6          0          0          0          0        152   heapauxi.o
         4          0          0          0          0        136   hguard.o
         0          0          0          0          0          0   indicate_semi.o
       138          0          0          0          0        168   init_alloc.o
        44         10         28          0          0         76   lc_numeric_c.o
         2          0          0          0          0          0   libinit.o
        30          0          0          0          0          0   libinit2.o
         2          0          0          0          0          0   libshutdown.o
         2          0          0          0          0          0   libshutdown2.o
         8          4          0          0         96         68   libspace.o
       138          0          0          0          0         80   lludiv10.o
         0          0          0          0          0          0   maybetermalloc1.o
        40          6          0          0          0         84   noretval__2sprintf.o
         8          4          0          0          0         68   rt_eh_globals_addr_intlibspace.o
         8          4          0          0          0         68   rt_errno_addr_intlibspace.o
         8          4          0          0          0         68   rt_heap_descriptor_intlibspace.o
         8          4          0          0          0         68   rt_locale_intlibspace.o
        78          0          0          0          0         80   rt_memclr_w.o
       100          0          0          0          0         80   rt_memcpy_w.o
         8          4          0          0          0         68   rt_new_handler_addr_intlibspace.o
         2          0          0          0          0          0   rtexit.o
        10          0          0          0          0          0   rtexit2.o
       128          0          0          0          0         68   strcmpv7m.o
        12          4          0          0          0         68   sys_exit.o
        74          0          0          0          0         80   sys_stackheap_outer.o
        14          0          0          0          0         76   sys_wrch.o
         2          0          0          0          0         68   use_no_semi.o
        96         14          0          0          0         80   arm_exceptions_alloc.o
        48         10          8          0          0         80   arm_exceptions_bad_typeid.o
        72          0          0          0          0         80   arm_exceptions_begincatch.o
        56          0          8          0          0        108   arm_exceptions_callterm.o
       220          8         64          0          0         92   arm_exceptions_callunex.o
       156          0          0          0          0        176   arm_exceptions_cleanup.o
        74          0          8          0          0         92   arm_exceptions_endcatch.o
        66          0          8          0          0         80   arm_exceptions_foreign.o
        34          0          8          0          0         84   arm_exceptions_free.o
        80         12          0          0          0        104   arm_exceptions_globs.o
        60          0          0          0          0        108   arm_exceptions_mem.o
        82          0          8          0          0         80   arm_exceptions_rethrow.o
        44          6         20          0          0         92   arm_exceptions_support.o
        26          0          0          0          0         76   arm_exceptions_terminate.o
       440         20         70          0          0        240   arm_exceptions_throw.o
        30          0          8          0          0         92   arm_exceptions_unexpected.o
         8          0          8          0          0         76   array_del.o
         8          0         28          0          0         76   array_new.o
        16          4          0          0          0         76   bad_alloc_cctor.o
        16          4          0          0          0         76   bad_alloc_ctor.o
        22          0         45          0          0        156   bad_alloc_dtor.o
        16          4          0          0          0         76   bad_exception_cctor.o
        16          4          0          0          0         76   bad_exception_ctor.o
        22          0         50          0          0        156   bad_exception_dtor.o
        54          8         47          0          0        308   bad_typeid.o
         8          0          0          0          0         76   delete.o
        12          6          0          0          0         68   exception_cctor.o
        12          6          0          0          0         68   exception_ctor.o
         0          0         41          0          0          0   exception_dtor.o
         0          0        400          0          0          0   lib_rtti_impl.o
        40          6         28          0          0         76   new.o
        48         10          8          0          0         80   newhandler.o
      1238         42         64          0          0        704   rtti.o
         0          0         21          0          0          0   type_info_dtor.o
        32          0          0          0          0         80   type_info_eq.o
        32          0          0          0          0         80   type_info_ne.o
         4          0          0          0          0         68   unwind_activity.o
        14          0          8          0          0         68   unwind_delete.o
         6          0          0          0          0         68   unwind_pr0.o
         6          0          0          0          0         68   unwind_pr1.o
      1528          6          0          0          0        116   unwind_prcommon.o
      1096         34          0          0          0        484   unwinder.o
        24          0          0          0          0        164   basic.o
        98          4          0          0          0        140   d2f.o
       826         16          0          0          0        492   daddsub_clz.o
        16          4          0          0          0        116   dcheck1.o
        24          0          0          0          0        116   dcmpi.o
       688        140          0          0          0        256   ddiv.o
        94          4          0          0          0        140   dfix.o
        90          4          0          0          0        140   dfixu.o
        84          0          0          0          0        232   dflt_clz.o
       120          4          0          0          0        140   dleqf.o
       340         12          0          0          0        152   dmul.o
       156          4          0          0          0        140   dnaninf.o
        12          0          0          0          0        116   dretinf.o
       108          0          0          0          0        128   drleqf.o
       408         56          0          0          0        168   dsqrt_umaal.o
        86          4          0          0          0        132   f2d.o
       140          4          0          0          0        132   fnaninf.o
        10          0          0          0          0        116   fpinit.o
        10          0          0          0          0        116   fretinf.o
         4          0          0          0          0        116   printf1.o
       100          0          0          0          0        116   retnan.o
        92          0          0          0          0        116   scalbn.o
        48          0          0          0          0        116   trapv.o
         0          0          0          0          0          0   usenofp.o
       864         94         80          0          0        280   asin.o
       744        106        152          0          0        352   atan.o
       496         64          0          0          0        192   atan2.o
       200         20          0          0          0        164   cos.o
       368         46         48          0          0        200   cos_i.o
       184         44          0          0          0        744   dunder.o
        44          0          0          0          0        248   fabs.o
        48          0          0          0          0        124   fpclassify.o
        38          0          0          0          0        116   fpclassifyf.o
        74         24          0          0          0        580   funder.o
       248          0          0          0          0        152   poly.o
      3152        296        136          0          0        352   pow.o
      1636        110        320          0          0        372   powf.o
         0          0          8          0          0          0   qnan.o
      1080        142        200          0          0        188   rred.o
       200         20          0          0          0        164   sin.o
       304         24         40          0          0        208   sin_i.o
       232          0          0          0          0        296   sqrt.o

    ----------------------------------------------------------------------
     24568       1756       2144          0        100      17312   Library Totals
        56          8         10          0          4          0   (incl. Padding)

    ----------------------------------------------------------------------

      Code (inc. data)   RO Data    RW Data    ZI Data      Debug   Library Name

      5184        298        192          0         96       4136   c_w.l
      5838        204        958          0          0       4844   cpprt_w.l
      3578        256          0          0          0       3600   fz_wm.l
      9912        990        984          0          0       4732   m_wm.l

    ----------------------------------------------------------------------
     24568       1756       2144          0        100      17312   Library Totals

    ----------------------------------------------------------------------

==============================================================================


      Code (inc. data)   RO Data    RW Data    ZI Data      Debug   

     47060       3450       3584        452      23764     407364   Grand Totals
     47060       3450       3584         84      23764     407364   ELF Image Totals (compressed)
     47060       3450       3584         84          0          0   ROM Totals

==============================================================================

    Total RO  Size (Code + RO Data)                50644 (  49.46kB)
    Total RW  Size (RW Data + ZI Data)             24216 (  23.65kB)
    Total ROM Size (Code + RO Data + RW Data)      50728 (  49.54kB)

==============================================================================

