<html>
<body>
<pre>
<h1>µVision Build Log</h1>
<h2>Tool Versions:</h2>
IDE-Version: ¦ÌVision V5.21.1.0
Copyright (C) 2016 ARM Ltd and ARM Germany GmbH. All rights reserved.
License Information: summer Windows, HP Inc., LIC=GMZ9U-S1SUN-0NEAM-XAG6E-FK8DL-V8BC9
 
Tool Versions:
Toolchain:       MDK-ARM Plus  Version: 5.21a
Toolchain Path:  C:\Keil_v5\ARM\ARMCC\Bin
C Compiler:      Armcc.exe V5.06 update 3 (build 300)
Assembler:       Armasm.exe V5.06 update 3 (build 300)
Linker/Locator:  ArmLink.exe V5.06 update 3 (build 300)
Library Manager: ArmAr.exe V5.06 update 3 (build 300)
Hex Converter:   FromElf.exe V5.06 update 3 (build 300)
CPU DLL:         SARMCM3.DLL V5.21a
Dialog DLL:      DCM.DLL V1.13.8.0
Target DLL:      Segger\JL2CM3.dll V2.99.23.0
Dialog DLL:      TCM.DLL V1.14.14.0
 
<h2>Project:</h2>
F:\grow\git\new-posys\no-gyr\software\MDK-ARM\demo.uvprojx
Project File Date:  11/28/2017

<h2>Output:</h2>
*** Using Compiler 'V5.06 update 3 (build 300)', folder: 'C:\Keil_v5\ARM\ARMCC\Bin'
Build target 'ACTION'
compiling calculate.c...
..\Action_User\calculate.c(50): warning:  #1035-D: single-precision operand implicitly converted to double-precision
  	USART_OUT_F(gRobot2_123[2]/
I*180.0);
..\Action_User\calculate.c(51): warning:  #1035-D: single-precision operand implicitly converted to double-precision
  	USART_OUT_F(gRobo2_124[2]/
I*180.0);
..\Action_User\calculate.c(32): warning:  #177-D: variable "gRobot_123" was declared but never referenced
  static float gRobot_123[3]={0.f,0.f,0.f};
..\Action_User\calculate.c(33): warning:  #177-D: variable "gRobot_124" was declared but never referenced
  static float gRobot_124[3]={0.f,0.f,0.f};
..\Action_User\calculate.c: 4 warnings, 0 errors
linking...
Program Size: Code=12368 RO-data=2760 RW-data=44 ZI-data=18244  
FromELF: creating hex file...
".\SZW_STM32F407\demo.axf" - 0 Error(s), 4 Warning(s).

<h2>Collection of Component include folders:</h2>
  F:\grow\git\new-posys\no-gyr\software\MDK-ARM\RTE
  C:\Keil_v5\ARM\PACK\Keil\STM32F4xx_DFP\1.0.8\Device\Include

<h2>Collection of Component Files used:</h2>
Build Time Elapsed:  00:00:01
</pre>
</body>
</html>
