<html>
<body>
<pre>
<h1>µVision Build Log</h1>
<h2>Tool Versions:</h2>
IDE-Version: ¦ÌVision V5.14.0.0
Copyright (C) 2015 ARM Ltd and ARM Germany GmbH. All rights reserved.
License Information: 123 Windows, HP Inc., LIC=ZB4HL-0UGQ3-30BNC-77U3B-DSA4R-Q9YXR
 
Tool Versions:
Toolchain:       MDK-ARM Standard  Version: 5.14.0.0
Toolchain Path:  D:\Keil_v5\ARM\ARMCC\Bin
C Compiler:      Armcc.exe V5.05 update 1 (build 106)
Assembler:       Armasm.exe V5.05 update 1 (build 106)
Linker/Locator:  ArmLink.exe V5.05 update 1 (build 106)
Library Manager: ArmAr.exe V5.05 update 1 (build 106)
Hex Converter:   FromElf.exe V5.05 update 1 (build 106)
CPU DLL:         SARMCM3.DLL V5.14.0.0
Dialog DLL:      DCM.DLL V1.13.1.0
Target DLL:      Segger\JL2CM3.dll V2.99.13.0
Dialog DLL:      TCM.DLL V1.14.4.0
 
<h2>Project:</h2>
F:\grow\git\new-posys\no-gyr\software\MDK-ARM\demo.uvprojx
Project File Date:  09/16/2017

<h2>Output:</h2>
Build target 'ACTION'
compiling main.c...
..\Action_User\main.c(31): warning:  #550-D: variable "CPUUsage" was set but never used
  static uint8_t CPUUsage=0;
..\Action_User\main.c: 1 warning, 0 errors
compiling stm32f4xx_it.c...
compiling calculate.c...
..\Action_User\calculate.c(251): warning:  #1035-D: single-precision operand implicitly converted to double-precision
                                        USART_OUT_F(gRobot[2]/3.141592*180.f);
..\Action_User\calculate.c(263): warning:  #1035-D: single-precision operand implicitly converted to double-precision
                                        USART_OUT_F(gRobot2[2]/3.141592*180.f);
..\Action_User\calculate.c: 2 warnings, 0 errors
compiling spi.c...
linking...
Program Size: Code=14696 RO-data=2688 RW-data=48 ZI-data=18144  
FromELF: creating hex file...
".\SZW_STM32F407\demo.axf" - 0 Error(s), 3 Warning(s).

<h2>Collection of Component include folders:</h2>
  F:\grow\git\new-posys\no-gyr\software\MDK-ARM\RTE
  D:\Keil_v5\ARM\PACK\Keil\STM32F4xx_DFP\2.11.0

<h2>Collection of Component Files used:</h2>
</pre>
</body>
</html>
